Component: ARM Compiler 5.06 update 6 (build 750) Tool: armlink [4d35ed]

==============================================================================

Section Cross References

    at32f435_437_clock.o(i.system_clock_config) refers to at32f435_437_crm.o(i.crm_periph_clock_enable) for crm_periph_clock_enable
    at32f435_437_clock.o(i.system_clock_config) refers to at32f435_437_crm.o(i.crm_reset) for crm_reset
    at32f435_437_clock.o(i.system_clock_config) refers to at32f435_437_crm.o(i.crm_clock_source_enable) for crm_clock_source_enable
    at32f435_437_clock.o(i.system_clock_config) refers to at32f435_437_crm.o(i.crm_hext_stable_wait) for crm_hext_stable_wait
    at32f435_437_clock.o(i.system_clock_config) refers to at32f435_437_crm.o(i.crm_pll_config) for crm_pll_config
    at32f435_437_clock.o(i.system_clock_config) refers to at32f435_437_crm.o(i.crm_flag_get) for crm_flag_get
    at32f435_437_clock.o(i.system_clock_config) refers to at32f435_437_crm.o(i.crm_ahb_div_set) for crm_ahb_div_set
    at32f435_437_clock.o(i.system_clock_config) refers to at32f435_437_crm.o(i.crm_apb2_div_set) for crm_apb2_div_set
    at32f435_437_clock.o(i.system_clock_config) refers to at32f435_437_crm.o(i.crm_apb1_div_set) for crm_apb1_div_set
    at32f435_437_clock.o(i.system_clock_config) refers to at32f435_437_crm.o(i.crm_auto_step_mode_enable) for crm_auto_step_mode_enable
    at32f435_437_clock.o(i.system_clock_config) refers to at32f435_437_crm.o(i.crm_sysclk_switch) for crm_sysclk_switch
    at32f435_437_clock.o(i.system_clock_config) refers to at32f435_437_crm.o(i.crm_sysclk_switch_status_get) for crm_sysclk_switch_status_get
    at32f435_437_clock.o(i.system_clock_config) refers to system_at32f435_437.o(i.system_core_clock_update) for system_core_clock_update
    main.o(i.main) refers to at32f435_437_clock.o(i.system_clock_config) for system_clock_config
    main.o(i.main) refers to at32f435_437_board.o(i.at32_board_init) for at32_board_init
    main.o(i.main) refers to at32f435_437_board.o(i.at32_led_toggle) for at32_led_toggle
    main.o(i.main) refers to at32f435_437_board.o(i.delay_ms) for delay_ms
    at32f435_437_board.o(.rev16_text) refers (Special) to use_no_semi_2.o(.text) for __use_no_semihosting
    at32f435_437_board.o(.revsh_text) refers (Special) to use_no_semi_2.o(.text) for __use_no_semihosting
    at32f435_437_board.o(.rrx_text) refers (Special) to use_no_semi_2.o(.text) for __use_no_semihosting
    at32f435_437_board.o(i._sys_exit) refers (Special) to use_no_semi_2.o(.text) for __use_no_semihosting
    at32f435_437_board.o(i._ttywrch) refers (Special) to use_no_semi_2.o(.text) for __use_no_semihosting
    at32f435_437_board.o(i.at32_board_init) refers (Special) to use_no_semi_2.o(.text) for __use_no_semihosting
    at32f435_437_board.o(i.at32_board_init) refers to at32f435_437_board.o(i.delay_init) for delay_init
    at32f435_437_board.o(i.at32_board_init) refers to at32f435_437_board.o(i.at32_led_init) for at32_led_init
    at32f435_437_board.o(i.at32_board_init) refers to at32f435_437_board.o(i.at32_led_off) for at32_led_off
    at32f435_437_board.o(i.at32_board_init) refers to at32f435_437_board.o(i.at32_button_init) for at32_button_init
    at32f435_437_board.o(i.at32_button_init) refers (Special) to use_no_semi_2.o(.text) for __use_no_semihosting
    at32f435_437_board.o(i.at32_button_init) refers to at32f435_437_crm.o(i.crm_periph_clock_enable) for crm_periph_clock_enable
    at32f435_437_board.o(i.at32_button_init) refers to at32f435_437_gpio.o(i.gpio_default_para_init) for gpio_default_para_init
    at32f435_437_board.o(i.at32_button_init) refers to at32f435_437_gpio.o(i.gpio_init) for gpio_init
    at32f435_437_board.o(i.at32_button_press) refers (Special) to use_no_semi_2.o(.text) for __use_no_semihosting
    at32f435_437_board.o(i.at32_button_press) refers to at32f435_437_board.o(i.at32_button_state) for at32_button_state
    at32f435_437_board.o(i.at32_button_press) refers to at32f435_437_board.o(i.delay_ms) for delay_ms
    at32f435_437_board.o(i.at32_button_press) refers to at32f435_437_board.o(.data) for pressed
    at32f435_437_board.o(i.at32_button_state) refers (Special) to use_no_semi_2.o(.text) for __use_no_semihosting
    at32f435_437_board.o(i.at32_button_state) refers to at32f435_437_gpio.o(i.gpio_input_data_bit_read) for gpio_input_data_bit_read
    at32f435_437_board.o(i.at32_led_init) refers (Special) to use_no_semi_2.o(.text) for __use_no_semihosting
    at32f435_437_board.o(i.at32_led_init) refers to at32f435_437_crm.o(i.crm_periph_clock_enable) for crm_periph_clock_enable
    at32f435_437_board.o(i.at32_led_init) refers to at32f435_437_gpio.o(i.gpio_default_para_init) for gpio_default_para_init
    at32f435_437_board.o(i.at32_led_init) refers to at32f435_437_gpio.o(i.gpio_init) for gpio_init
    at32f435_437_board.o(i.at32_led_init) refers to at32f435_437_board.o(.data) for led_gpio_crm_clk
    at32f435_437_board.o(i.at32_led_off) refers (Special) to use_no_semi_2.o(.text) for __use_no_semihosting
    at32f435_437_board.o(i.at32_led_off) refers to at32f435_437_board.o(.data) for led_gpio_pin
    at32f435_437_board.o(i.at32_led_on) refers (Special) to use_no_semi_2.o(.text) for __use_no_semihosting
    at32f435_437_board.o(i.at32_led_on) refers to at32f435_437_board.o(.data) for led_gpio_pin
    at32f435_437_board.o(i.at32_led_toggle) refers (Special) to use_no_semi_2.o(.text) for __use_no_semihosting
    at32f435_437_board.o(i.at32_led_toggle) refers to at32f435_437_board.o(.data) for led_gpio_pin
    at32f435_437_board.o(i.delay_init) refers (Special) to use_no_semi_2.o(.text) for __use_no_semihosting
    at32f435_437_board.o(i.delay_init) refers to at32f435_437_misc.o(i.systick_clock_source_config) for systick_clock_source_config
    at32f435_437_board.o(i.delay_init) refers to system_at32f435_437.o(.data) for system_core_clock
    at32f435_437_board.o(i.delay_init) refers to at32f435_437_board.o(.data) for fac_us
    at32f435_437_board.o(i.delay_ms) refers (Special) to use_no_semi_2.o(.text) for __use_no_semihosting
    at32f435_437_board.o(i.delay_ms) refers to at32f435_437_board.o(.data) for fac_ms
    at32f435_437_board.o(i.delay_sec) refers (Special) to use_no_semi_2.o(.text) for __use_no_semihosting
    at32f435_437_board.o(i.delay_sec) refers to at32f435_437_board.o(i.delay_ms) for delay_ms
    at32f435_437_board.o(i.delay_us) refers (Special) to use_no_semi_2.o(.text) for __use_no_semihosting
    at32f435_437_board.o(i.delay_us) refers to at32f435_437_board.o(.data) for fac_us
    at32f435_437_board.o(i.fputc) refers (Special) to use_no_semi_2.o(.text) for __use_no_semihosting
    at32f435_437_board.o(i.fputc) refers to at32f435_437_usart.o(i.usart_flag_get) for usart_flag_get
    at32f435_437_board.o(i.fputc) refers to at32f435_437_usart.o(i.usart_data_transmit) for usart_data_transmit
    at32f435_437_board.o(i.uart_print_init) refers (Special) to use_no_semi_2.o(.text) for __use_no_semihosting
    at32f435_437_board.o(i.uart_print_init) refers to at32f435_437_crm.o(i.crm_periph_clock_enable) for crm_periph_clock_enable
    at32f435_437_board.o(i.uart_print_init) refers to at32f435_437_gpio.o(i.gpio_default_para_init) for gpio_default_para_init
    at32f435_437_board.o(i.uart_print_init) refers to at32f435_437_gpio.o(i.gpio_init) for gpio_init
    at32f435_437_board.o(i.uart_print_init) refers to at32f435_437_gpio.o(i.gpio_pin_mux_config) for gpio_pin_mux_config
    at32f435_437_board.o(i.uart_print_init) refers to at32f435_437_usart.o(i.usart_init) for usart_init
    at32f435_437_board.o(i.uart_print_init) refers to at32f435_437_usart.o(i.usart_transmitter_enable) for usart_transmitter_enable
    at32f435_437_board.o(i.uart_print_init) refers to at32f435_437_usart.o(i.usart_enable) for usart_enable
    at32f435_437_board.o(.data) refers (Special) to use_no_semi_2.o(.text) for __use_no_semihosting
    at32f435_437_gpio.o(i.gpio_reset) refers to at32f435_437_crm.o(i.crm_periph_reset) for crm_periph_reset
    at32f435_437_crm.o(i.crm_clocks_freq_get) refers to at32f435_437_crm.o(i.crm_sysclk_switch_status_get) for crm_sysclk_switch_status_get
    at32f435_437_crm.o(i.crm_clocks_freq_get) refers to lludivv7m.o(.text) for __aeabi_uldivmod
    at32f435_437_crm.o(i.crm_clocks_freq_get) refers to at32f435_437_crm.o(.constdata) for pll_fr_table
    at32f435_437_crm.o(i.crm_hext_stable_wait) refers to at32f435_437_crm.o(i.crm_flag_get) for crm_flag_get
    at32f435_437_crm.o(i.crm_hick_sclk_frequency_select) refers to at32f435_437_crm.o(i.crm_hick_divider_select) for crm_hick_divider_select
    at32f435_437_crm.o(i.crm_usb_clock_source_select) refers to at32f435_437_crm.o(i.crm_hick_sclk_frequency_select) for crm_hick_sclk_frequency_select
    at32f435_437_usart.o(i.usart_init) refers to at32f435_437_crm.o(i.crm_clocks_freq_get) for crm_clocks_freq_get
    at32f435_437_usart.o(i.usart_reset) refers to at32f435_437_crm.o(i.crm_periph_reset) for crm_periph_reset
    system_at32f435_437.o(i.system_core_clock_update) refers to at32f435_437_crm.o(i.crm_sysclk_switch_status_get) for crm_sysclk_switch_status_get
    system_at32f435_437.o(i.system_core_clock_update) refers to lludivv7m.o(.text) for __aeabi_uldivmod
    system_at32f435_437.o(i.system_core_clock_update) refers to system_at32f435_437.o(.data) for system_core_clock
    system_at32f435_437.o(i.system_core_clock_update) refers to system_at32f435_437.o(.constdata) for pll_fr_table
    startup_at32f435_437.o(STACK) refers (Special) to heapauxi.o(.text) for __use_two_region_memory
    startup_at32f435_437.o(HEAP) refers (Special) to heapauxi.o(.text) for __use_two_region_memory
    startup_at32f435_437.o(RESET) refers (Special) to heapauxi.o(.text) for __use_two_region_memory
    startup_at32f435_437.o(RESET) refers to startup_at32f435_437.o(STACK) for __initial_sp
    startup_at32f435_437.o(RESET) refers to startup_at32f435_437.o(.text) for Reset_Handler
    startup_at32f435_437.o(RESET) refers to at32f435_437_int.o(i.NMI_Handler) for NMI_Handler
    startup_at32f435_437.o(RESET) refers to at32f435_437_int.o(i.HardFault_Handler) for HardFault_Handler
    startup_at32f435_437.o(RESET) refers to at32f435_437_int.o(i.MemManage_Handler) for MemManage_Handler
    startup_at32f435_437.o(RESET) refers to at32f435_437_int.o(i.BusFault_Handler) for BusFault_Handler
    startup_at32f435_437.o(RESET) refers to at32f435_437_int.o(i.UsageFault_Handler) for UsageFault_Handler
    startup_at32f435_437.o(RESET) refers to at32f435_437_int.o(i.SVC_Handler) for SVC_Handler
    startup_at32f435_437.o(RESET) refers to at32f435_437_int.o(i.DebugMon_Handler) for DebugMon_Handler
    startup_at32f435_437.o(RESET) refers to at32f435_437_int.o(i.PendSV_Handler) for PendSV_Handler
    startup_at32f435_437.o(RESET) refers to at32f435_437_int.o(i.SysTick_Handler) for SysTick_Handler
    startup_at32f435_437.o(.text) refers (Special) to heapauxi.o(.text) for __use_two_region_memory
    startup_at32f435_437.o(.text) refers to system_at32f435_437.o(i.SystemInit) for SystemInit
    startup_at32f435_437.o(.text) refers to __main.o(!!!main) for __main
    startup_at32f435_437.o(.text) refers to startup_at32f435_437.o(HEAP) for Heap_Mem
    startup_at32f435_437.o(.text) refers to startup_at32f435_437.o(STACK) for Stack_Mem
    use_no_semi_2.o(.text) refers (Special) to use_no_semi.o(.text) for __use_no_semihosting_swi
    __main.o(!!!main) refers to __rtentry.o(.ARM.Collect$$rtentry$$00000000) for __rt_entry
    __rtentry.o(.ARM.Collect$$rtentry$$00000000) refers (Special) to __rtentry2.o(.ARM.Collect$$rtentry$$0000000A) for __rt_entry_li
    __rtentry.o(.ARM.Collect$$rtentry$$00000000) refers (Special) to __rtentry2.o(.ARM.Collect$$rtentry$$0000000D) for __rt_entry_main
    __rtentry.o(.ARM.Collect$$rtentry$$00000000) refers (Special) to __rtentry2.o(.ARM.Collect$$rtentry$$0000000C) for __rt_entry_postli_1
    __rtentry.o(.ARM.Collect$$rtentry$$00000000) refers (Special) to __rtentry2.o(.ARM.Collect$$rtentry$$00000009) for __rt_entry_postsh_1
    __rtentry.o(.ARM.Collect$$rtentry$$00000000) refers (Special) to __rtentry2.o(.ARM.Collect$$rtentry$$00000002) for __rt_entry_presh_1
    __rtentry.o(.ARM.Collect$$rtentry$$00000000) refers (Special) to __rtentry4.o(.ARM.Collect$$rtentry$$00000004) for __rt_entry_sh
    aeabi_ldiv0_sigfpe.o(.text) refers to rt_div0.o(.text) for __rt_div0
    __rtentry2.o(.ARM.Collect$$rtentry$$00000008) refers to boardinit2.o(.text) for _platform_post_stackheap_init
    __rtentry2.o(.ARM.Collect$$rtentry$$0000000A) refers to libinit.o(.ARM.Collect$$libinit$$00000000) for __rt_lib_init
    __rtentry2.o(.ARM.Collect$$rtentry$$0000000B) refers to boardinit3.o(.text) for _platform_post_lib_init
    __rtentry2.o(.ARM.Collect$$rtentry$$0000000D) refers to main.o(i.main) for main
    __rtentry2.o(.ARM.Collect$$rtentry$$0000000D) refers to exit.o(.text) for exit
    __rtentry2.o(.ARM.exidx) refers to __rtentry2.o(.ARM.Collect$$rtentry$$00000001) for .ARM.Collect$$rtentry$$00000001
    __rtentry2.o(.ARM.exidx) refers to __rtentry2.o(.ARM.Collect$$rtentry$$00000008) for .ARM.Collect$$rtentry$$00000008
    __rtentry2.o(.ARM.exidx) refers to __rtentry2.o(.ARM.Collect$$rtentry$$0000000A) for .ARM.Collect$$rtentry$$0000000A
    __rtentry2.o(.ARM.exidx) refers to __rtentry2.o(.ARM.Collect$$rtentry$$0000000B) for .ARM.Collect$$rtentry$$0000000B
    __rtentry2.o(.ARM.exidx) refers to __rtentry2.o(.ARM.Collect$$rtentry$$0000000D) for .ARM.Collect$$rtentry$$0000000D
    __rtentry4.o(.ARM.Collect$$rtentry$$00000004) refers to sys_stackheap_outer.o(.text) for __user_setup_stackheap
    __rtentry4.o(.ARM.exidx) refers to __rtentry4.o(.ARM.Collect$$rtentry$$00000004) for .ARM.Collect$$rtentry$$00000004
    rt_div0.o(.text) refers to defsig_fpe_outer.o(.text) for __rt_SIGFPE
    sys_stackheap_outer.o(.text) refers to libspace.o(.text) for __user_perproc_libspace
    sys_stackheap_outer.o(.text) refers to startup_at32f435_437.o(.text) for __user_initial_stackheap
    exit.o(.text) refers to rtexit.o(.ARM.Collect$$rtexit$$00000000) for __rt_exit
    defsig_fpe_outer.o(.text) refers to defsig_fpe_inner.o(.text) for __rt_SIGFPE_inner
    defsig_fpe_outer.o(.text) refers to defsig_exit.o(.text) for __sig_exit
    defsig_fpe_formal.o(.text) refers to rt_raise.o(.text) for __rt_raise
    libinit.o(.ARM.Collect$$libinit$$00000000) refers (Special) to libinit2.o(.ARM.Collect$$libinit$$0000002E) for __rt_lib_init_alloca_1
    libinit.o(.ARM.Collect$$libinit$$00000000) refers (Special) to libinit2.o(.ARM.Collect$$libinit$$0000002C) for __rt_lib_init_argv_1
    libinit.o(.ARM.Collect$$libinit$$00000000) refers (Special) to libinit2.o(.ARM.Collect$$libinit$$0000001B) for __rt_lib_init_atexit_1
    libinit.o(.ARM.Collect$$libinit$$00000000) refers (Special) to libinit2.o(.ARM.Collect$$libinit$$00000021) for __rt_lib_init_clock_1
    libinit.o(.ARM.Collect$$libinit$$00000000) refers (Special) to libinit2.o(.ARM.Collect$$libinit$$00000032) for __rt_lib_init_cpp_1
    libinit.o(.ARM.Collect$$libinit$$00000000) refers (Special) to libinit2.o(.ARM.Collect$$libinit$$00000030) for __rt_lib_init_exceptions_1
    libinit.o(.ARM.Collect$$libinit$$00000000) refers (Special) to libinit2.o(.ARM.Collect$$libinit$$00000001) for __rt_lib_init_fp_1
    libinit.o(.ARM.Collect$$libinit$$00000000) refers (Special) to libinit2.o(.ARM.Collect$$libinit$$0000001F) for __rt_lib_init_fp_trap_1
    libinit.o(.ARM.Collect$$libinit$$00000000) refers (Special) to libinit2.o(.ARM.Collect$$libinit$$00000023) for __rt_lib_init_getenv_1
    libinit.o(.ARM.Collect$$libinit$$00000000) refers (Special) to libinit2.o(.ARM.Collect$$libinit$$0000000A) for __rt_lib_init_heap_1
    libinit.o(.ARM.Collect$$libinit$$00000000) refers (Special) to libinit2.o(.ARM.Collect$$libinit$$00000011) for __rt_lib_init_lc_collate_1
    libinit.o(.ARM.Collect$$libinit$$00000000) refers (Special) to libinit2.o(.ARM.Collect$$libinit$$00000013) for __rt_lib_init_lc_ctype_1
    libinit.o(.ARM.Collect$$libinit$$00000000) refers (Special) to libinit2.o(.ARM.Collect$$libinit$$00000015) for __rt_lib_init_lc_monetary_1
    libinit.o(.ARM.Collect$$libinit$$00000000) refers (Special) to libinit2.o(.ARM.Collect$$libinit$$00000017) for __rt_lib_init_lc_numeric_1
    libinit.o(.ARM.Collect$$libinit$$00000000) refers (Special) to libinit2.o(.ARM.Collect$$libinit$$00000019) for __rt_lib_init_lc_time_1
    libinit.o(.ARM.Collect$$libinit$$00000000) refers (Special) to libinit2.o(.ARM.Collect$$libinit$$00000004) for __rt_lib_init_preinit_1
    libinit.o(.ARM.Collect$$libinit$$00000000) refers (Special) to libinit2.o(.ARM.Collect$$libinit$$0000000E) for __rt_lib_init_rand_1
    libinit.o(.ARM.Collect$$libinit$$00000000) refers (Special) to libinit2.o(.ARM.Collect$$libinit$$00000033) for __rt_lib_init_return
    libinit.o(.ARM.Collect$$libinit$$00000000) refers (Special) to libinit2.o(.ARM.Collect$$libinit$$0000001D) for __rt_lib_init_signal_1
    libinit.o(.ARM.Collect$$libinit$$00000000) refers (Special) to libinit2.o(.ARM.Collect$$libinit$$00000025) for __rt_lib_init_stdio_1
    libinit.o(.ARM.Collect$$libinit$$00000000) refers (Special) to libinit2.o(.ARM.Collect$$libinit$$0000000C) for __rt_lib_init_user_alloc_1
    libspace.o(.text) refers to libspace.o(.bss) for __libspace_start
    rtexit.o(.ARM.Collect$$rtexit$$00000000) refers (Special) to rtexit2.o(.ARM.Collect$$rtexit$$00000004) for __rt_exit_exit
    rtexit.o(.ARM.Collect$$rtexit$$00000000) refers (Special) to rtexit2.o(.ARM.Collect$$rtexit$$00000003) for __rt_exit_ls
    rtexit.o(.ARM.Collect$$rtexit$$00000000) refers (Special) to rtexit2.o(.ARM.Collect$$rtexit$$00000002) for __rt_exit_prels_1
    rtexit.o(.ARM.exidx) refers (Special) to rtexit2.o(.ARM.Collect$$rtexit$$00000004) for __rt_exit_exit
    rtexit.o(.ARM.exidx) refers (Special) to rtexit2.o(.ARM.Collect$$rtexit$$00000003) for __rt_exit_ls
    rtexit.o(.ARM.exidx) refers (Special) to rtexit2.o(.ARM.Collect$$rtexit$$00000002) for __rt_exit_prels_1
    rtexit.o(.ARM.exidx) refers to rtexit.o(.ARM.Collect$$rtexit$$00000000) for .ARM.Collect$$rtexit$$00000000
    rt_raise.o(.text) refers to __raise.o(.text) for __raise
    rt_raise.o(.text) refers to at32f435_437_board.o(i._sys_exit) for _sys_exit
    defsig_exit.o(.text) refers to at32f435_437_board.o(i._sys_exit) for _sys_exit
    defsig_fpe_inner.o(.text) refers to defsig_general.o(.text) for __default_signal_display
    libinit2.o(.ARM.Collect$$libinit$$00000001) refers to fpinit.o(x$fpl$fpinit) for _fp_init
    libinit2.o(.ARM.Collect$$libinit$$00000010) refers to libinit2.o(.ARM.Collect$$libinit$$0000000F) for .ARM.Collect$$libinit$$0000000F
    libinit2.o(.ARM.Collect$$libinit$$00000012) refers to libinit2.o(.ARM.Collect$$libinit$$0000000F) for .ARM.Collect$$libinit$$0000000F
    libinit2.o(.ARM.Collect$$libinit$$00000014) refers to libinit2.o(.ARM.Collect$$libinit$$0000000F) for .ARM.Collect$$libinit$$0000000F
    libinit2.o(.ARM.Collect$$libinit$$00000016) refers to libinit2.o(.ARM.Collect$$libinit$$0000000F) for .ARM.Collect$$libinit$$0000000F
    libinit2.o(.ARM.Collect$$libinit$$00000018) refers to libinit2.o(.ARM.Collect$$libinit$$0000000F) for .ARM.Collect$$libinit$$0000000F
    libinit2.o(.ARM.Collect$$libinit$$00000026) refers to argv_veneer.o(.emb_text) for __ARM_argv_veneer
    libinit2.o(.ARM.Collect$$libinit$$00000027) refers to argv_veneer.o(.emb_text) for __ARM_argv_veneer
    rtexit2.o(.ARM.Collect$$rtexit$$00000003) refers to libshutdown.o(.ARM.Collect$$libshutdown$$00000000) for __rt_lib_shutdown
    rtexit2.o(.ARM.Collect$$rtexit$$00000004) refers to at32f435_437_board.o(i._sys_exit) for _sys_exit
    rtexit2.o(.ARM.exidx) refers to rtexit2.o(.ARM.Collect$$rtexit$$00000001) for .ARM.Collect$$rtexit$$00000001
    rtexit2.o(.ARM.exidx) refers to rtexit2.o(.ARM.Collect$$rtexit$$00000003) for .ARM.Collect$$rtexit$$00000003
    rtexit2.o(.ARM.exidx) refers to rtexit2.o(.ARM.Collect$$rtexit$$00000004) for .ARM.Collect$$rtexit$$00000004
    __raise.o(.text) refers to defsig.o(CL$$defsig) for __default_signal_handler
    defsig_general.o(.text) refers to at32f435_437_board.o(i._ttywrch) for _ttywrch
    argv_veneer.o(.emb_text) refers to no_argv.o(.text) for __ARM_get_argv
    defsig.o(CL$$defsig) refers to defsig_fpe_inner.o(.text) for __rt_SIGFPE_inner
    defsig.o(CL$$defsig) refers to defsig_rtmem_inner.o(.text) for __rt_SIGRTMEM_inner
    _get_argv_nomalloc.o(.text) refers (Special) to hrguard.o(.text) for __heap_region$guard
    _get_argv_nomalloc.o(.text) refers to defsig_rtmem_outer.o(.text) for __rt_SIGRTMEM
    _get_argv_nomalloc.o(.text) refers to sys_command.o(.text) for _sys_command_string
    libshutdown.o(.ARM.Collect$$libshutdown$$00000000) refers (Special) to libshutdown2.o(.ARM.Collect$$libshutdown$$00000002) for __rt_lib_shutdown_cpp_1
    libshutdown.o(.ARM.Collect$$libshutdown$$00000000) refers (Special) to libshutdown2.o(.ARM.Collect$$libshutdown$$00000007) for __rt_lib_shutdown_fp_trap_1
    libshutdown.o(.ARM.Collect$$libshutdown$$00000000) refers (Special) to libshutdown2.o(.ARM.Collect$$libshutdown$$0000000F) for __rt_lib_shutdown_heap_1
    libshutdown.o(.ARM.Collect$$libshutdown$$00000000) refers (Special) to libshutdown2.o(.ARM.Collect$$libshutdown$$00000010) for __rt_lib_shutdown_return
    libshutdown.o(.ARM.Collect$$libshutdown$$00000000) refers (Special) to libshutdown2.o(.ARM.Collect$$libshutdown$$0000000A) for __rt_lib_shutdown_signal_1
    libshutdown.o(.ARM.Collect$$libshutdown$$00000000) refers (Special) to libshutdown2.o(.ARM.Collect$$libshutdown$$00000004) for __rt_lib_shutdown_stdio_1
    libshutdown.o(.ARM.Collect$$libshutdown$$00000000) refers (Special) to libshutdown2.o(.ARM.Collect$$libshutdown$$0000000C) for __rt_lib_shutdown_user_alloc_1
    sys_command.o(.text) refers (Special) to use_no_semi.o(.text) for __I$use$semihosting
    sys_command.o(.text) refers (Special) to indicate_semi.o(.text) for __semihosting_library_function
    defsig_abrt_inner.o(.text) refers to defsig_general.o(.text) for __default_signal_display
    defsig_rtred_inner.o(.text) refers to defsig_general.o(.text) for __default_signal_display
    defsig_rtmem_inner.o(.text) refers to defsig_general.o(.text) for __default_signal_display
    defsig_rtmem_outer.o(.text) refers to defsig_rtmem_inner.o(.text) for __rt_SIGRTMEM_inner
    defsig_rtmem_outer.o(.text) refers to defsig_exit.o(.text) for __sig_exit
    defsig_rtmem_formal.o(.text) refers to rt_raise.o(.text) for __rt_raise
    defsig_stak_inner.o(.text) refers to defsig_general.o(.text) for __default_signal_display
    defsig_pvfn_inner.o(.text) refers to defsig_general.o(.text) for __default_signal_display
    defsig_cppl_inner.o(.text) refers to defsig_general.o(.text) for __default_signal_display
    defsig_segv_inner.o(.text) refers to defsig_general.o(.text) for __default_signal_display
    defsig_other.o(.text) refers to defsig_general.o(.text) for __default_signal_display


==============================================================================

Removing Unused input sections from the image.

    Removing at32f435_437_clock.o(.rev16_text), (4 bytes).
    Removing at32f435_437_clock.o(.revsh_text), (4 bytes).
    Removing at32f435_437_clock.o(.rrx_text), (6 bytes).
    Removing at32f435_437_int.o(.rev16_text), (4 bytes).
    Removing at32f435_437_int.o(.revsh_text), (4 bytes).
    Removing at32f435_437_int.o(.rrx_text), (6 bytes).
    Removing main.o(.rev16_text), (4 bytes).
    Removing main.o(.revsh_text), (4 bytes).
    Removing main.o(.rrx_text), (6 bytes).
    Removing at32f435_437_board.o(.rev16_text), (4 bytes).
    Removing at32f435_437_board.o(.revsh_text), (4 bytes).
    Removing at32f435_437_board.o(.rrx_text), (6 bytes).
    Removing at32f435_437_board.o(i._ttywrch), (4 bytes).
    Removing at32f435_437_board.o(i.at32_button_press), (60 bytes).
    Removing at32f435_437_board.o(i.at32_button_state), (16 bytes).
    Removing at32f435_437_board.o(i.at32_led_on), (40 bytes).
    Removing at32f435_437_board.o(i.delay_sec), (34 bytes).
    Removing at32f435_437_board.o(i.delay_us), (80 bytes).
    Removing at32f435_437_board.o(i.fputc), (36 bytes).
    Removing at32f435_437_board.o(i.uart_print_init), (116 bytes).
    Removing at32f435_437_gpio.o(.rev16_text), (4 bytes).
    Removing at32f435_437_gpio.o(.revsh_text), (4 bytes).
    Removing at32f435_437_gpio.o(.rrx_text), (6 bytes).
    Removing at32f435_437_gpio.o(i.gpio_bits_reset), (4 bytes).
    Removing at32f435_437_gpio.o(i.gpio_bits_set), (4 bytes).
    Removing at32f435_437_gpio.o(i.gpio_bits_write), (10 bytes).
    Removing at32f435_437_gpio.o(i.gpio_input_data_bit_read), (18 bytes).
    Removing at32f435_437_gpio.o(i.gpio_input_data_read), (8 bytes).
    Removing at32f435_437_gpio.o(i.gpio_output_data_bit_read), (18 bytes).
    Removing at32f435_437_gpio.o(i.gpio_output_data_read), (8 bytes).
    Removing at32f435_437_gpio.o(i.gpio_pin_mux_config), (66 bytes).
    Removing at32f435_437_gpio.o(i.gpio_pin_wp_config), (18 bytes).
    Removing at32f435_437_gpio.o(i.gpio_pins_huge_driven_config), (18 bytes).
    Removing at32f435_437_gpio.o(i.gpio_port_wirte), (4 bytes).
    Removing at32f435_437_gpio.o(i.gpio_reset), (256 bytes).
    Removing at32f435_437_crm.o(.rev16_text), (4 bytes).
    Removing at32f435_437_crm.o(.revsh_text), (4 bytes).
    Removing at32f435_437_crm.o(.rrx_text), (6 bytes).
    Removing at32f435_437_crm.o(i.crm_battery_powered_domain_reset), (20 bytes).
    Removing at32f435_437_crm.o(i.crm_clkout_div_set), (68 bytes).
    Removing at32f435_437_crm.o(i.crm_clkout_to_tmr10_enable), (20 bytes).
    Removing at32f435_437_crm.o(i.crm_clock_failure_detection_enable), (20 bytes).
    Removing at32f435_437_crm.o(i.crm_clock_out1_set), (20 bytes).
    Removing at32f435_437_crm.o(i.crm_clock_out2_set), (56 bytes).
    Removing at32f435_437_crm.o(i.crm_clocks_freq_get), (272 bytes).
    Removing at32f435_437_crm.o(i.crm_emac_output_pulse_set), (20 bytes).
    Removing at32f435_437_crm.o(i.crm_ertc_clock_enable), (20 bytes).
    Removing at32f435_437_crm.o(i.crm_ertc_clock_select), (36 bytes).
    Removing at32f435_437_crm.o(i.crm_flag_clear), (224 bytes).
    Removing at32f435_437_crm.o(i.crm_hext_bypass), (20 bytes).
    Removing at32f435_437_crm.o(i.crm_hick_clock_calibration_set), (48 bytes).
    Removing at32f435_437_crm.o(i.crm_hick_clock_trimming_set), (20 bytes).
    Removing at32f435_437_crm.o(i.crm_hick_divider_select), (20 bytes).
    Removing at32f435_437_crm.o(i.crm_hick_sclk_frequency_select), (28 bytes).
    Removing at32f435_437_crm.o(i.crm_interrupt_enable), (32 bytes).
    Removing at32f435_437_crm.o(i.crm_lext_bypass), (20 bytes).
    Removing at32f435_437_crm.o(i.crm_periph_lowpower_mode_enable), (76 bytes).
    Removing at32f435_437_crm.o(i.crm_periph_reset), (76 bytes).
    Removing at32f435_437_crm.o(i.crm_pll_parameter_calculate), (220 bytes).
    Removing at32f435_437_crm.o(i.crm_usb_clock_div_set), (20 bytes).
    Removing at32f435_437_crm.o(i.crm_usb_clock_source_select), (32 bytes).
    Removing at32f435_437_crm.o(.constdata), (38 bytes).
    Removing at32f435_437_usart.o(.rev16_text), (4 bytes).
    Removing at32f435_437_usart.o(.revsh_text), (4 bytes).
    Removing at32f435_437_usart.o(.rrx_text), (6 bytes).
    Removing at32f435_437_usart.o(i.usart_break_bit_num_set), (10 bytes).
    Removing at32f435_437_usart.o(i.usart_break_send), (12 bytes).
    Removing at32f435_437_usart.o(i.usart_clock_config), (28 bytes).
    Removing at32f435_437_usart.o(i.usart_clock_enable), (10 bytes).
    Removing at32f435_437_usart.o(i.usart_data_receive), (8 bytes).
    Removing at32f435_437_usart.o(i.usart_data_transmit), (8 bytes).
    Removing at32f435_437_usart.o(i.usart_de_polarity_set), (10 bytes).
    Removing at32f435_437_usart.o(i.usart_dma_receiver_enable), (10 bytes).
    Removing at32f435_437_usart.o(i.usart_dma_transmitter_enable), (10 bytes).
    Removing at32f435_437_usart.o(i.usart_enable), (10 bytes).
    Removing at32f435_437_usart.o(i.usart_flag_clear), (6 bytes).
    Removing at32f435_437_usart.o(i.usart_flag_get), (16 bytes).
    Removing at32f435_437_usart.o(i.usart_hardware_flow_control_set), (102 bytes).
    Removing at32f435_437_usart.o(i.usart_id_bit_num_set), (10 bytes).
    Removing at32f435_437_usart.o(i.usart_init), (192 bytes).
    Removing at32f435_437_usart.o(i.usart_interrupt_enable), (54 bytes).
    Removing at32f435_437_usart.o(i.usart_irda_low_power_enable), (10 bytes).
    Removing at32f435_437_usart.o(i.usart_irda_mode_enable), (10 bytes).
    Removing at32f435_437_usart.o(i.usart_irda_smartcard_division_set), (10 bytes).
    Removing at32f435_437_usart.o(i.usart_lin_mode_enable), (10 bytes).
    Removing at32f435_437_usart.o(i.usart_parity_selection_config), (76 bytes).
    Removing at32f435_437_usart.o(i.usart_receiver_enable), (10 bytes).
    Removing at32f435_437_usart.o(i.usart_receiver_mute_enable), (10 bytes).
    Removing at32f435_437_usart.o(i.usart_reset), (260 bytes).
    Removing at32f435_437_usart.o(i.usart_rs485_delay_time_config), (18 bytes).
    Removing at32f435_437_usart.o(i.usart_rs485_mode_enable), (10 bytes).
    Removing at32f435_437_usart.o(i.usart_single_line_halfduplex_select), (10 bytes).
    Removing at32f435_437_usart.o(i.usart_smartcard_guard_time_set), (10 bytes).
    Removing at32f435_437_usart.o(i.usart_smartcard_mode_enable), (10 bytes).
    Removing at32f435_437_usart.o(i.usart_smartcard_nack_set), (10 bytes).
    Removing at32f435_437_usart.o(i.usart_transmit_receive_pin_swap), (10 bytes).
    Removing at32f435_437_usart.o(i.usart_transmitter_enable), (10 bytes).
    Removing at32f435_437_usart.o(i.usart_wakeup_id_set), (46 bytes).
    Removing at32f435_437_usart.o(i.usart_wakeup_mode_set), (10 bytes).
    Removing at32f435_437_misc.o(.rev16_text), (4 bytes).
    Removing at32f435_437_misc.o(.revsh_text), (4 bytes).
    Removing at32f435_437_misc.o(.rrx_text), (6 bytes).
    Removing at32f435_437_misc.o(i.nvic_irq_disable), (44 bytes).
    Removing at32f435_437_misc.o(i.nvic_irq_enable), (200 bytes).
    Removing at32f435_437_misc.o(i.nvic_lowpower_mode_config), (32 bytes).
    Removing at32f435_437_misc.o(i.nvic_priority_group_config), (40 bytes).
    Removing at32f435_437_misc.o(i.nvic_system_reset), (44 bytes).
    Removing at32f435_437_misc.o(i.nvic_vector_table_set), (20 bytes).
    Removing system_at32f435_437.o(.rev16_text), (4 bytes).
    Removing system_at32f435_437.o(.revsh_text), (4 bytes).
    Removing system_at32f435_437.o(.rrx_text), (6 bytes).

111 unused section(s) (total 3786 bytes) removed from the image.

==============================================================================

Image Symbol Table

    Local Symbols

    Symbol Name                              Value     Ov Type        Size  Object(Section)

    ../clib/angel/boardlib.s                 0x00000000   Number         0  boardinit1.o ABSOLUTE
    ../clib/angel/boardlib.s                 0x00000000   Number         0  boardinit2.o ABSOLUTE
    ../clib/angel/boardlib.s                 0x00000000   Number         0  boardinit3.o ABSOLUTE
    ../clib/angel/boardlib.s                 0x00000000   Number         0  boardshut.o ABSOLUTE
    ../clib/angel/handlers.s                 0x00000000   Number         0  __scatter_copy.o ABSOLUTE
    ../clib/angel/handlers.s                 0x00000000   Number         0  __scatter_zi.o ABSOLUTE
    ../clib/angel/kernel.s                   0x00000000   Number         0  __rtentry2.o ABSOLUTE
    ../clib/angel/kernel.s                   0x00000000   Number         0  __rtentry.o ABSOLUTE
    ../clib/angel/kernel.s                   0x00000000   Number         0  rtexit.o ABSOLUTE
    ../clib/angel/kernel.s                   0x00000000   Number         0  __rtentry4.o ABSOLUTE
    ../clib/angel/kernel.s                   0x00000000   Number         0  rtexit2.o ABSOLUTE
    ../clib/angel/rt.s                       0x00000000   Number         0  aeabi_ldiv0.o ABSOLUTE
    ../clib/angel/rt.s                       0x00000000   Number         0  aeabi_ldiv0_sigfpe.o ABSOLUTE
    ../clib/angel/rt.s                       0x00000000   Number         0  rt_raise.o ABSOLUTE
    ../clib/angel/rt.s                       0x00000000   Number         0  rt_div0.o ABSOLUTE
    ../clib/angel/scatter.s                  0x00000000   Number         0  __scatter.o ABSOLUTE
    ../clib/angel/startup.s                  0x00000000   Number         0  __main.o ABSOLUTE
    ../clib/angel/sys.s                      0x00000000   Number         0  use_no_semi_2.o ABSOLUTE
    ../clib/angel/sys.s                      0x00000000   Number         0  use_no_semi.o ABSOLUTE
    ../clib/angel/sys.s                      0x00000000   Number         0  libspace.o ABSOLUTE
    ../clib/angel/sys.s                      0x00000000   Number         0  sys_stackheap_outer.o ABSOLUTE
    ../clib/angel/sys.s                      0x00000000   Number         0  indicate_semi.o ABSOLUTE
    ../clib/angel/sysapp.c                   0x00000000   Number         0  sys_command.o ABSOLUTE
    ../clib/armsys.c                         0x00000000   Number         0  argv_veneer.o ABSOLUTE
    ../clib/armsys.c                         0x00000000   Number         0  argv_veneer.o ABSOLUTE
    ../clib/armsys.c                         0x00000000   Number         0  _get_argv_nomalloc.o ABSOLUTE
    ../clib/armsys.c                         0x00000000   Number         0  no_argv.o ABSOLUTE
    ../clib/heapalloc.c                      0x00000000   Number         0  hrguard.o ABSOLUTE
    ../clib/heapaux.c                        0x00000000   Number         0  heapauxi.o ABSOLUTE
    ../clib/libinit.s                        0x00000000   Number         0  libshutdown.o ABSOLUTE
    ../clib/libinit.s                        0x00000000   Number         0  libinit.o ABSOLUTE
    ../clib/libinit.s                        0x00000000   Number         0  libinit2.o ABSOLUTE
    ../clib/libinit.s                        0x00000000   Number         0  libshutdown2.o ABSOLUTE
    ../clib/longlong.s                       0x00000000   Number         0  lludivv7m.o ABSOLUTE
    ../clib/signal.c                         0x00000000   Number         0  defsig_segv_inner.o ABSOLUTE
    ../clib/signal.c                         0x00000000   Number         0  defsig_cppl_inner.o ABSOLUTE
    ../clib/signal.c                         0x00000000   Number         0  defsig_pvfn_inner.o ABSOLUTE
    ../clib/signal.c                         0x00000000   Number         0  defsig_stak_inner.o ABSOLUTE
    ../clib/signal.c                         0x00000000   Number         0  defsig_other.o ABSOLUTE
    ../clib/signal.c                         0x00000000   Number         0  defsig_rtmem_outer.o ABSOLUTE
    ../clib/signal.c                         0x00000000   Number         0  defsig_rtred_inner.o ABSOLUTE
    ../clib/signal.c                         0x00000000   Number         0  defsig_abrt_inner.o ABSOLUTE
    ../clib/signal.c                         0x00000000   Number         0  defsig_rtmem_formal.o ABSOLUTE
    ../clib/signal.c                         0x00000000   Number         0  __raise.o ABSOLUTE
    ../clib/signal.c                         0x00000000   Number         0  defsig_rtmem_inner.o ABSOLUTE
    ../clib/signal.c                         0x00000000   Number         0  defsig_fpe_inner.o ABSOLUTE
    ../clib/signal.c                         0x00000000   Number         0  defsig_exit.o ABSOLUTE
    ../clib/signal.c                         0x00000000   Number         0  defsig_fpe_formal.o ABSOLUTE
    ../clib/signal.c                         0x00000000   Number         0  defsig_fpe_outer.o ABSOLUTE
    ../clib/signal.c                         0x00000000   Number         0  defsig_general.o ABSOLUTE
    ../clib/signal.s                         0x00000000   Number         0  defsig.o ABSOLUTE
    ../clib/stdlib.c                         0x00000000   Number         0  exit.o ABSOLUTE
    ../fplib/fpinit.s                        0x00000000   Number         0  fpinit.o ABSOLUTE
    ..\..\..\..\..\..\libraries\cmsis\cm4\device_support\startup\mdk\startup_at32f435_437.s 0x00000000   Number         0  startup_at32f435_437.o ABSOLUTE
    ..\..\..\..\..\..\libraries\cmsis\cm4\device_support\system_at32f435_437.c 0x00000000   Number         0  system_at32f435_437.o ABSOLUTE
    ..\..\..\..\..\..\libraries\drivers\src\at32f435_437_crm.c 0x00000000   Number         0  at32f435_437_crm.o ABSOLUTE
    ..\..\..\..\..\..\libraries\drivers\src\at32f435_437_gpio.c 0x00000000   Number         0  at32f435_437_gpio.o ABSOLUTE
    ..\..\..\..\..\..\libraries\drivers\src\at32f435_437_misc.c 0x00000000   Number         0  at32f435_437_misc.o ABSOLUTE
    ..\..\..\..\..\..\libraries\drivers\src\at32f435_437_usart.c 0x00000000   Number         0  at32f435_437_usart.o ABSOLUTE
    ..\..\..\..\..\at32f435_437_board\at32f435_437_board.c 0x00000000   Number         0  at32f435_437_board.o ABSOLUTE
    ..\\..\\..\\..\\..\\..\\libraries\\cmsis\\cm4\\device_support\\system_at32f435_437.c 0x00000000   Number         0  system_at32f435_437.o ABSOLUTE
    ..\\..\\..\\..\\..\\..\\libraries\\drivers\\src\\at32f435_437_crm.c 0x00000000   Number         0  at32f435_437_crm.o ABSOLUTE
    ..\\..\\..\\..\\..\\..\\libraries\\drivers\\src\\at32f435_437_gpio.c 0x00000000   Number         0  at32f435_437_gpio.o ABSOLUTE
    ..\\..\\..\\..\\..\\..\\libraries\\drivers\\src\\at32f435_437_misc.c 0x00000000   Number         0  at32f435_437_misc.o ABSOLUTE
    ..\\..\\..\\..\\..\\..\\libraries\\drivers\\src\\at32f435_437_usart.c 0x00000000   Number         0  at32f435_437_usart.o ABSOLUTE
    ..\\..\\..\\..\\..\\at32f435_437_board\\at32f435_437_board.c 0x00000000   Number         0  at32f435_437_board.o ABSOLUTE
    ..\\src\\at32f435_437_clock.c            0x00000000   Number         0  at32f435_437_clock.o ABSOLUTE
    ..\\src\\at32f435_437_int.c              0x00000000   Number         0  at32f435_437_int.o ABSOLUTE
    ..\\src\\main.c                          0x00000000   Number         0  main.o ABSOLUTE
    ..\src\at32f435_437_clock.c              0x00000000   Number         0  at32f435_437_clock.o ABSOLUTE
    ..\src\at32f435_437_int.c                0x00000000   Number         0  at32f435_437_int.o ABSOLUTE
    ..\src\main.c                            0x00000000   Number         0  main.o ABSOLUTE
    dc.s                                     0x00000000   Number         0  dc.o ABSOLUTE
    RESET                                    0x08000000   Section      524  startup_at32f435_437.o(RESET)
    !!!main                                  0x0800020c   Section        8  __main.o(!!!main)
    !!!scatter                               0x08000214   Section       52  __scatter.o(!!!scatter)
    !!handler_copy                           0x08000248   Section       26  __scatter_copy.o(!!handler_copy)
    !!handler_zi                             0x08000264   Section       28  __scatter_zi.o(!!handler_zi)
    .ARM.Collect$$libinit$$00000000          0x08000280   Section        2  libinit.o(.ARM.Collect$$libinit$$00000000)
    .ARM.Collect$$libinit$$00000001          0x08000282   Section        4  libinit2.o(.ARM.Collect$$libinit$$00000001)
    .ARM.Collect$$libinit$$00000004          0x08000286   Section        0  libinit2.o(.ARM.Collect$$libinit$$00000004)
    .ARM.Collect$$libinit$$0000000A          0x08000286   Section        0  libinit2.o(.ARM.Collect$$libinit$$0000000A)
    .ARM.Collect$$libinit$$0000000C          0x08000286   Section        0  libinit2.o(.ARM.Collect$$libinit$$0000000C)
    .ARM.Collect$$libinit$$0000000E          0x08000286   Section        0  libinit2.o(.ARM.Collect$$libinit$$0000000E)
    .ARM.Collect$$libinit$$00000011          0x08000286   Section        0  libinit2.o(.ARM.Collect$$libinit$$00000011)
    .ARM.Collect$$libinit$$00000013          0x08000286   Section        0  libinit2.o(.ARM.Collect$$libinit$$00000013)
    .ARM.Collect$$libinit$$00000015          0x08000286   Section        0  libinit2.o(.ARM.Collect$$libinit$$00000015)
    .ARM.Collect$$libinit$$00000017          0x08000286   Section        0  libinit2.o(.ARM.Collect$$libinit$$00000017)
    .ARM.Collect$$libinit$$00000019          0x08000286   Section        0  libinit2.o(.ARM.Collect$$libinit$$00000019)
    .ARM.Collect$$libinit$$0000001B          0x08000286   Section        0  libinit2.o(.ARM.Collect$$libinit$$0000001B)
    .ARM.Collect$$libinit$$0000001D          0x08000286   Section        0  libinit2.o(.ARM.Collect$$libinit$$0000001D)
    .ARM.Collect$$libinit$$0000001F          0x08000286   Section        0  libinit2.o(.ARM.Collect$$libinit$$0000001F)
    .ARM.Collect$$libinit$$00000021          0x08000286   Section        0  libinit2.o(.ARM.Collect$$libinit$$00000021)
    .ARM.Collect$$libinit$$00000023          0x08000286   Section        0  libinit2.o(.ARM.Collect$$libinit$$00000023)
    .ARM.Collect$$libinit$$00000025          0x08000286   Section        0  libinit2.o(.ARM.Collect$$libinit$$00000025)
    .ARM.Collect$$libinit$$0000002C          0x08000286   Section        0  libinit2.o(.ARM.Collect$$libinit$$0000002C)
    .ARM.Collect$$libinit$$0000002E          0x08000286   Section        0  libinit2.o(.ARM.Collect$$libinit$$0000002E)
    .ARM.Collect$$libinit$$00000030          0x08000286   Section        0  libinit2.o(.ARM.Collect$$libinit$$00000030)
    .ARM.Collect$$libinit$$00000032          0x08000286   Section        0  libinit2.o(.ARM.Collect$$libinit$$00000032)
    .ARM.Collect$$libinit$$00000033          0x08000286   Section        2  libinit2.o(.ARM.Collect$$libinit$$00000033)
    .ARM.Collect$$libshutdown$$00000000      0x08000288   Section        2  libshutdown.o(.ARM.Collect$$libshutdown$$00000000)
    .ARM.Collect$$libshutdown$$00000002      0x0800028a   Section        0  libshutdown2.o(.ARM.Collect$$libshutdown$$00000002)
    .ARM.Collect$$libshutdown$$00000004      0x0800028a   Section        0  libshutdown2.o(.ARM.Collect$$libshutdown$$00000004)
    .ARM.Collect$$libshutdown$$00000007      0x0800028a   Section        0  libshutdown2.o(.ARM.Collect$$libshutdown$$00000007)
    .ARM.Collect$$libshutdown$$0000000A      0x0800028a   Section        0  libshutdown2.o(.ARM.Collect$$libshutdown$$0000000A)
    .ARM.Collect$$libshutdown$$0000000C      0x0800028a   Section        0  libshutdown2.o(.ARM.Collect$$libshutdown$$0000000C)
    .ARM.Collect$$libshutdown$$0000000F      0x0800028a   Section        0  libshutdown2.o(.ARM.Collect$$libshutdown$$0000000F)
    .ARM.Collect$$libshutdown$$00000010      0x0800028a   Section        2  libshutdown2.o(.ARM.Collect$$libshutdown$$00000010)
    .ARM.Collect$$rtentry$$00000000          0x0800028c   Section        0  __rtentry.o(.ARM.Collect$$rtentry$$00000000)
    .ARM.Collect$$rtentry$$00000002          0x0800028c   Section        0  __rtentry2.o(.ARM.Collect$$rtentry$$00000002)
    .ARM.Collect$$rtentry$$00000004          0x0800028c   Section        6  __rtentry4.o(.ARM.Collect$$rtentry$$00000004)
    .ARM.Collect$$rtentry$$00000009          0x08000292   Section        0  __rtentry2.o(.ARM.Collect$$rtentry$$00000009)
    .ARM.Collect$$rtentry$$0000000A          0x08000292   Section        4  __rtentry2.o(.ARM.Collect$$rtentry$$0000000A)
    .ARM.Collect$$rtentry$$0000000C          0x08000296   Section        0  __rtentry2.o(.ARM.Collect$$rtentry$$0000000C)
    .ARM.Collect$$rtentry$$0000000D          0x08000296   Section        8  __rtentry2.o(.ARM.Collect$$rtentry$$0000000D)
    .ARM.Collect$$rtexit$$00000000           0x0800029e   Section        2  rtexit.o(.ARM.Collect$$rtexit$$00000000)
    .ARM.Collect$$rtexit$$00000002           0x080002a0   Section        0  rtexit2.o(.ARM.Collect$$rtexit$$00000002)
    .ARM.Collect$$rtexit$$00000003           0x080002a0   Section        4  rtexit2.o(.ARM.Collect$$rtexit$$00000003)
    .ARM.Collect$$rtexit$$00000004           0x080002a4   Section        6  rtexit2.o(.ARM.Collect$$rtexit$$00000004)
    .text                                    0x080002ac   Section       64  startup_at32f435_437.o(.text)
    $v0                                      0x080002ac   Number         0  startup_at32f435_437.o(.text)
    .text                                    0x080002ec   Section        2  use_no_semi_2.o(.text)
    .text                                    0x080002ee   Section      238  lludivv7m.o(.text)
    .text                                    0x080003dc   Section        0  heapauxi.o(.text)
    .text                                    0x080003e2   Section        2  use_no_semi.o(.text)
    .text                                    0x080003e4   Section       74  sys_stackheap_outer.o(.text)
    .text                                    0x0800042e   Section        0  exit.o(.text)
    .text                                    0x08000440   Section        8  libspace.o(.text)
    i.BusFault_Handler                       0x08000448   Section        0  at32f435_437_int.o(i.BusFault_Handler)
    i.DebugMon_Handler                       0x0800044c   Section        0  at32f435_437_int.o(i.DebugMon_Handler)
    i.HardFault_Handler                      0x0800044e   Section        0  at32f435_437_int.o(i.HardFault_Handler)
    i.MemManage_Handler                      0x08000452   Section        0  at32f435_437_int.o(i.MemManage_Handler)
    i.NMI_Handler                            0x08000456   Section        0  at32f435_437_int.o(i.NMI_Handler)
    i.PendSV_Handler                         0x08000458   Section        0  at32f435_437_int.o(i.PendSV_Handler)
    i.SVC_Handler                            0x0800045a   Section        0  at32f435_437_int.o(i.SVC_Handler)
    i.SysTick_Handler                        0x0800045c   Section        0  at32f435_437_int.o(i.SysTick_Handler)
    i.SystemInit                             0x08000460   Section        0  system_at32f435_437.o(i.SystemInit)
    i.UsageFault_Handler                     0x080004f0   Section        0  at32f435_437_int.o(i.UsageFault_Handler)
    i._sys_exit                              0x080004f4   Section        0  at32f435_437_board.o(i._sys_exit)
    i.at32_board_init                        0x080004f8   Section        0  at32f435_437_board.o(i.at32_board_init)
    i.at32_button_init                       0x08000528   Section        0  at32f435_437_board.o(i.at32_button_init)
    i.at32_led_init                          0x08000564   Section        0  at32f435_437_board.o(i.at32_led_init)
    i.at32_led_off                           0x080005b4   Section        0  at32f435_437_board.o(i.at32_led_off)
    i.at32_led_toggle                        0x080005dc   Section        0  at32f435_437_board.o(i.at32_led_toggle)
    i.crm_ahb_div_set                        0x08000610   Section        0  at32f435_437_crm.o(i.crm_ahb_div_set)
    i.crm_apb1_div_set                       0x08000624   Section        0  at32f435_437_crm.o(i.crm_apb1_div_set)
    i.crm_apb2_div_set                       0x08000638   Section        0  at32f435_437_crm.o(i.crm_apb2_div_set)
    i.crm_auto_step_mode_enable              0x0800064c   Section        0  at32f435_437_crm.o(i.crm_auto_step_mode_enable)
    i.crm_clock_source_enable                0x08000674   Section        0  at32f435_437_crm.o(i.crm_clock_source_enable)
    i.crm_flag_get                           0x080006dc   Section        0  at32f435_437_crm.o(i.crm_flag_get)
    i.crm_hext_stable_wait                   0x0800070c   Section        0  at32f435_437_crm.o(i.crm_hext_stable_wait)
    i.crm_periph_clock_enable                0x0800073c   Section        0  at32f435_437_crm.o(i.crm_periph_clock_enable)
    i.crm_pll_config                         0x08000788   Section        0  at32f435_437_crm.o(i.crm_pll_config)
    i.crm_reset                              0x080007bc   Section        0  at32f435_437_crm.o(i.crm_reset)
    i.crm_sysclk_switch                      0x08000830   Section        0  at32f435_437_crm.o(i.crm_sysclk_switch)
    i.crm_sysclk_switch_status_get           0x08000844   Section        0  at32f435_437_crm.o(i.crm_sysclk_switch_status_get)
    i.delay_init                             0x08000854   Section        0  at32f435_437_board.o(i.delay_init)
    i.delay_ms                               0x0800088c   Section        0  at32f435_437_board.o(i.delay_ms)
    i.gpio_default_para_init                 0x08000900   Section        0  at32f435_437_gpio.o(i.gpio_default_para_init)
    i.gpio_init                              0x08000914   Section        0  at32f435_437_gpio.o(i.gpio_init)
    i.main                                   0x0800098e   Section        0  main.o(i.main)
    i.system_clock_config                    0x080009c0   Section        0  at32f435_437_clock.o(i.system_clock_config)
    i.system_core_clock_update               0x08000a5c   Section        0  system_at32f435_437.o(i.system_core_clock_update)
    i.systick_clock_source_config            0x08000b4c   Section        0  at32f435_437_misc.o(i.systick_clock_source_config)
    x$fpl$fpinit                             0x08000b74   Section       10  fpinit.o(x$fpl$fpinit)
    $v0                                      0x08000b74   Number         0  fpinit.o(x$fpl$fpinit)
    .constdata                               0x08000b7e   Section       22  system_at32f435_437.o(.constdata)
    sys_ahb_div_table                        0x08000b7e   Data          16  system_at32f435_437.o(.constdata)
    pll_fr_table                             0x08000b8e   Data           6  system_at32f435_437.o(.constdata)
    .data                                    0x20000000   Section       45  at32f435_437_board.o(.data)
    fac_us                                   0x20000020   Data           4  at32f435_437_board.o(.data)
    fac_ms                                   0x20000024   Data           4  at32f435_437_board.o(.data)
    pressed                                  0x2000002c   Data           1  at32f435_437_board.o(.data)
    .data                                    0x20000030   Section        4  system_at32f435_437.o(.data)
    .bss                                     0x20000034   Section       96  libspace.o(.bss)
    HEAP                                     0x20000098   Section      512  startup_at32f435_437.o(HEAP)
    Heap_Mem                                 0x20000098   Data         512  startup_at32f435_437.o(HEAP)
    STACK                                    0x20000298   Section     1024  startup_at32f435_437.o(STACK)
    Stack_Mem                                0x20000298   Data        1024  startup_at32f435_437.o(STACK)
    __initial_sp                             0x20000698   Data           0  startup_at32f435_437.o(STACK)

    Global Symbols

    Symbol Name                              Value     Ov Type        Size  Object(Section)

    BuildAttributes$$THM_ISAv4$E$P$D$K$B$S$7EM$VFPi3$EXTD16$VFPS$VFMA$PE$A:L22UL41UL21$X:L11$S22US41US21$IEEE1$IW$USESV6$~STKCKD$USESV7$~SHL$OSPACE$ROPI$EBA8$UX$STANDARDLIB$REQ8$PRES8$EABIv2 0x00000000   Number         0  anon$$obj.o ABSOLUTE
    __ARM_use_no_argv                        0x00000000   Number         0  main.o ABSOLUTE
    __ARM_exceptions_init                     - Undefined Weak Reference
    __alloca_initialize                       - Undefined Weak Reference
    __arm_preinit_                            - Undefined Weak Reference
    __cpp_initialize__aeabi_                  - Undefined Weak Reference
    __cxa_finalize                            - Undefined Weak Reference
    __rt_locale                               - Undefined Weak Reference
    __sigvec_lookup                           - Undefined Weak Reference
    _atexit_init                              - Undefined Weak Reference
    _call_atexit_fns                          - Undefined Weak Reference
    _clock_init                               - Undefined Weak Reference
    _fp_trap_init                             - Undefined Weak Reference
    _fp_trap_shutdown                         - Undefined Weak Reference
    _get_lc_collate                           - Undefined Weak Reference
    _get_lc_ctype                             - Undefined Weak Reference
    _get_lc_monetary                          - Undefined Weak Reference
    _get_lc_numeric                           - Undefined Weak Reference
    _get_lc_time                              - Undefined Weak Reference
    _getenv_init                              - Undefined Weak Reference
    _handle_redirection                       - Undefined Weak Reference
    _init_alloc                               - Undefined Weak Reference
    _init_user_alloc                          - Undefined Weak Reference
    _initio                                   - Undefined Weak Reference
    _rand_init                                - Undefined Weak Reference
    _signal_finish                            - Undefined Weak Reference
    _signal_init                              - Undefined Weak Reference
    _terminate_alloc                          - Undefined Weak Reference
    _terminate_user_alloc                     - Undefined Weak Reference
    _terminateio                              - Undefined Weak Reference
    __Vectors_Size                           0x0000020c   Number         0  startup_at32f435_437.o ABSOLUTE
    __Vectors                                0x08000000   Data           4  startup_at32f435_437.o(RESET)
    __Vectors_End                            0x0800020c   Data           0  startup_at32f435_437.o(RESET)
    __main                                   0x0800020d   Thumb Code     8  __main.o(!!!main)
    __scatterload                            0x08000215   Thumb Code     0  __scatter.o(!!!scatter)
    __scatterload_rt2                        0x08000215   Thumb Code    44  __scatter.o(!!!scatter)
    __scatterload_rt2_thumb_only             0x08000215   Thumb Code     0  __scatter.o(!!!scatter)
    __scatterload_null                       0x08000223   Thumb Code     0  __scatter.o(!!!scatter)
    __scatterload_copy                       0x08000249   Thumb Code    26  __scatter_copy.o(!!handler_copy)
    __scatterload_zeroinit                   0x08000265   Thumb Code    28  __scatter_zi.o(!!handler_zi)
    __rt_lib_init                            0x08000281   Thumb Code     0  libinit.o(.ARM.Collect$$libinit$$00000000)
    __rt_lib_init_fp_1                       0x08000283   Thumb Code     0  libinit2.o(.ARM.Collect$$libinit$$00000001)
    __rt_lib_init_alloca_1                   0x08000287   Thumb Code     0  libinit2.o(.ARM.Collect$$libinit$$0000002E)
    __rt_lib_init_argv_1                     0x08000287   Thumb Code     0  libinit2.o(.ARM.Collect$$libinit$$0000002C)
    __rt_lib_init_atexit_1                   0x08000287   Thumb Code     0  libinit2.o(.ARM.Collect$$libinit$$0000001B)
    __rt_lib_init_clock_1                    0x08000287   Thumb Code     0  libinit2.o(.ARM.Collect$$libinit$$00000021)
    __rt_lib_init_cpp_1                      0x08000287   Thumb Code     0  libinit2.o(.ARM.Collect$$libinit$$00000032)
    __rt_lib_init_exceptions_1               0x08000287   Thumb Code     0  libinit2.o(.ARM.Collect$$libinit$$00000030)
    __rt_lib_init_fp_trap_1                  0x08000287   Thumb Code     0  libinit2.o(.ARM.Collect$$libinit$$0000001F)
    __rt_lib_init_getenv_1                   0x08000287   Thumb Code     0  libinit2.o(.ARM.Collect$$libinit$$00000023)
    __rt_lib_init_heap_1                     0x08000287   Thumb Code     0  libinit2.o(.ARM.Collect$$libinit$$0000000A)
    __rt_lib_init_lc_collate_1               0x08000287   Thumb Code     0  libinit2.o(.ARM.Collect$$libinit$$00000011)
    __rt_lib_init_lc_ctype_1                 0x08000287   Thumb Code     0  libinit2.o(.ARM.Collect$$libinit$$00000013)
    __rt_lib_init_lc_monetary_1              0x08000287   Thumb Code     0  libinit2.o(.ARM.Collect$$libinit$$00000015)
    __rt_lib_init_lc_numeric_1               0x08000287   Thumb Code     0  libinit2.o(.ARM.Collect$$libinit$$00000017)
    __rt_lib_init_lc_time_1                  0x08000287   Thumb Code     0  libinit2.o(.ARM.Collect$$libinit$$00000019)
    __rt_lib_init_preinit_1                  0x08000287   Thumb Code     0  libinit2.o(.ARM.Collect$$libinit$$00000004)
    __rt_lib_init_rand_1                     0x08000287   Thumb Code     0  libinit2.o(.ARM.Collect$$libinit$$0000000E)
    __rt_lib_init_return                     0x08000287   Thumb Code     0  libinit2.o(.ARM.Collect$$libinit$$00000033)
    __rt_lib_init_signal_1                   0x08000287   Thumb Code     0  libinit2.o(.ARM.Collect$$libinit$$0000001D)
    __rt_lib_init_stdio_1                    0x08000287   Thumb Code     0  libinit2.o(.ARM.Collect$$libinit$$00000025)
    __rt_lib_init_user_alloc_1               0x08000287   Thumb Code     0  libinit2.o(.ARM.Collect$$libinit$$0000000C)
    __rt_lib_shutdown                        0x08000289   Thumb Code     0  libshutdown.o(.ARM.Collect$$libshutdown$$00000000)
    __rt_lib_shutdown_cpp_1                  0x0800028b   Thumb Code     0  libshutdown2.o(.ARM.Collect$$libshutdown$$00000002)
    __rt_lib_shutdown_fp_trap_1              0x0800028b   Thumb Code     0  libshutdown2.o(.ARM.Collect$$libshutdown$$00000007)
    __rt_lib_shutdown_heap_1                 0x0800028b   Thumb Code     0  libshutdown2.o(.ARM.Collect$$libshutdown$$0000000F)
    __rt_lib_shutdown_return                 0x0800028b   Thumb Code     0  libshutdown2.o(.ARM.Collect$$libshutdown$$00000010)
    __rt_lib_shutdown_signal_1               0x0800028b   Thumb Code     0  libshutdown2.o(.ARM.Collect$$libshutdown$$0000000A)
    __rt_lib_shutdown_stdio_1                0x0800028b   Thumb Code     0  libshutdown2.o(.ARM.Collect$$libshutdown$$00000004)
    __rt_lib_shutdown_user_alloc_1           0x0800028b   Thumb Code     0  libshutdown2.o(.ARM.Collect$$libshutdown$$0000000C)
    __rt_entry                               0x0800028d   Thumb Code     0  __rtentry.o(.ARM.Collect$$rtentry$$00000000)
    __rt_entry_presh_1                       0x0800028d   Thumb Code     0  __rtentry2.o(.ARM.Collect$$rtentry$$00000002)
    __rt_entry_sh                            0x0800028d   Thumb Code     0  __rtentry4.o(.ARM.Collect$$rtentry$$00000004)
    __rt_entry_li                            0x08000293   Thumb Code     0  __rtentry2.o(.ARM.Collect$$rtentry$$0000000A)
    __rt_entry_postsh_1                      0x08000293   Thumb Code     0  __rtentry2.o(.ARM.Collect$$rtentry$$00000009)
    __rt_entry_main                          0x08000297   Thumb Code     0  __rtentry2.o(.ARM.Collect$$rtentry$$0000000D)
    __rt_entry_postli_1                      0x08000297   Thumb Code     0  __rtentry2.o(.ARM.Collect$$rtentry$$0000000C)
    __rt_exit                                0x0800029f   Thumb Code     0  rtexit.o(.ARM.Collect$$rtexit$$00000000)
    __rt_exit_ls                             0x080002a1   Thumb Code     0  rtexit2.o(.ARM.Collect$$rtexit$$00000003)
    __rt_exit_prels_1                        0x080002a1   Thumb Code     0  rtexit2.o(.ARM.Collect$$rtexit$$00000002)
    __rt_exit_exit                           0x080002a5   Thumb Code     0  rtexit2.o(.ARM.Collect$$rtexit$$00000004)
    Reset_Handler                            0x080002ad   Thumb Code     8  startup_at32f435_437.o(.text)
    ACC_IRQHandler                           0x080002c7   Thumb Code     0  startup_at32f435_437.o(.text)
    ADC1_2_3_IRQHandler                      0x080002c7   Thumb Code     0  startup_at32f435_437.o(.text)
    CAN1_RX0_IRQHandler                      0x080002c7   Thumb Code     0  startup_at32f435_437.o(.text)
    CAN1_RX1_IRQHandler                      0x080002c7   Thumb Code     0  startup_at32f435_437.o(.text)
    CAN1_SE_IRQHandler                       0x080002c7   Thumb Code     0  startup_at32f435_437.o(.text)
    CAN1_TX_IRQHandler                       0x080002c7   Thumb Code     0  startup_at32f435_437.o(.text)
    CAN2_RX0_IRQHandler                      0x080002c7   Thumb Code     0  startup_at32f435_437.o(.text)
    CAN2_RX1_IRQHandler                      0x080002c7   Thumb Code     0  startup_at32f435_437.o(.text)
    CAN2_SE_IRQHandler                       0x080002c7   Thumb Code     0  startup_at32f435_437.o(.text)
    CAN2_TX_IRQHandler                       0x080002c7   Thumb Code     0  startup_at32f435_437.o(.text)
    CRM_IRQHandler                           0x080002c7   Thumb Code     0  startup_at32f435_437.o(.text)
    DMA1_Channel1_IRQHandler                 0x080002c7   Thumb Code     0  startup_at32f435_437.o(.text)
    DMA1_Channel2_IRQHandler                 0x080002c7   Thumb Code     0  startup_at32f435_437.o(.text)
    DMA1_Channel3_IRQHandler                 0x080002c7   Thumb Code     0  startup_at32f435_437.o(.text)
    DMA1_Channel4_IRQHandler                 0x080002c7   Thumb Code     0  startup_at32f435_437.o(.text)
    DMA1_Channel5_IRQHandler                 0x080002c7   Thumb Code     0  startup_at32f435_437.o(.text)
    DMA1_Channel6_IRQHandler                 0x080002c7   Thumb Code     0  startup_at32f435_437.o(.text)
    DMA1_Channel7_IRQHandler                 0x080002c7   Thumb Code     0  startup_at32f435_437.o(.text)
    DMA2_Channel1_IRQHandler                 0x080002c7   Thumb Code     0  startup_at32f435_437.o(.text)
    DMA2_Channel2_IRQHandler                 0x080002c7   Thumb Code     0  startup_at32f435_437.o(.text)
    DMA2_Channel3_IRQHandler                 0x080002c7   Thumb Code     0  startup_at32f435_437.o(.text)
    DMA2_Channel4_IRQHandler                 0x080002c7   Thumb Code     0  startup_at32f435_437.o(.text)
    DMA2_Channel5_IRQHandler                 0x080002c7   Thumb Code     0  startup_at32f435_437.o(.text)
    DMA2_Channel6_IRQHandler                 0x080002c7   Thumb Code     0  startup_at32f435_437.o(.text)
    DMA2_Channel7_IRQHandler                 0x080002c7   Thumb Code     0  startup_at32f435_437.o(.text)
    DMAMUX_IRQHandler                        0x080002c7   Thumb Code     0  startup_at32f435_437.o(.text)
    DVP_IRQHandler                           0x080002c7   Thumb Code     0  startup_at32f435_437.o(.text)
    EDMA_Stream1_IRQHandler                  0x080002c7   Thumb Code     0  startup_at32f435_437.o(.text)
    EDMA_Stream2_IRQHandler                  0x080002c7   Thumb Code     0  startup_at32f435_437.o(.text)
    EDMA_Stream3_IRQHandler                  0x080002c7   Thumb Code     0  startup_at32f435_437.o(.text)
    EDMA_Stream4_IRQHandler                  0x080002c7   Thumb Code     0  startup_at32f435_437.o(.text)
    EDMA_Stream5_IRQHandler                  0x080002c7   Thumb Code     0  startup_at32f435_437.o(.text)
    EDMA_Stream6_IRQHandler                  0x080002c7   Thumb Code     0  startup_at32f435_437.o(.text)
    EDMA_Stream7_IRQHandler                  0x080002c7   Thumb Code     0  startup_at32f435_437.o(.text)
    EDMA_Stream8_IRQHandler                  0x080002c7   Thumb Code     0  startup_at32f435_437.o(.text)
    EMAC_IRQHandler                          0x080002c7   Thumb Code     0  startup_at32f435_437.o(.text)
    EMAC_WKUP_IRQHandler                     0x080002c7   Thumb Code     0  startup_at32f435_437.o(.text)
    ERTCAlarm_IRQHandler                     0x080002c7   Thumb Code     0  startup_at32f435_437.o(.text)
    ERTC_WKUP_IRQHandler                     0x080002c7   Thumb Code     0  startup_at32f435_437.o(.text)
    EXINT0_IRQHandler                        0x080002c7   Thumb Code     0  startup_at32f435_437.o(.text)
    EXINT15_10_IRQHandler                    0x080002c7   Thumb Code     0  startup_at32f435_437.o(.text)
    EXINT1_IRQHandler                        0x080002c7   Thumb Code     0  startup_at32f435_437.o(.text)
    EXINT2_IRQHandler                        0x080002c7   Thumb Code     0  startup_at32f435_437.o(.text)
    EXINT3_IRQHandler                        0x080002c7   Thumb Code     0  startup_at32f435_437.o(.text)
    EXINT4_IRQHandler                        0x080002c7   Thumb Code     0  startup_at32f435_437.o(.text)
    EXINT9_5_IRQHandler                      0x080002c7   Thumb Code     0  startup_at32f435_437.o(.text)
    FLASH_IRQHandler                         0x080002c7   Thumb Code     0  startup_at32f435_437.o(.text)
    FPU_IRQHandler                           0x080002c7   Thumb Code     0  startup_at32f435_437.o(.text)
    I2C1_ERR_IRQHandler                      0x080002c7   Thumb Code     0  startup_at32f435_437.o(.text)
    I2C1_EVT_IRQHandler                      0x080002c7   Thumb Code     0  startup_at32f435_437.o(.text)
    I2C2_ERR_IRQHandler                      0x080002c7   Thumb Code     0  startup_at32f435_437.o(.text)
    I2C2_EVT_IRQHandler                      0x080002c7   Thumb Code     0  startup_at32f435_437.o(.text)
    I2C3_ERR_IRQHandler                      0x080002c7   Thumb Code     0  startup_at32f435_437.o(.text)
    I2C3_EVT_IRQHandler                      0x080002c7   Thumb Code     0  startup_at32f435_437.o(.text)
    OTGFS1_IRQHandler                        0x080002c7   Thumb Code     0  startup_at32f435_437.o(.text)
    OTGFS1_WKUP_IRQHandler                   0x080002c7   Thumb Code     0  startup_at32f435_437.o(.text)
    OTGFS2_IRQHandler                        0x080002c7   Thumb Code     0  startup_at32f435_437.o(.text)
    OTGFS2_WKUP_IRQHandler                   0x080002c7   Thumb Code     0  startup_at32f435_437.o(.text)
    PVM_IRQHandler                           0x080002c7   Thumb Code     0  startup_at32f435_437.o(.text)
    QSPI1_IRQHandler                         0x080002c7   Thumb Code     0  startup_at32f435_437.o(.text)
    QSPI2_IRQHandler                         0x080002c7   Thumb Code     0  startup_at32f435_437.o(.text)
    SDIO1_IRQHandler                         0x080002c7   Thumb Code     0  startup_at32f435_437.o(.text)
    SDIO2_IRQHandler                         0x080002c7   Thumb Code     0  startup_at32f435_437.o(.text)
    SPI1_IRQHandler                          0x080002c7   Thumb Code     0  startup_at32f435_437.o(.text)
    SPI2_I2S2EXT_IRQHandler                  0x080002c7   Thumb Code     0  startup_at32f435_437.o(.text)
    SPI3_I2S3EXT_IRQHandler                  0x080002c7   Thumb Code     0  startup_at32f435_437.o(.text)
    SPI4_IRQHandler                          0x080002c7   Thumb Code     0  startup_at32f435_437.o(.text)
    TAMP_STAMP_IRQHandler                    0x080002c7   Thumb Code     0  startup_at32f435_437.o(.text)
    TMR1_BRK_TMR9_IRQHandler                 0x080002c7   Thumb Code     0  startup_at32f435_437.o(.text)
    TMR1_CH_IRQHandler                       0x080002c7   Thumb Code     0  startup_at32f435_437.o(.text)
    TMR1_OVF_TMR10_IRQHandler                0x080002c7   Thumb Code     0  startup_at32f435_437.o(.text)
    TMR1_TRG_HALL_TMR11_IRQHandler           0x080002c7   Thumb Code     0  startup_at32f435_437.o(.text)
    TMR20_BRK_IRQHandler                     0x080002c7   Thumb Code     0  startup_at32f435_437.o(.text)
    TMR20_CH_IRQHandler                      0x080002c7   Thumb Code     0  startup_at32f435_437.o(.text)
    TMR20_OVF_IRQHandler                     0x080002c7   Thumb Code     0  startup_at32f435_437.o(.text)
    TMR20_TRG_HALL_IRQHandler                0x080002c7   Thumb Code     0  startup_at32f435_437.o(.text)
    TMR2_GLOBAL_IRQHandler                   0x080002c7   Thumb Code     0  startup_at32f435_437.o(.text)
    TMR3_GLOBAL_IRQHandler                   0x080002c7   Thumb Code     0  startup_at32f435_437.o(.text)
    TMR4_GLOBAL_IRQHandler                   0x080002c7   Thumb Code     0  startup_at32f435_437.o(.text)
    TMR5_GLOBAL_IRQHandler                   0x080002c7   Thumb Code     0  startup_at32f435_437.o(.text)
    TMR6_DAC_GLOBAL_IRQHandler               0x080002c7   Thumb Code     0  startup_at32f435_437.o(.text)
    TMR7_GLOBAL_IRQHandler                   0x080002c7   Thumb Code     0  startup_at32f435_437.o(.text)
    TMR8_BRK_TMR12_IRQHandler                0x080002c7   Thumb Code     0  startup_at32f435_437.o(.text)
    TMR8_CH_IRQHandler                       0x080002c7   Thumb Code     0  startup_at32f435_437.o(.text)
    TMR8_OVF_TMR13_IRQHandler                0x080002c7   Thumb Code     0  startup_at32f435_437.o(.text)
    TMR8_TRG_HALL_TMR14_IRQHandler           0x080002c7   Thumb Code     0  startup_at32f435_437.o(.text)
    UART4_IRQHandler                         0x080002c7   Thumb Code     0  startup_at32f435_437.o(.text)
    UART5_IRQHandler                         0x080002c7   Thumb Code     0  startup_at32f435_437.o(.text)
    UART7_IRQHandler                         0x080002c7   Thumb Code     0  startup_at32f435_437.o(.text)
    UART8_IRQHandler                         0x080002c7   Thumb Code     0  startup_at32f435_437.o(.text)
    USART1_IRQHandler                        0x080002c7   Thumb Code     0  startup_at32f435_437.o(.text)
    USART2_IRQHandler                        0x080002c7   Thumb Code     0  startup_at32f435_437.o(.text)
    USART3_IRQHandler                        0x080002c7   Thumb Code     0  startup_at32f435_437.o(.text)
    USART6_IRQHandler                        0x080002c7   Thumb Code     0  startup_at32f435_437.o(.text)
    WWDT_IRQHandler                          0x080002c7   Thumb Code     0  startup_at32f435_437.o(.text)
    XMC_IRQHandler                           0x080002c7   Thumb Code     0  startup_at32f435_437.o(.text)
    __user_initial_stackheap                 0x080002c9   Thumb Code     0  startup_at32f435_437.o(.text)
    __use_no_semihosting                     0x080002ed   Thumb Code     2  use_no_semi_2.o(.text)
    __aeabi_uldivmod                         0x080002ef   Thumb Code     0  lludivv7m.o(.text)
    _ll_udiv                                 0x080002ef   Thumb Code   238  lludivv7m.o(.text)
    __use_two_region_memory                  0x080003dd   Thumb Code     2  heapauxi.o(.text)
    __rt_heap_escrow$2region                 0x080003df   Thumb Code     2  heapauxi.o(.text)
    __rt_heap_expand$2region                 0x080003e1   Thumb Code     2  heapauxi.o(.text)
    __I$use$semihosting                      0x080003e3   Thumb Code     0  use_no_semi.o(.text)
    __use_no_semihosting_swi                 0x080003e3   Thumb Code     2  use_no_semi.o(.text)
    __user_setup_stackheap                   0x080003e5   Thumb Code    74  sys_stackheap_outer.o(.text)
    exit                                     0x0800042f   Thumb Code    18  exit.o(.text)
    __user_libspace                          0x08000441   Thumb Code     8  libspace.o(.text)
    __user_perproc_libspace                  0x08000441   Thumb Code     0  libspace.o(.text)
    __user_perthread_libspace                0x08000441   Thumb Code     0  libspace.o(.text)
    BusFault_Handler                         0x08000449   Thumb Code     4  at32f435_437_int.o(i.BusFault_Handler)
    DebugMon_Handler                         0x0800044d   Thumb Code     2  at32f435_437_int.o(i.DebugMon_Handler)
    HardFault_Handler                        0x0800044f   Thumb Code     4  at32f435_437_int.o(i.HardFault_Handler)
    MemManage_Handler                        0x08000453   Thumb Code     4  at32f435_437_int.o(i.MemManage_Handler)
    NMI_Handler                              0x08000457   Thumb Code     2  at32f435_437_int.o(i.NMI_Handler)
    PendSV_Handler                           0x08000459   Thumb Code     2  at32f435_437_int.o(i.PendSV_Handler)
    SVC_Handler                              0x0800045b   Thumb Code     2  at32f435_437_int.o(i.SVC_Handler)
    SysTick_Handler                          0x0800045d   Thumb Code     2  at32f435_437_int.o(i.SysTick_Handler)
    SystemInit                               0x08000461   Thumb Code   126  system_at32f435_437.o(i.SystemInit)
    UsageFault_Handler                       0x080004f1   Thumb Code     4  at32f435_437_int.o(i.UsageFault_Handler)
    _sys_exit                                0x080004f5   Thumb Code     4  at32f435_437_board.o(i._sys_exit)
    at32_board_init                          0x080004f9   Thumb Code    48  at32f435_437_board.o(i.at32_board_init)
    at32_button_init                         0x08000529   Thumb Code    54  at32f435_437_board.o(i.at32_button_init)
    at32_led_init                            0x08000565   Thumb Code    68  at32f435_437_board.o(i.at32_led_init)
    at32_led_off                             0x080005b5   Thumb Code    32  at32f435_437_board.o(i.at32_led_off)
    at32_led_toggle                          0x080005dd   Thumb Code    42  at32f435_437_board.o(i.at32_led_toggle)
    crm_ahb_div_set                          0x08000611   Thumb Code    14  at32f435_437_crm.o(i.crm_ahb_div_set)
    crm_apb1_div_set                         0x08000625   Thumb Code    14  at32f435_437_crm.o(i.crm_apb1_div_set)
    crm_apb2_div_set                         0x08000639   Thumb Code    14  at32f435_437_crm.o(i.crm_apb2_div_set)
    crm_auto_step_mode_enable                0x0800064d   Thumb Code    34  at32f435_437_crm.o(i.crm_auto_step_mode_enable)
    crm_clock_source_enable                  0x08000675   Thumb Code    98  at32f435_437_crm.o(i.crm_clock_source_enable)
    crm_flag_get                             0x080006dd   Thumb Code    44  at32f435_437_crm.o(i.crm_flag_get)
    crm_hext_stable_wait                     0x0800070d   Thumb Code    46  at32f435_437_crm.o(i.crm_hext_stable_wait)
    crm_periph_clock_enable                  0x0800073d   Thumb Code    70  at32f435_437_crm.o(i.crm_periph_clock_enable)
    crm_pll_config                           0x08000789   Thumb Code    46  at32f435_437_crm.o(i.crm_pll_config)
    crm_reset                                0x080007bd   Thumb Code   104  at32f435_437_crm.o(i.crm_reset)
    crm_sysclk_switch                        0x08000831   Thumb Code    14  at32f435_437_crm.o(i.crm_sysclk_switch)
    crm_sysclk_switch_status_get             0x08000845   Thumb Code    10  at32f435_437_crm.o(i.crm_sysclk_switch_status_get)
    delay_init                               0x08000855   Thumb Code    38  at32f435_437_board.o(i.delay_init)
    delay_ms                                 0x0800088d   Thumb Code   110  at32f435_437_board.o(i.delay_ms)
    gpio_default_para_init                   0x08000901   Thumb Code    20  at32f435_437_gpio.o(i.gpio_default_para_init)
    gpio_init                                0x08000915   Thumb Code   122  at32f435_437_gpio.o(i.gpio_init)
    main                                     0x0800098f   Thumb Code    48  main.o(i.main)
    system_clock_config                      0x080009c1   Thumb Code   144  at32f435_437_clock.o(i.system_clock_config)
    system_core_clock_update                 0x08000a5d   Thumb Code   214  system_at32f435_437.o(i.system_core_clock_update)
    systick_clock_source_config              0x08000b4d   Thumb Code    40  at32f435_437_misc.o(i.systick_clock_source_config)
    _fp_init                                 0x08000b75   Thumb Code    10  fpinit.o(x$fpl$fpinit)
    __fplib_config_fpu_vfp                   0x08000b7d   Thumb Code     0  fpinit.o(x$fpl$fpinit)
    __fplib_config_pureend_doubles           0x08000b7d   Thumb Code     0  fpinit.o(x$fpl$fpinit)
    Region$$Table$$Base                      0x08000b94   Number         0  anon$$obj.o(Region$$Table)
    Region$$Table$$Limit                     0x08000bb4   Number         0  anon$$obj.o(Region$$Table)
    led_gpio_port                            0x20000000   Data          12  at32f435_437_board.o(.data)
    led_gpio_pin                             0x2000000c   Data           6  at32f435_437_board.o(.data)
    led_gpio_crm_clk                         0x20000014   Data          12  at32f435_437_board.o(.data)
    __stdout                                 0x20000028   Data           4  at32f435_437_board.o(.data)
    system_core_clock                        0x20000030   Data           4  system_at32f435_437.o(.data)
    __libspace_start                         0x20000034   Data          96  libspace.o(.bss)
    __temporary_stack_top$libspace           0x20000094   Data           0  libspace.o(.bss)



==============================================================================

Memory Map of the image

  Image Entry point : 0x0800020d

  Load Region LR_IROM1 (Base: 0x08000000, Size: 0x00000be8, Max: 0x003f0000, ABSOLUTE)

    Execution Region ER_IROM1 (Exec base: 0x08000000, Load base: 0x08000000, Size: 0x00000bb4, Max: 0x003f0000, ABSOLUTE)

    Exec Addr    Load Addr    Size         Type   Attr      Idx    E Section Name        Object

    0x08000000   0x08000000   0x0000020c   Data   RO         1030    RESET               startup_at32f435_437.o
    0x0800020c   0x0800020c   0x00000008   Code   RO         1043  * !!!main             c_w.l(__main.o)
    0x08000214   0x08000214   0x00000034   Code   RO         1206    !!!scatter          c_w.l(__scatter.o)
    0x08000248   0x08000248   0x0000001a   Code   RO         1208    !!handler_copy      c_w.l(__scatter_copy.o)
    0x08000262   0x08000262   0x00000002   PAD
    0x08000264   0x08000264   0x0000001c   Code   RO         1210    !!handler_zi        c_w.l(__scatter_zi.o)
    0x08000280   0x08000280   0x00000002   Code   RO         1082    .ARM.Collect$$libinit$$00000000  c_w.l(libinit.o)
    0x08000282   0x08000282   0x00000004   Code   RO         1094    .ARM.Collect$$libinit$$00000001  c_w.l(libinit2.o)
    0x08000286   0x08000286   0x00000000   Code   RO         1097    .ARM.Collect$$libinit$$00000004  c_w.l(libinit2.o)
    0x08000286   0x08000286   0x00000000   Code   RO         1100    .ARM.Collect$$libinit$$0000000A  c_w.l(libinit2.o)
    0x08000286   0x08000286   0x00000000   Code   RO         1102    .ARM.Collect$$libinit$$0000000C  c_w.l(libinit2.o)
    0x08000286   0x08000286   0x00000000   Code   RO         1104    .ARM.Collect$$libinit$$0000000E  c_w.l(libinit2.o)
    0x08000286   0x08000286   0x00000000   Code   RO         1107    .ARM.Collect$$libinit$$00000011  c_w.l(libinit2.o)
    0x08000286   0x08000286   0x00000000   Code   RO         1109    .ARM.Collect$$libinit$$00000013  c_w.l(libinit2.o)
    0x08000286   0x08000286   0x00000000   Code   RO         1111    .ARM.Collect$$libinit$$00000015  c_w.l(libinit2.o)
    0x08000286   0x08000286   0x00000000   Code   RO         1113    .ARM.Collect$$libinit$$00000017  c_w.l(libinit2.o)
    0x08000286   0x08000286   0x00000000   Code   RO         1115    .ARM.Collect$$libinit$$00000019  c_w.l(libinit2.o)
    0x08000286   0x08000286   0x00000000   Code   RO         1117    .ARM.Collect$$libinit$$0000001B  c_w.l(libinit2.o)
    0x08000286   0x08000286   0x00000000   Code   RO         1119    .ARM.Collect$$libinit$$0000001D  c_w.l(libinit2.o)
    0x08000286   0x08000286   0x00000000   Code   RO         1121    .ARM.Collect$$libinit$$0000001F  c_w.l(libinit2.o)
    0x08000286   0x08000286   0x00000000   Code   RO         1123    .ARM.Collect$$libinit$$00000021  c_w.l(libinit2.o)
    0x08000286   0x08000286   0x00000000   Code   RO         1125    .ARM.Collect$$libinit$$00000023  c_w.l(libinit2.o)
    0x08000286   0x08000286   0x00000000   Code   RO         1127    .ARM.Collect$$libinit$$00000025  c_w.l(libinit2.o)
    0x08000286   0x08000286   0x00000000   Code   RO         1131    .ARM.Collect$$libinit$$0000002C  c_w.l(libinit2.o)
    0x08000286   0x08000286   0x00000000   Code   RO         1133    .ARM.Collect$$libinit$$0000002E  c_w.l(libinit2.o)
    0x08000286   0x08000286   0x00000000   Code   RO         1135    .ARM.Collect$$libinit$$00000030  c_w.l(libinit2.o)
    0x08000286   0x08000286   0x00000000   Code   RO         1137    .ARM.Collect$$libinit$$00000032  c_w.l(libinit2.o)
    0x08000286   0x08000286   0x00000002   Code   RO         1138    .ARM.Collect$$libinit$$00000033  c_w.l(libinit2.o)
    0x08000288   0x08000288   0x00000002   Code   RO         1162    .ARM.Collect$$libshutdown$$00000000  c_w.l(libshutdown.o)
    0x0800028a   0x0800028a   0x00000000   Code   RO         1188    .ARM.Collect$$libshutdown$$00000002  c_w.l(libshutdown2.o)
    0x0800028a   0x0800028a   0x00000000   Code   RO         1190    .ARM.Collect$$libshutdown$$00000004  c_w.l(libshutdown2.o)
    0x0800028a   0x0800028a   0x00000000   Code   RO         1193    .ARM.Collect$$libshutdown$$00000007  c_w.l(libshutdown2.o)
    0x0800028a   0x0800028a   0x00000000   Code   RO         1196    .ARM.Collect$$libshutdown$$0000000A  c_w.l(libshutdown2.o)
    0x0800028a   0x0800028a   0x00000000   Code   RO         1198    .ARM.Collect$$libshutdown$$0000000C  c_w.l(libshutdown2.o)
    0x0800028a   0x0800028a   0x00000000   Code   RO         1201    .ARM.Collect$$libshutdown$$0000000F  c_w.l(libshutdown2.o)
    0x0800028a   0x0800028a   0x00000002   Code   RO         1202    .ARM.Collect$$libshutdown$$00000010  c_w.l(libshutdown2.o)
    0x0800028c   0x0800028c   0x00000000   Code   RO         1047    .ARM.Collect$$rtentry$$00000000  c_w.l(__rtentry.o)
    0x0800028c   0x0800028c   0x00000000   Code   RO         1053    .ARM.Collect$$rtentry$$00000002  c_w.l(__rtentry2.o)
    0x0800028c   0x0800028c   0x00000006   Code   RO         1065    .ARM.Collect$$rtentry$$00000004  c_w.l(__rtentry4.o)
    0x08000292   0x08000292   0x00000000   Code   RO         1055    .ARM.Collect$$rtentry$$00000009  c_w.l(__rtentry2.o)
    0x08000292   0x08000292   0x00000004   Code   RO         1056    .ARM.Collect$$rtentry$$0000000A  c_w.l(__rtentry2.o)
    0x08000296   0x08000296   0x00000000   Code   RO         1058    .ARM.Collect$$rtentry$$0000000C  c_w.l(__rtentry2.o)
    0x08000296   0x08000296   0x00000008   Code   RO         1059    .ARM.Collect$$rtentry$$0000000D  c_w.l(__rtentry2.o)
    0x0800029e   0x0800029e   0x00000002   Code   RO         1086    .ARM.Collect$$rtexit$$00000000  c_w.l(rtexit.o)
    0x080002a0   0x080002a0   0x00000000   Code   RO         1140    .ARM.Collect$$rtexit$$00000002  c_w.l(rtexit2.o)
    0x080002a0   0x080002a0   0x00000004   Code   RO         1141    .ARM.Collect$$rtexit$$00000003  c_w.l(rtexit2.o)
    0x080002a4   0x080002a4   0x00000006   Code   RO         1142    .ARM.Collect$$rtexit$$00000004  c_w.l(rtexit2.o)
    0x080002aa   0x080002aa   0x00000002   PAD
    0x080002ac   0x080002ac   0x00000040   Code   RO         1031    .text               startup_at32f435_437.o
    0x080002ec   0x080002ec   0x00000002   Code   RO         1037    .text               c_w.l(use_no_semi_2.o)
    0x080002ee   0x080002ee   0x000000ee   Code   RO         1039    .text               c_w.l(lludivv7m.o)
    0x080003dc   0x080003dc   0x00000006   Code   RO         1041    .text               c_w.l(heapauxi.o)
    0x080003e2   0x080003e2   0x00000002   Code   RO         1045    .text               c_w.l(use_no_semi.o)
    0x080003e4   0x080003e4   0x0000004a   Code   RO         1069    .text               c_w.l(sys_stackheap_outer.o)
    0x0800042e   0x0800042e   0x00000012   Code   RO         1071    .text               c_w.l(exit.o)
    0x08000440   0x08000440   0x00000008   Code   RO         1083    .text               c_w.l(libspace.o)
    0x08000448   0x08000448   0x00000004   Code   RO          150    i.BusFault_Handler  at32f435_437_int.o
    0x0800044c   0x0800044c   0x00000002   Code   RO          151    i.DebugMon_Handler  at32f435_437_int.o
    0x0800044e   0x0800044e   0x00000004   Code   RO          152    i.HardFault_Handler  at32f435_437_int.o
    0x08000452   0x08000452   0x00000004   Code   RO          153    i.MemManage_Handler  at32f435_437_int.o
    0x08000456   0x08000456   0x00000002   Code   RO          154    i.NMI_Handler       at32f435_437_int.o
    0x08000458   0x08000458   0x00000002   Code   RO          155    i.PendSV_Handler    at32f435_437_int.o
    0x0800045a   0x0800045a   0x00000002   Code   RO          156    i.SVC_Handler       at32f435_437_int.o
    0x0800045c   0x0800045c   0x00000002   Code   RO          157    i.SysTick_Handler   at32f435_437_int.o
    0x0800045e   0x0800045e   0x00000002   PAD
    0x08000460   0x08000460   0x00000090   Code   RO          994    i.SystemInit        system_at32f435_437.o
    0x080004f0   0x080004f0   0x00000004   Code   RO          158    i.UsageFault_Handler  at32f435_437_int.o
    0x080004f4   0x080004f4   0x00000004   Code   RO          256    i._sys_exit         at32f435_437_board.o
    0x080004f8   0x080004f8   0x00000030   Code   RO          258    i.at32_board_init   at32f435_437_board.o
    0x08000528   0x08000528   0x0000003c   Code   RO          259    i.at32_button_init  at32f435_437_board.o
    0x08000564   0x08000564   0x00000050   Code   RO          262    i.at32_led_init     at32f435_437_board.o
    0x080005b4   0x080005b4   0x00000028   Code   RO          263    i.at32_led_off      at32f435_437_board.o
    0x080005dc   0x080005dc   0x00000034   Code   RO          265    i.at32_led_toggle   at32f435_437_board.o
    0x08000610   0x08000610   0x00000014   Code   RO          479    i.crm_ahb_div_set   at32f435_437_crm.o
    0x08000624   0x08000624   0x00000014   Code   RO          480    i.crm_apb1_div_set  at32f435_437_crm.o
    0x08000638   0x08000638   0x00000014   Code   RO          481    i.crm_apb2_div_set  at32f435_437_crm.o
    0x0800064c   0x0800064c   0x00000028   Code   RO          482    i.crm_auto_step_mode_enable  at32f435_437_crm.o
    0x08000674   0x08000674   0x00000068   Code   RO          489    i.crm_clock_source_enable  at32f435_437_crm.o
    0x080006dc   0x080006dc   0x00000030   Code   RO          495    i.crm_flag_get      at32f435_437_crm.o
    0x0800070c   0x0800070c   0x0000002e   Code   RO          497    i.crm_hext_stable_wait  at32f435_437_crm.o
    0x0800073a   0x0800073a   0x00000002   PAD
    0x0800073c   0x0800073c   0x0000004c   Code   RO          504    i.crm_periph_clock_enable  at32f435_437_crm.o
    0x08000788   0x08000788   0x00000034   Code   RO          507    i.crm_pll_config    at32f435_437_crm.o
    0x080007bc   0x080007bc   0x00000074   Code   RO          509    i.crm_reset         at32f435_437_crm.o
    0x08000830   0x08000830   0x00000014   Code   RO          510    i.crm_sysclk_switch  at32f435_437_crm.o
    0x08000844   0x08000844   0x00000010   Code   RO          511    i.crm_sysclk_switch_status_get  at32f435_437_crm.o
    0x08000854   0x08000854   0x00000038   Code   RO          266    i.delay_init        at32f435_437_board.o
    0x0800088c   0x0800088c   0x00000074   Code   RO          267    i.delay_ms          at32f435_437_board.o
    0x08000900   0x08000900   0x00000014   Code   RO          380    i.gpio_default_para_init  at32f435_437_gpio.o
    0x08000914   0x08000914   0x0000007a   Code   RO          381    i.gpio_init         at32f435_437_gpio.o
    0x0800098e   0x0800098e   0x00000030   Code   RO          225    i.main              main.o
    0x080009be   0x080009be   0x00000002   PAD
    0x080009c0   0x080009c0   0x0000009c   Code   RO            4    i.system_clock_config  at32f435_437_clock.o
    0x08000a5c   0x08000a5c   0x000000f0   Code   RO          995    i.system_core_clock_update  system_at32f435_437.o
    0x08000b4c   0x08000b4c   0x00000028   Code   RO          936    i.systick_clock_source_config  at32f435_437_misc.o
    0x08000b74   0x08000b74   0x0000000a   Code   RO         1152    x$fpl$fpinit        fz_wm.l(fpinit.o)
    0x08000b7e   0x08000b7e   0x00000016   Data   RO          996    .constdata          system_at32f435_437.o
    0x08000b94   0x08000b94   0x00000020   Data   RO         1204    Region$$Table       anon$$obj.o


    Execution Region RW_IRAM1 (Exec base: 0x20000000, Load base: 0x08000bb4, Size: 0x00000698, Max: 0x00060000, ABSOLUTE)

    Exec Addr    Load Addr    Size         Type   Attr      Idx    E Section Name        Object

    0x20000000   0x08000bb4   0x0000002d   Data   RW          272    .data               at32f435_437_board.o
    0x2000002d   0x08000be1   0x00000003   PAD
    0x20000030   0x08000be4   0x00000004   Data   RW          997    .data               system_at32f435_437.o
    0x20000034        -       0x00000060   Zero   RW         1084    .bss                c_w.l(libspace.o)
    0x20000094   0x08000be8   0x00000004   PAD
    0x20000098        -       0x00000200   Zero   RW         1029    HEAP                startup_at32f435_437.o
    0x20000298        -       0x00000400   Zero   RW         1028    STACK               startup_at32f435_437.o


==============================================================================

Image component sizes


      Code (inc. data)   RO Data    RW Data    ZI Data      Debug   Object Name

       456         60          0         45          0       8136   at32f435_437_board.o
       156         12          0          0          0      41570   at32f435_437_clock.o
       578         76          0          0          0       8226   at32f435_437_crm.o
       142          0          0          0          0       1937   at32f435_437_gpio.o
        26          0          0          0          0       4790   at32f435_437_int.o
        40          0          0          0          0        678   at32f435_437_misc.o
        48          0          0          0          0       1795   main.o
        64         26        524          0       1536       1016   startup_at32f435_437.o
       384         44         22          4          0       2608   system_at32f435_437.o

    ----------------------------------------------------------------------
      1900        218        578         52       1536      70756   Object Totals
         0          0         32          0          0          0   (incl. Generated)
         6          0          0          3          0          0   (incl. Padding)

    ----------------------------------------------------------------------

      Code (inc. data)   RO Data    RW Data    ZI Data      Debug   Library Member Name

         8          0          0          0          0         68   __main.o
         0          0          0          0          0          0   __rtentry.o
        12          0          0          0          0          0   __rtentry2.o
         6          0          0          0          0          0   __rtentry4.o
        52          8          0          0          0          0   __scatter.o
        26          0          0          0          0          0   __scatter_copy.o
        28          0          0          0          0          0   __scatter_zi.o
        18          0          0          0          0         80   exit.o
         6          0          0          0          0        152   heapauxi.o
         2          0          0          0          0          0   libinit.o
         6          0          0          0          0          0   libinit2.o
         2          0          0          0          0          0   libshutdown.o
         2          0          0          0          0          0   libshutdown2.o
         8          4          0          0         96         68   libspace.o
       238          0          0          0          0        100   lludivv7m.o
         2          0          0          0          0          0   rtexit.o
        10          0          0          0          0          0   rtexit2.o
        74          0          0          0          0         80   sys_stackheap_outer.o
         2          0          0          0          0         68   use_no_semi.o
         2          0          0          0          0         68   use_no_semi_2.o
        10          0          0          0          0        116   fpinit.o

    ----------------------------------------------------------------------
       518         12          0          0        100        800   Library Totals
         4          0          0          0          4          0   (incl. Padding)

    ----------------------------------------------------------------------

      Code (inc. data)   RO Data    RW Data    ZI Data      Debug   Library Name

       504         12          0          0         96        684   c_w.l
        10          0          0          0          0        116   fz_wm.l

    ----------------------------------------------------------------------
       518         12          0          0        100        800   Library Totals

    ----------------------------------------------------------------------

==============================================================================


      Code (inc. data)   RO Data    RW Data    ZI Data      Debug   

      2418        230        578         52       1636      68348   Grand Totals
      2418        230        578         52       1636      68348   ELF Image Totals
      2418        230        578         52          0          0   ROM Totals

==============================================================================

    Total RO  Size (Code + RO Data)                 2996 (   2.93kB)
    Total RW  Size (RW Data + ZI Data)              1688 (   1.65kB)
    Total ROM Size (Code + RO Data + RW Data)       3048 (   2.98kB)

==============================================================================

