Component: ARM Compiler 5.06 update 6 (build 750) Tool: armlink [4d35ed]

==============================================================================

Section Cross References

    at32f435_437_clock.o(i.system_clock_config) refers to at32f435_437_crm.o(i.crm_periph_clock_enable) for crm_periph_clock_enable
    at32f435_437_clock.o(i.system_clock_config) refers to at32f435_437_crm.o(i.crm_reset) for crm_reset
    at32f435_437_clock.o(i.system_clock_config) refers to at32f435_437_crm.o(i.crm_clock_source_enable) for crm_clock_source_enable
    at32f435_437_clock.o(i.system_clock_config) refers to at32f435_437_crm.o(i.crm_hext_stable_wait) for crm_hext_stable_wait
    at32f435_437_clock.o(i.system_clock_config) refers to at32f435_437_crm.o(i.crm_pll_config) for crm_pll_config
    at32f435_437_clock.o(i.system_clock_config) refers to at32f435_437_crm.o(i.crm_flag_get) for crm_flag_get
    at32f435_437_clock.o(i.system_clock_config) refers to at32f435_437_crm.o(i.crm_ahb_div_set) for crm_ahb_div_set
    at32f435_437_clock.o(i.system_clock_config) refers to at32f435_437_crm.o(i.crm_apb2_div_set) for crm_apb2_div_set
    at32f435_437_clock.o(i.system_clock_config) refers to at32f435_437_crm.o(i.crm_apb1_div_set) for crm_apb1_div_set
    at32f435_437_clock.o(i.system_clock_config) refers to at32f435_437_crm.o(i.crm_auto_step_mode_enable) for crm_auto_step_mode_enable
    at32f435_437_clock.o(i.system_clock_config) refers to at32f435_437_crm.o(i.crm_sysclk_switch) for crm_sysclk_switch
    at32f435_437_clock.o(i.system_clock_config) refers to at32f435_437_crm.o(i.crm_sysclk_switch_status_get) for crm_sysclk_switch_status_get
    at32f435_437_clock.o(i.system_clock_config) refers to system_at32f435_437.o(i.system_core_clock_update) for system_core_clock_update
    i2c_application.o(i.i2c_config) refers to at32f435_437_i2c.o(i.i2c_reset) for i2c_reset
    i2c_application.o(i.i2c_config) refers to ov5640.o(i.i2c_lowlevel_init) for i2c_lowlevel_init
    i2c_application.o(i.i2c_config) refers to at32f435_437_i2c.o(i.i2c_enable) for i2c_enable
    i2c_application.o(i.i2c_dma_config) refers to at32f435_437_dma.o(i.dma_channel_enable) for dma_channel_enable
    i2c_application.o(i.i2c_dma_config) refers to at32f435_437_dma.o(i.dma_interrupt_enable) for dma_interrupt_enable
    i2c_application.o(i.i2c_dma_config) refers to at32f435_437_dma.o(i.dma_init) for dma_init
    i2c_application.o(i.i2c_dma_rx_irq_handler) refers to i2c_application.o(i.i2c_dma_tx_rx_irq_handler) for i2c_dma_tx_rx_irq_handler
    i2c_application.o(i.i2c_dma_tx_irq_handler) refers to i2c_application.o(i.i2c_dma_tx_rx_irq_handler) for i2c_dma_tx_rx_irq_handler
    i2c_application.o(i.i2c_dma_tx_rx_irq_handler) refers to at32f435_437_dma.o(i.dma_flag_get) for dma_flag_get
    i2c_application.o(i.i2c_dma_tx_rx_irq_handler) refers to at32f435_437_dma.o(i.dma_interrupt_enable) for dma_interrupt_enable
    i2c_application.o(i.i2c_dma_tx_rx_irq_handler) refers to at32f435_437_dma.o(i.dma_flag_clear) for dma_flag_clear
    i2c_application.o(i.i2c_dma_tx_rx_irq_handler) refers to at32f435_437_i2c.o(i.i2c_dma_enable) for i2c_dma_enable
    i2c_application.o(i.i2c_dma_tx_rx_irq_handler) refers to at32f435_437_dma.o(i.dma_channel_enable) for dma_channel_enable
    i2c_application.o(i.i2c_dma_tx_rx_irq_handler) refers to at32f435_437_i2c.o(i.i2c_interrupt_enable) for i2c_interrupt_enable
    i2c_application.o(i.i2c_dma_tx_rx_irq_handler) refers to i2c_application.o(i.i2c_dma_config) for i2c_dma_config
    i2c_application.o(i.i2c_err_irq_handler) refers to at32f435_437_i2c.o(i.i2c_flag_get) for i2c_flag_get
    i2c_application.o(i.i2c_err_irq_handler) refers to at32f435_437_i2c.o(i.i2c_flag_clear) for i2c_flag_clear
    i2c_application.o(i.i2c_err_irq_handler) refers to at32f435_437_i2c.o(i.i2c_interrupt_enable) for i2c_interrupt_enable
    i2c_application.o(i.i2c_evt_irq_handler) refers to i2c_application.o(i.i2c_master_irq_handler_int) for i2c_master_irq_handler_int
    i2c_application.o(i.i2c_evt_irq_handler) refers to i2c_application.o(i.i2c_slave_irq_handler_int) for i2c_slave_irq_handler_int
    i2c_application.o(i.i2c_evt_irq_handler) refers to i2c_application.o(i.i2c_master_irq_handler_dma) for i2c_master_irq_handler_dma
    i2c_application.o(i.i2c_evt_irq_handler) refers to i2c_application.o(i.i2c_slave_irq_handler_dma) for i2c_slave_irq_handler_dma
    i2c_application.o(i.i2c_master_irq_handler_dma) refers to at32f435_437_i2c.o(i.i2c_flag_get) for i2c_flag_get
    i2c_application.o(i.i2c_master_irq_handler_dma) refers to at32f435_437_i2c.o(i.i2c_flag_clear) for i2c_flag_clear
    i2c_application.o(i.i2c_master_irq_handler_dma) refers to at32f435_437_i2c.o(i.i2c_interrupt_enable) for i2c_interrupt_enable
    i2c_application.o(i.i2c_master_irq_handler_dma) refers to i2c_application.o(i.i2c_refresh_txdt_register) for i2c_refresh_txdt_register
[...]
    ../clib/libinit.s                        0x00000000   Number         0  libshutdown.o ABSOLUTE
    ../clib/libinit.s                        0x00000000   Number         0  libshutdown2.o ABSOLUTE
    ../clib/libinit.s                        0x00000000   Number         0  libinit.o ABSOLUTE
    ../clib/longlong.s                       0x00000000   Number         0  lludivv7m.o ABSOLUTE
    ../clib/signal.c                         0x00000000   Number         0  defsig_exit.o ABSOLUTE
    ../clib/signal.c                         0x00000000   Number         0  defsig_fpe_inner.o ABSOLUTE
    ../clib/signal.c                         0x00000000   Number         0  __raise.o ABSOLUTE
    ../clib/signal.c                         0x00000000   Number         0  defsig_fpe_formal.o ABSOLUTE
    ../clib/signal.c                         0x00000000   Number         0  defsig_fpe_outer.o ABSOLUTE
    ../clib/signal.c                         0x00000000   Number         0  defsig_general.o ABSOLUTE
    ../clib/signal.c                         0x00000000   Number         0  defsig_segv_inner.o ABSOLUTE
    ../clib/signal.c                         0x00000000   Number         0  defsig_other.o ABSOLUTE
    ../clib/signal.c                         0x00000000   Number         0  defsig_cppl_inner.o ABSOLUTE
    ../clib/signal.c                         0x00000000   Number         0  defsig_pvfn_inner.o ABSOLUTE
    ../clib/signal.c                         0x00000000   Number         0  defsig_rtmem_formal.o ABSOLUTE
    ../clib/signal.c                         0x00000000   Number         0  defsig_rtmem_outer.o ABSOLUTE
    ../clib/signal.c                         0x00000000   Number         0  defsig_rtmem_inner.o ABSOLUTE
    ../clib/signal.c                         0x00000000   Number         0  defsig_rtred_inner.o ABSOLUTE
    ../clib/signal.c                         0x00000000   Number         0  defsig_abrt_inner.o ABSOLUTE
    ../clib/signal.c                         0x00000000   Number         0  defsig_stak_inner.o ABSOLUTE
    ../clib/signal.s                         0x00000000   Number         0  defsig.o ABSOLUTE
    ../clib/stdlib.c                         0x00000000   Number         0  exit.o ABSOLUTE
    ../fplib/fpinit.s                        0x00000000   Number         0  fpinit.o ABSOLUTE
    ..\..\..\..\..\..\libraries\cmsis\cm4\device_support\startup\mdk\startup_at32f435_437.s 0x00000000   Number         0  startup_at32f435_437.o ABSOLUTE
    ..\..\..\..\..\..\libraries\cmsis\cm4\device_support\system_at32f435_437.c 0x00000000   Number         0  system_at32f435_437.o ABSOLUTE
    ..\..\..\..\..\..\libraries\drivers\src\at32f435_437_crm.c 0x00000000   Number         0  at32f435_437_crm.o ABSOLUTE
    ..\..\..\..\..\..\libraries\drivers\src\at32f435_437_dma.c 0x00000000   Number         0  at32f435_437_dma.o ABSOLUTE
    ..\..\..\..\..\..\libraries\drivers\src\at32f435_437_dvp.c 0x00000000   Number         0  at32f435_437_dvp.o ABSOLUTE
    ..\..\..\..\..\..\libraries\drivers\src\at32f435_437_edma.c 0x00000000   Number         0  at32f435_437_edma.o ABSOLUTE
    ..\..\..\..\..\..\libraries\drivers\src\at32f435_437_gpio.c 0x00000000   Number         0  at32f435_437_gpio.o ABSOLUTE
    ..\..\..\..\..\..\libraries\drivers\src\at32f435_437_i2c.c 0x00000000   Number         0  at32f435_437_i2c.o ABSOLUTE
    ..\..\..\..\..\..\libraries\drivers\src\at32f435_437_misc.c 0x00000000   Number         0  at32f435_437_misc.o ABSOLUTE
    ..\..\..\..\..\..\libraries\drivers\src\at32f435_437_usart.c 0x00000000   Number         0  at32f435_437_usart.o ABSOLUTE
    ..\..\..\..\..\..\libraries\drivers\src\at32f435_437_xmc.c 0x00000000   Number         0  at32f435_437_xmc.o ABSOLUTE
    ..\..\..\..\..\..\middlewares\i2c_application_library\i2c_application.c 0x00000000   Number         0  i2c_application.o ABSOLUTE
    ..\..\..\..\..\at32f435_437_board\at32f435_437_board.c 0x00000000   Number         0  at32f435_437_board.o ABSOLUTE
    ..\\..\\..\\..\\..\\..\\libraries\\cmsis\\cm4\\device_support\\system_at32f435_437.c 0x00000000   Number         0  system_at32f435_437.o ABSOLUTE
    ..\\..\\..\\..\\..\\..\\libraries\\drivers\\src\\at32f435_437_crm.c 0x00000000   Number         0  at32f435_437_crm.o ABSOLUTE
    ..\\..\\..\\..\\..\\..\\libraries\\drivers\\src\\at32f435_437_dma.c 0x00000000   Number         0  at32f435_437_dma.o ABSOLUTE
    ..\\..\\..\\..\\..\\..\\libraries\\drivers\\src\\at32f435_437_dvp.c 0x00000000   Number         0  at32f435_437_dvp.o ABSOLUTE
    ..\\..\\..\\..\\..\\..\\libraries\\drivers\\src\\at32f435_437_edma.c 0x00000000   Number         0  at32f435_437_edma.o ABSOLUTE
    ..\\..\\..\\..\\..\\..\\libraries\\drivers\\src\\at32f435_437_gpio.c 0x00000000   Number         0  at32f435_437_gpio.o ABSOLUTE
    ..\\..\\..\\..\\..\\..\\libraries\\drivers\\src\\at32f435_437_i2c.c 0x00000000   Number         0  at32f435_437_i2c.o ABSOLUTE
    ..\\..\\..\\..\\..\\..\\libraries\\drivers\\src\\at32f435_437_misc.c 0x00000000   Number         0  at32f435_437_misc.o ABSOLUTE
    ..\\..\\..\\..\\..\\..\\libraries\\drivers\\src\\at32f435_437_usart.c 0x00000000   Number         0  at32f435_437_usart.o ABSOLUTE
    ..\\..\\..\\..\\..\\..\\libraries\\drivers\\src\\at32f435_437_xmc.c 0x00000000   Number         0  at32f435_437_xmc.o ABSOLUTE
    ..\\..\\..\\..\\..\\..\\middlewares\\i2c_application_library\\i2c_application.c 0x00000000   Number         0  i2c_application.o ABSOLUTE
    ..\\..\\..\\..\\..\\at32f435_437_board\\at32f435_437_board.c 0x00000000   Number         0  at32f435_437_board.o ABSOLUTE
    ..\\hardware\\dvp\\dvp.c                 0x00000000   Number         0  dvp.o ABSOLUTE
    ..\\hardware\\lcd\\xmc_lcd.c             0x00000000   Number         0  xmc_lcd.o ABSOLUTE
    ..\\hardware\\ov5640\\ov5640.c           0x00000000   Number         0  ov5640.o ABSOLUTE
    ..\\src\\at32f435_437_clock.c            0x00000000   Number         0  at32f435_437_clock.o ABSOLUTE
    ..\\src\\at32f435_437_int.c              0x00000000   Number         0  at32f435_437_int.o ABSOLUTE
    ..\\src\\main.c                          0x00000000   Number         0  main.o ABSOLUTE
    ..\hardware\dvp\dvp.c                    0x00000000   Number         0  dvp.o ABSOLUTE
    ..\hardware\lcd\xmc_lcd.c                0x00000000   Number         0  xmc_lcd.o ABSOLUTE
    ..\hardware\ov5640\ov5640.c              0x00000000   Number         0  ov5640.o ABSOLUTE
    ..\src\at32f435_437_clock.c              0x00000000   Number         0  at32f435_437_clock.o ABSOLUTE
    ..\src\at32f435_437_int.c                0x00000000   Number         0  at32f435_437_int.o ABSOLUTE
    ..\src\main.c                            0x00000000   Number         0  main.o ABSOLUTE
    dc.s                                     0x00000000   Number         0  dc.o ABSOLUTE
    RESET                                    0x08000000   Section      524  startup_at32f435_437.o(RESET)
    !!!main                                  0x0800020c   Section        8  __main.o(!!!main)
    !!!scatter                               0x08000214   Section       52  __scatter.o(!!!scatter)
    !!handler_copy                           0x08000248   Section       26  __scatter_copy.o(!!handler_copy)
    !!handler_zi                             0x08000264   Section       28  __scatter_zi.o(!!handler_zi)
    .ARM.Collect$$libinit$$00000000          0x08000280   Section        2  libinit.o(.ARM.Collect$$libinit$$00000000)
    .ARM.Collect$$libinit$$00000001          0x08000282   Section        4  libinit2.o(.ARM.Collect$$libinit$$00000001)
    .ARM.Collect$$libinit$$00000004          0x08000286   Section        0  libinit2.o(.ARM.Collect$$libinit$$00000004)
    .ARM.Collect$$libinit$$0000000A          0x08000286   Section        0  libinit2.o(.ARM.Collect$$libinit$$0000000A)
    .ARM.Collect$$libinit$$0000000C          0x08000286   Section        0  libinit2.o(.ARM.Collect$$libinit$$0000000C)
    .ARM.Collect$$libinit$$0000000E          0x08000286   Section        0  libinit2.o(.ARM.Collect$$libinit$$0000000E)
    .ARM.Collect$$libinit$$00000011          0x08000286   Section        0  libinit2.o(.ARM.Collect$$libinit$$00000011)
    .ARM.Collect$$libinit$$00000013          0x08000286   Section        0  libinit2.o(.ARM.Collect$$libinit$$00000013)
    .ARM.Collect$$libinit$$00000015          0x08000286   Section        0  libinit2.o(.ARM.Collect$$libinit$$00000015)
    .ARM.Collect$$libinit$$00000017          0x08000286   Section        0  libinit2.o(.ARM.Collect$$libinit$$00000017)
    .ARM.Collect$$libinit$$00000019          0x08000286   Section        0  libinit2.o(.ARM.Collect$$libinit$$00000019)
    .ARM.Collect$$libinit$$0000001B          0x08000286   Section        0  libinit2.o(.ARM.Collect$$libinit$$0000001B)
    .ARM.Collect$$libinit$$0000001D          0x08000286   Section        0  libinit2.o(.ARM.Collect$$libinit$$0000001D)
    .ARM.Collect$$libinit$$0000001F          0x08000286   Section        0  libinit2.o(.ARM.Collect$$libinit$$0000001F)
    .ARM.Collect$$libinit$$00000021          0x08000286   Section        0  libinit2.o(.ARM.Collect$$libinit$$00000021)
    .ARM.Collect$$libinit$$00000023          0x08000286   Section        0  libinit2.o(.ARM.Collect$$libinit$$00000023)
    .ARM.Collect$$libinit$$00000025          0x08000286   Section        0  libinit2.o(.ARM.Collect$$libinit$$00000025)
    .ARM.Collect$$libinit$$0000002C          0x08000286   Section        0  libinit2.o(.ARM.Collect$$libinit$$0000002C)
    .ARM.Collect$$libinit$$0000002E          0x08000286   Section        0  libinit2.o(.ARM.Collect$$libinit$$0000002E)
    .ARM.Collect$$libinit$$00000030          0x08000286   Section        0  libinit2.o(.ARM.Collect$$libinit$$00000030)
    .ARM.Collect$$libinit$$00000032          0x08000286   Section        0  libinit2.o(.ARM.Collect$$libinit$$00000032)
    .ARM.Collect$$libinit$$00000033          0x08000286   Section        2  libinit2.o(.ARM.Collect$$libinit$$00000033)
    .ARM.Collect$$libshutdown$$00000000      0x08000288   Section        2  libshutdown.o(.ARM.Collect$$libshutdown$$00000000)
    .ARM.Collect$$libshutdown$$00000002      0x0800028a   Section        0  libshutdown2.o(.ARM.Collect$$libshutdown$$00000002)
    .ARM.Collect$$libshutdown$$00000004      0x0800028a   Section        0  libshutdown2.o(.ARM.Collect$$libshutdown$$00000004)
    .ARM.Collect$$libshutdown$$00000007      0x0800028a   Section        0  libshutdown2.o(.ARM.Collect$$libshutdown$$00000007)
    .ARM.Collect$$libshutdown$$0000000A      0x0800028a   Section        0  libshutdown2.o(.ARM.Collect$$libshutdown$$0000000A)
    .ARM.Collect$$libshutdown$$0000000C      0x0800028a   Section        0  libshutdown2.o(.ARM.Collect$$libshutdown$$0000000C)
    .ARM.Collect$$libshutdown$$0000000F      0x0800028a   Section        0  libshutdown2.o(.ARM.Collect$$libshutdown$$0000000F)
    .ARM.Collect$$libshutdown$$00000010      0x0800028a   Section        2  libshutdown2.o(.ARM.Collect$$libshutdown$$00000010)
    .ARM.Collect$$rtentry$$00000000          0x0800028c   Section        0  __rtentry.o(.ARM.Collect$$rtentry$$00000000)
    .ARM.Collect$$rtentry$$00000002          0x0800028c   Section        0  __rtentry2.o(.ARM.Collect$$rtentry$$00000002)
    .ARM.Collect$$rtentry$$00000004          0x0800028c   Section        6  __rtentry4.o(.ARM.Collect$$rtentry$$00000004)
    .ARM.Collect$$rtentry$$00000009          0x08000292   Section        0  __rtentry2.o(.ARM.Collect$$rtentry$$00000009)
    .ARM.Collect$$rtentry$$0000000A          0x08000292   Section        4  __rtentry2.o(.ARM.Collect$$rtentry$$0000000A)
    .ARM.Collect$$rtentry$$0000000C          0x08000296   Section        0  __rtentry2.o(.ARM.Collect$$rtentry$$0000000C)
    .ARM.Collect$$rtentry$$0000000D          0x08000296   Section        8  __rtentry2.o(.ARM.Collect$$rtentry$$0000000D)
    .ARM.Collect$$rtexit$$00000000           0x0800029e   Section        2  rtexit.o(.ARM.Collect$$rtexit$$00000000)
    .ARM.Collect$$rtexit$$00000002           0x080002a0   Section        0  rtexit2.o(.ARM.Collect$$rtexit$$00000002)
    .ARM.Collect$$rtexit$$00000003           0x080002a0   Section        4  rtexit2.o(.ARM.Collect$$rtexit$$00000003)
    .ARM.Collect$$rtexit$$00000004           0x080002a4   Section        6  rtexit2.o(.ARM.Collect$$rtexit$$00000004)
    .text                                    0x080002ac   Section       64  startup_at32f435_437.o(.text)
    $v0                                      0x080002ac   Number         0  startup_at32f435_437.o(.text)
    .text                                    0x080002ec   Section        2  use_no_semi_2.o(.text)
    .text                                    0x080002ee   Section      238  lludivv7m.o(.text)
    .text                                    0x080003dc   Section        0  heapauxi.o(.text)
    .text                                    0x080003e2   Section        2  use_no_semi.o(.text)
    .text                                    0x080003e4   Section       74  sys_stackheap_outer.o(.text)
    .text                                    0x0800042e   Section        0  exit.o(.text)
    .text                                    0x08000440   Section        8  libspace.o(.text)
    i.BusFault_Handler                       0x08000448   Section        0  at32f435_437_int.o(i.BusFault_Handler)
    i.DVP_IRQHandler                         0x0800044c   Section        0  dvp.o(i.DVP_IRQHandler)
    i.DebugMon_Handler                       0x08000454   Section        0  at32f435_437_int.o(i.DebugMon_Handler)
    i.EDMA_Stream4_IRQHandler                0x08000456   Section        0  dvp.o(i.EDMA_Stream4_IRQHandler)
    i.HardFault_Handler                      0x0800046c   Section        0  at32f435_437_int.o(i.HardFault_Handler)
    i.MemManage_Handler                      0x08000470   Section        0  at32f435_437_int.o(i.MemManage_Handler)
    i.NMI_Handler                            0x08000474   Section        0  at32f435_437_int.o(i.NMI_Handler)
    i.PendSV_Handler                         0x08000476   Section        0  at32f435_437_int.o(i.PendSV_Handler)
    i.SVC_Handler                            0x08000478   Section        0  at32f435_437_int.o(i.SVC_Handler)
    i.SysTick_Handler                        0x0800047a   Section        0  at32f435_437_int.o(i.SysTick_Handler)
    i.SystemInit                             0x0800047c   Section        0  system_at32f435_437.o(i.SystemInit)
    i.UsageFault_Handler                     0x0800050c   Section        0  at32f435_437_int.o(i.UsageFault_Handler)
    i._sys_exit                              0x08000510   Section        0  at32f435_437_board.o(i._sys_exit)
    i.at32_board_init                        0x08000514   Section        0  at32f435_437_board.o(i.at32_board_init)
    i.at32_button_init                       0x08000544   Section        0  at32f435_437_board.o(i.at32_button_init)
    i.at32_led_init                          0x08000580   Section        0  at32f435_437_board.o(i.at32_led_init)
    i.at32_led_off                           0x080005d0   Section        0  at32f435_437_board.o(i.at32_led_off)
    i.at32_led_toggle                        0x080005f8   Section        0  at32f435_437_board.o(i.at32_led_toggle)
    i.crm_ahb_div_set                        0x0800062c   Section        0  at32f435_437_crm.o(i.crm_ahb_div_set)
    i.crm_apb1_div_set                       0x08000640   Section        0  at32f435_437_crm.o(i.crm_apb1_div_set)
    i.crm_apb2_div_set                       0x08000654   Section        0  at32f435_437_crm.o(i.crm_apb2_div_set)
    i.crm_auto_step_mode_enable              0x08000668   Section        0  at32f435_437_crm.o(i.crm_auto_step_mode_enable)
    i.crm_clock_source_enable                0x08000690   Section        0  at32f435_437_crm.o(i.crm_clock_source_enable)
    i.crm_flag_get                           0x080006f8   Section        0  at32f435_437_crm.o(i.crm_flag_get)
    i.crm_hext_stable_wait                   0x08000728   Section        0  at32f435_437_crm.o(i.crm_hext_stable_wait)
    i.crm_periph_clock_enable                0x08000758   Section        0  at32f435_437_crm.o(i.crm_periph_clock_enable)
    i.crm_periph_reset                       0x080007a4   Section        0  at32f435_437_crm.o(i.crm_periph_reset)
    i.crm_pll_config                         0x080007f0   Section        0  at32f435_437_crm.o(i.crm_pll_config)
    i.crm_reset                              0x08000824   Section        0  at32f435_437_crm.o(i.crm_reset)
    i.crm_sysclk_switch                      0x08000898   Section        0  at32f435_437_crm.o(i.crm_sysclk_switch)
    i.crm_sysclk_switch_status_get           0x080008ac   Section        0  at32f435_437_crm.o(i.crm_sysclk_switch_status_get)
    i.delay_init                             0x080008bc   Section        0  at32f435_437_board.o(i.delay_init)
    i.delay_ms                               0x080008f4   Section        0  at32f435_437_board.o(i.delay_ms)
    i.dma_init                               0x08000968   Section        0  at32f435_437_dma.o(i.dma_init)
    i.dma_reset                              0x080009cc   Section        0  at32f435_437_dma.o(i.dma_reset)
    i.dmamux_enable                          0x08000a3c   Section        0  at32f435_437_dma.o(i.dmamux_enable)
    i.dmamux_init                            0x08000a4a   Section        0  at32f435_437_dma.o(i.dmamux_init)
    i.dvp_capture_enable                     0x08000a54   Section        0  at32f435_437_dvp.o(i.dvp_capture_enable)
    i.dvp_capture_mode_set                   0x08000a68   Section        0  at32f435_437_dvp.o(i.dvp_capture_mode_set)
    i.dvp_config                             0x08000a7c   Section        0  dvp.o(i.dvp_config)
    i.dvp_dma_init                           0x08000ad4   Section        0  dvp.o(i.dvp_dma_init)
    i.dvp_enable                             0x08000b6c   Section        0  at32f435_437_dvp.o(i.dvp_enable)
    i.dvp_flag_clear                         0x08000b80   Section        0  at32f435_437_dvp.o(i.dvp_flag_clear)
    i.dvp_flag_get                           0x08000b90   Section        0  at32f435_437_dvp.o(i.dvp_flag_get)
    i.dvp_frame_done                         0x08000bc0   Section        0  dvp.o(i.dvp_frame_done)
    i.dvp_hsync_polarity_set                 0x08000be8   Section        0  at32f435_437_dvp.o(i.dvp_hsync_polarity_set)
    i.dvp_int_handler                        0x08000bfc   Section        0  dvp.o(i.dvp_int_handler)
    i.dvp_interrupt_enable                   0x08000c60   Section        0  at32f435_437_dvp.o(i.dvp_interrupt_enable)
    i.dvp_io_init                            0x08000c80   Section        0  dvp.o(i.dvp_io_init)
    i.dvp_pclk_polarity_set                  0x08000d68   Section        0  at32f435_437_dvp.o(i.dvp_pclk_polarity_set)
    i.dvp_pixel_data_length_set              0x08000d7c   Section        0  at32f435_437_dvp.o(i.dvp_pixel_data_length_set)
    i.dvp_start                              0x08000d90   Section        0  dvp.o(i.dvp_start)
    i.dvp_sync_mode_set                      0x08000dbc   Section        0  at32f435_437_dvp.o(i.dvp_sync_mode_set)
    i.dvp_vsync_polarity_set                 0x08000dd0   Section        0  at32f435_437_dvp.o(i.dvp_vsync_polarity_set)
    i.dvp_zoomout_select                     0x08000de4   Section        0  at32f435_437_dvp.o(i.dvp_zoomout_select)
    i.dvp_zoomout_set                        0x08000df8   Section        0  at32f435_437_dvp.o(i.dvp_zoomout_set)
    i.edma_double_buffer_mode_enable         0x08000e2c   Section        0  at32f435_437_edma.o(i.edma_double_buffer_mode_enable)
    i.edma_double_buffer_mode_init           0x08000e46   Section        0  at32f435_437_edma.o(i.edma_double_buffer_mode_init)
    i.edma_flag_clear                        0x08000e64   Section        0  at32f435_437_edma.o(i.edma_flag_clear)
    i.edma_flag_get                          0x08000e80   Section        0  at32f435_437_edma.o(i.edma_flag_get)
    i.edma_init                              0x08000ea4   Section        0  at32f435_437_edma.o(i.edma_init)
    i.edma_interrupt_enable                  0x08000f20   Section        0  at32f435_437_edma.o(i.edma_interrupt_enable)
    i.edma_reset                             0x08000f50   Section        0  at32f435_437_edma.o(i.edma_reset)
    i.edma_stream_enable                     0x08001000   Section        0  at32f435_437_edma.o(i.edma_stream_enable)
    i.edmamux_enable                         0x0800100c   Section        0  at32f435_437_edma.o(i.edmamux_enable)
    i.edmamux_init                           0x08001024   Section        0  at32f435_437_edma.o(i.edmamux_init)
    i.gpio_bits_reset                        0x0800102e   Section        0  at32f435_437_gpio.o(i.gpio_bits_reset)
    i.gpio_bits_set                          0x08001032   Section        0  at32f435_437_gpio.o(i.gpio_bits_set)
    i.gpio_default_para_init                 0x08001036   Section        0  at32f435_437_gpio.o(i.gpio_default_para_init)
    i.gpio_init                              0x0800104a   Section        0  at32f435_437_gpio.o(i.gpio_init)
    i.gpio_pin_mux_config                    0x080010c4   Section        0  at32f435_437_gpio.o(i.gpio_pin_mux_config)
    i.i2c_config                             0x08001106   Section        0  i2c_application.o(i.i2c_config)
    i.i2c_data_receive                       0x08001120   Section        0  at32f435_437_i2c.o(i.i2c_data_receive)
    i.i2c_data_send                          0x08001128   Section        0  at32f435_437_i2c.o(i.i2c_data_send)
    i.i2c_enable                             0x0800112c   Section        0  at32f435_437_i2c.o(i.i2c_enable)
    i.i2c_flag_clear                         0x08001136   Section        0  at32f435_437_i2c.o(i.i2c_flag_clear)
    i.i2c_flag_get                           0x0800113a   Section        0  at32f435_437_i2c.o(i.i2c_flag_get)
    i.i2c_init                               0x0800114a   Section        0  at32f435_437_i2c.o(i.i2c_init)
    i.i2c_lowlevel_init                      0x08001160   Section        0  ov5640.o(i.i2c_lowlevel_init)
    i.i2c_master_receive                     0x08001294   Section        0  i2c_application.o(i.i2c_master_receive)
    i.i2c_master_transmit                    0x0800134e   Section        0  i2c_application.o(i.i2c_master_transmit)
    i.i2c_own_address1_set                   0x08001408   Section        0  at32f435_437_i2c.o(i.i2c_own_address1_set)
    i.i2c_reset                              0x08001428   Section        0  at32f435_437_i2c.o(i.i2c_reset)
    i.i2c_reset_ctrl2_register               0x0800148c   Section        0  i2c_application.o(i.i2c_reset_ctrl2_register)
    i.i2c_start_transfer                     0x080014ca   Section        0  i2c_application.o(i.i2c_start_transfer)
    i.i2c_transmit_set                       0x08001508   Section        0  at32f435_437_i2c.o(i.i2c_transmit_set)
    i.i2c_wait_flag                          0x08001528   Section        0  i2c_application.o(i.i2c_wait_flag)
    i.lcd_char_show                          0x080015a0   Section        0  xmc_lcd.o(i.lcd_char_show)
    i.lcd_clear                              0x080016cc   Section        0  xmc_lcd.o(i.lcd_clear)
    i.lcd_drawpoint                          0x080016fc   Section        0  xmc_lcd.o(i.lcd_drawpoint)
    i.lcd_fill                               0x08001724   Section        0  xmc_lcd.o(i.lcd_fill)
    i.lcd_init                               0x0800176c   Section        0  xmc_lcd.o(i.lcd_init)
    i.lcd_rd_data                            0x08001a74   Section        0  xmc_lcd.o(i.lcd_rd_data)
    i.lcd_setblock                           0x08001a80   Section        0  xmc_lcd.o(i.lcd_setblock)
    i.lcd_string_show                        0x08001aca   Section        0  xmc_lcd.o(i.lcd_string_show)
    i.lcd_wr_command                         0x08001b30   Section        0  xmc_lcd.o(i.lcd_wr_command)
    i.lcd_wr_data                            0x08001b38   Section        0  xmc_lcd.o(i.lcd_wr_data)
    i.lcd_writeonepoint                      0x08001b44   Section        0  xmc_lcd.o(i.lcd_writeonepoint)
    i.main                                   0x08001b50   Section        0  main.o(i.main)
    i.nvic_irq_enable                        0x08001c80   Section        0  at32f435_437_misc.o(i.nvic_irq_enable)
    i.nvic_priority_group_config             0x08001d48   Section        0  at32f435_437_misc.o(i.nvic_priority_group_config)
    i.ov5640_brightness                      0x08001d70   Section        0  ov5640.o(i.ov5640_brightness)
    i.ov5640_capture                         0x08001dcc   Section        0  main.o(i.ov5640_capture)
    i.ov5640_color_saturation                0x08001eb8   Section        0  ov5640.o(i.ov5640_color_saturation)
    i.ov5640_contrast                        0x08001f34   Section        0  ov5640.o(i.ov5640_contrast)
    i.ov5640_focus_constant                  0x08001fac   Section        0  ov5640.o(i.ov5640_focus_constant)
    i.ov5640_focus_init                      0x08002034   Section        0  ov5640.o(i.ov5640_focus_init)
    i.ov5640_i2c_init                        0x080020f4   Section        0  ov5640.o(i.ov5640_i2c_init)
    i.ov5640_init                            0x0800210c   Section        0  ov5640.o(i.ov5640_init)
    i.ov5640_light_mode                      0x080021e0   Section        0  ov5640.o(i.ov5640_light_mode)
    i.ov5640_outsize_set                     0x08002228   Section        0  ov5640.o(i.ov5640_outsize_set)
    i.ov5640_reg_read                        0x080022a8   Section        0  ov5640.o(i.ov5640_reg_read)
    i.ov5640_reg_write                       0x080022f4   Section        0  ov5640.o(i.ov5640_reg_write)
    i.ov5640_rgb565_mode                     0x08002334   Section        0  ov5640.o(i.ov5640_rgb565_mode)
    i.ov5640_sharpness                       0x0800235c   Section        0  ov5640.o(i.ov5640_sharpness)
    i.system_clock_config                    0x080023d8   Section        0  at32f435_437_clock.o(i.system_clock_config)
    i.system_core_clock_update               0x08002498   Section        0  system_at32f435_437.o(i.system_core_clock_update)
    i.systick_clock_source_config            0x08002588   Section        0  at32f435_437_misc.o(i.systick_clock_source_config)
    i.xmc_init                               0x080025b0   Section        0  xmc_lcd.o(i.xmc_init)
    i.xmc_nor_sram_enable                    0x080027d0   Section        0  at32f435_437_xmc.o(i.xmc_nor_sram_enable)
    i.xmc_nor_sram_init                      0x080027e6   Section        0  at32f435_437_xmc.o(i.xmc_nor_sram_init)
    i.xmc_nor_sram_timing_config             0x08002840   Section        0  at32f435_437_xmc.o(i.xmc_nor_sram_timing_config)
    i.xmc_norsram_default_para_init          0x080028bc   Section        0  at32f435_437_xmc.o(i.xmc_norsram_default_para_init)
    i.xmc_norsram_timing_default_para_init   0x080028e6   Section        0  at32f435_437_xmc.o(i.xmc_norsram_timing_default_para_init)
    x$fpl$fpinit                             0x0800291e   Section       10  fpinit.o(x$fpl$fpinit)
    $v0                                      0x0800291e   Number         0  fpinit.o(x$fpl$fpinit)
    .constdata                               0x08002928   Section     5389  ov5640.o(.constdata)
    .constdata                               0x08003e35   Section    18240  xmc_lcd.o(.constdata)
    .constdata                               0x08008575   Section       22  system_at32f435_437.o(.constdata)
    sys_ahb_div_table                        0x08008575   Data          16  system_at32f435_437.o(.constdata)
    pll_fr_table                             0x08008585   Data           6  system_at32f435_437.o(.constdata)
    .data                                    0x20000000   Section        4  main.o(.data)
    LCD_ID                                   0x20000000   Data           2  main.o(.data)
    .data                                    0x20000004   Section       45  at32f435_437_board.o(.data)
    fac_us                                   0x20000024   Data           4  at32f435_437_board.o(.data)
    fac_ms                                   0x20000028   Data           4  at32f435_437_board.o(.data)
    pressed                                  0x20000030   Data           1  at32f435_437_board.o(.data)
    .data                                    0x20000032   Section        3  dvp.o(.data)
    LCD_ID                                   0x20000032   Data           2  dvp.o(.data)
    .data                                    0x20000035   Section        1  ov5640.o(.data)
    .data                                    0x20000038   Section       32  xmc_lcd.o(.data)
    LCD_ID                                   0x20000038   Data           2  xmc_lcd.o(.data)
    .data                                    0x20000058   Section        4  system_at32f435_437.o(.data)
    .bss                                     0x2000005c   Section       24  dvp.o(.bss)
    .bss                                     0x20000074   Section       52  ov5640.o(.bss)
    .bss                                     0x200000a8   Section       96  libspace.o(.bss)
    HEAP                                     0x20000108   Section      512  startup_at32f435_437.o(HEAP)
    Heap_Mem                                 0x20000108   Data         512  startup_at32f435_437.o(HEAP)
    STACK                                    0x20000308   Section     1024  startup_at32f435_437.o(STACK)
    Stack_Mem                                0x20000308   Data        1024  startup_at32f435_437.o(STACK)
    __initial_sp                             0x20000708   Data           0  startup_at32f435_437.o(STACK)

    Global Symbols

    Symbol Name                              Value     Ov Type        Size  Object(Section)

    BuildAttributes$$THM_ISAv4$E$P$D$K$B$S$7EM$VFPi3$EXTD16$VFPS$VFMA$PE$A:L22UL41UL21$X:L11$S22US41US21$IEEE1$IW$USESV6$~STKCKD$USESV7$~SHL$OSPACE$ROPI$EBA8$UX$STANDARDLIB$REQ8$PRES8$EABIv2 0x00000000   Number         0  anon$$obj.o ABSOLUTE
    __ARM_use_no_argv                        0x00000000   Number         0  main.o ABSOLUTE
    __ARM_exceptions_init                     - Undefined Weak Reference
    __alloca_initialize                       - Undefined Weak Reference
    __arm_preinit_                            - Undefined Weak Reference
    __cpp_initialize__aeabi_                  - Undefined Weak Reference
    __cxa_finalize                            - Undefined Weak Reference
    __rt_locale                               - Undefined Weak Reference
    __sigvec_lookup                           - Undefined Weak Reference
    _atexit_init                              - Undefined Weak Reference
    _call_atexit_fns                          - Undefined Weak Reference
    _clock_init                               - Undefined Weak Reference
    _fp_trap_init                             - Undefined Weak Reference
    _fp_trap_shutdown                         - Undefined Weak Reference
    _get_lc_collate                           - Undefined Weak Reference
    _get_lc_ctype                             - Undefined Weak Reference
    _get_lc_monetary                          - Undefined Weak Reference
    _get_lc_numeric                           - Undefined Weak Reference
    _get_lc_time                              - Undefined Weak Reference
    _getenv_init                              - Undefined Weak Reference
    _handle_redirection                       - Undefined Weak Reference
    _init_alloc                               - Undefined Weak Reference
    _init_user_alloc                          - Undefined Weak Reference
    _initio                                   - Undefined Weak Reference
    _rand_init                                - Undefined Weak Reference
    _signal_finish                            - Undefined Weak Reference
    _signal_init                              - Undefined Weak Reference
    _terminate_alloc                          - Undefined Weak Reference
    _terminate_user_alloc                     - Undefined Weak Reference
    _terminateio                              - Undefined Weak Reference
    __Vectors_Size                           0x0000020c   Number         0  startup_at32f435_437.o ABSOLUTE
    __Vectors                                0x08000000   Data           4  startup_at32f435_437.o(RESET)
    __Vectors_End                            0x0800020c   Data           0  startup_at32f435_437.o(RESET)
    __main                                   0x0800020d   Thumb Code     8  __main.o(!!!main)
    __scatterload                            0x08000215   Thumb Code     0  __scatter.o(!!!scatter)
    __scatterload_rt2                        0x08000215   Thumb Code    44  __scatter.o(!!!scatter)
    __scatterload_rt2_thumb_only             0x08000215   Thumb Code     0  __scatter.o(!!!scatter)
    __scatterload_null                       0x08000223   Thumb Code     0  __scatter.o(!!!scatter)
    __scatterload_copy                       0x08000249   Thumb Code    26  __scatter_copy.o(!!handler_copy)
    __scatterload_zeroinit                   0x08000265   Thumb Code    28  __scatter_zi.o(!!handler_zi)
    __rt_lib_init                            0x08000281   Thumb Code     0  libinit.o(.ARM.Collect$$libinit$$00000000)
    __rt_lib_init_fp_1                       0x08000283   Thumb Code     0  libinit2.o(.ARM.Collect$$libinit$$00000001)
    __rt_lib_init_alloca_1                   0x08000287   Thumb Code     0  libinit2.o(.ARM.Collect$$libinit$$0000002E)
    __rt_lib_init_argv_1                     0x08000287   Thumb Code     0  libinit2.o(.ARM.Collect$$libinit$$0000002C)
    __rt_lib_init_atexit_1                   0x08000287   Thumb Code     0  libinit2.o(.ARM.Collect$$libinit$$0000001B)
    __rt_lib_init_clock_1                    0x08000287   Thumb Code     0  libinit2.o(.ARM.Collect$$libinit$$00000021)
    __rt_lib_init_cpp_1                      0x08000287   Thumb Code     0  libinit2.o(.ARM.Collect$$libinit$$00000032)
    __rt_lib_init_exceptions_1               0x08000287   Thumb Code     0  libinit2.o(.ARM.Collect$$libinit$$00000030)
    __rt_lib_init_fp_trap_1                  0x08000287   Thumb Code     0  libinit2.o(.ARM.Collect$$libinit$$0000001F)
    __rt_lib_init_getenv_1                   0x08000287   Thumb Code     0  libinit2.o(.ARM.Collect$$libinit$$00000023)
    __rt_lib_init_heap_1                     0x08000287   Thumb Code     0  libinit2.o(.ARM.Collect$$libinit$$0000000A)
    __rt_lib_init_lc_collate_1               0x08000287   Thumb Code     0  libinit2.o(.ARM.Collect$$libinit$$00000011)
    __rt_lib_init_lc_ctype_1                 0x08000287   Thumb Code     0  libinit2.o(.ARM.Collect$$libinit$$00000013)
    __rt_lib_init_lc_monetary_1              0x08000287   Thumb Code     0  libinit2.o(.ARM.Collect$$libinit$$00000015)
    __rt_lib_init_lc_numeric_1               0x08000287   Thumb Code     0  libinit2.o(.ARM.Collect$$libinit$$00000017)
    __rt_lib_init_lc_time_1                  0x08000287   Thumb Code     0  libinit2.o(.ARM.Collect$$libinit$$00000019)
    __rt_lib_init_preinit_1                  0x08000287   Thumb Code     0  libinit2.o(.ARM.Collect$$libinit$$00000004)
    __rt_lib_init_rand_1                     0x08000287   Thumb Code     0  libinit2.o(.ARM.Collect$$libinit$$0000000E)
    __rt_lib_init_return                     0x08000287   Thumb Code     0  libinit2.o(.ARM.Collect$$libinit$$00000033)
    __rt_lib_init_signal_1                   0x08000287   Thumb Code     0  libinit2.o(.ARM.Collect$$libinit$$0000001D)
    __rt_lib_init_stdio_1                    0x08000287   Thumb Code     0  libinit2.o(.ARM.Collect$$libinit$$00000025)
    __rt_lib_init_user_alloc_1               0x08000287   Thumb Code     0  libinit2.o(.ARM.Collect$$libinit$$0000000C)
    __rt_lib_shutdown                        0x08000289   Thumb Code     0  libshutdown.o(.ARM.Collect$$libshutdown$$00000000)
    __rt_lib_shutdown_cpp_1                  0x0800028b   Thumb Code     0  libshutdown2.o(.ARM.Collect$$libshutdown$$00000002)
    __rt_lib_shutdown_fp_trap_1              0x0800028b   Thumb Code     0  libshutdown2.o(.ARM.Collect$$libshutdown$$00000007)
    __rt_lib_shutdown_heap_1                 0x0800028b   Thumb Code     0  libshutdown2.o(.ARM.Collect$$libshutdown$$0000000F)
    __rt_lib_shutdown_return                 0x0800028b   Thumb Code     0  libshutdown2.o(.ARM.Collect$$libshutdown$$00000010)
    __rt_lib_shutdown_signal_1               0x0800028b   Thumb Code     0  libshutdown2.o(.ARM.Collect$$libshutdown$$0000000A)
    __rt_lib_shutdown_stdio_1                0x0800028b   Thumb Code     0  libshutdown2.o(.ARM.Collect$$libshutdown$$00000004)
    __rt_lib_shutdown_user_alloc_1           0x0800028b   Thumb Code     0  libshutdown2.o(.ARM.Collect$$libshutdown$$0000000C)
    __rt_entry                               0x0800028d   Thumb Code     0  __rtentry.o(.ARM.Collect$$rtentry$$00000000)
    __rt_entry_presh_1                       0x0800028d   Thumb Code     0  __rtentry2.o(.ARM.Collect$$rtentry$$00000002)
    __rt_entry_sh                            0x0800028d   Thumb Code     0  __rtentry4.o(.ARM.Collect$$rtentry$$00000004)
    __rt_entry_li                            0x08000293   Thumb Code     0  __rtentry2.o(.ARM.Collect$$rtentry$$0000000A)
    __rt_entry_postsh_1                      0x08000293   Thumb Code     0  __rtentry2.o(.ARM.Collect$$rtentry$$00000009)
    __rt_entry_main                          0x08000297   Thumb Code     0  __rtentry2.o(.ARM.Collect$$rtentry$$0000000D)
    __rt_entry_postli_1                      0x08000297   Thumb Code     0  __rtentry2.o(.ARM.Collect$$rtentry$$0000000C)
    __rt_exit                                0x0800029f   Thumb Code     0  rtexit.o(.ARM.Collect$$rtexit$$00000000)
    __rt_exit_ls                             0x080002a1   Thumb Code     0  rtexit2.o(.ARM.Collect$$rtexit$$00000003)
    __rt_exit_prels_1                        0x080002a1   Thumb Code     0  rtexit2.o(.ARM.Collect$$rtexit$$00000002)
    __rt_exit_exit                           0x080002a5   Thumb Code     0  rtexit2.o(.ARM.Collect$$rtexit$$00000004)
    Reset_Handler                            0x080002ad   Thumb Code     8  startup_at32f435_437.o(.text)
    ACC_IRQHandler                           0x080002c7   Thumb Code     0  startup_at32f435_437.o(.text)
    ADC1_2_3_IRQHandler                      0x080002c7   Thumb Code     0  startup_at32f435_437.o(.text)
    CAN1_RX0_IRQHandler                      0x080002c7   Thumb Code     0  startup_at32f435_437.o(.text)
    CAN1_RX1_IRQHandler                      0x080002c7   Thumb Code     0  startup_at32f435_437.o(.text)
    CAN1_SE_IRQHandler                       0x080002c7   Thumb Code     0  startup_at32f435_437.o(.text)
    CAN1_TX_IRQHandler                       0x080002c7   Thumb Code     0  startup_at32f435_437.o(.text)
    CAN2_RX0_IRQHandler                      0x080002c7   Thumb Code     0  startup_at32f435_437.o(.text)
    CAN2_RX1_IRQHandler                      0x080002c7   Thumb Code     0  startup_at32f435_437.o(.text)
    CAN2_SE_IRQHandler                       0x080002c7   Thumb Code     0  startup_at32f435_437.o(.text)
    CAN2_TX_IRQHandler                       0x080002c7   Thumb Code     0  startup_at32f435_437.o(.text)
    CRM_IRQHandler                           0x080002c7   Thumb Code     0  startup_at32f435_437.o(.text)
    DMA1_Channel1_IRQHandler                 0x080002c7   Thumb Code     0  startup_at32f435_437.o(.text)
    DMA1_Channel2_IRQHandler                 0x080002c7   Thumb Code     0  startup_at32f435_437.o(.text)
    DMA1_Channel3_IRQHandler                 0x080002c7   Thumb Code     0  startup_at32f435_437.o(.text)
    DMA1_Channel4_IRQHandler                 0x080002c7   Thumb Code     0  startup_at32f435_437.o(.text)
    DMA1_Channel5_IRQHandler                 0x080002c7   Thumb Code     0  startup_at32f435_437.o(.text)
    DMA1_Channel6_IRQHandler                 0x080002c7   Thumb Code     0  startup_at32f435_437.o(.text)
    DMA1_Channel7_IRQHandler                 0x080002c7   Thumb Code     0  startup_at32f435_437.o(.text)
    DMA2_Channel1_IRQHandler                 0x080002c7   Thumb Code     0  startup_at32f435_437.o(.text)
    DMA2_Channel2_IRQHandler                 0x080002c7   Thumb Code     0  startup_at32f435_437.o(.text)
    DMA2_Channel3_IRQHandler                 0x080002c7   Thumb Code     0  startup_at32f435_437.o(.text)
    DMA2_Channel4_IRQHandler                 0x080002c7   Thumb Code     0  startup_at32f435_437.o(.text)
    DMA2_Channel5_IRQHandler                 0x080002c7   Thumb Code     0  startup_at32f435_437.o(.text)
    DMA2_Channel6_IRQHandler                 0x080002c7   Thumb Code     0  startup_at32f435_437.o(.text)
    DMA2_Channel7_IRQHandler                 0x080002c7   Thumb Code     0  startup_at32f435_437.o(.text)
    DMAMUX_IRQHandler                        0x080002c7   Thumb Code     0  startup_at32f435_437.o(.text)
    EDMA_Stream1_IRQHandler                  0x080002c7   Thumb Code     0  startup_at32f435_437.o(.text)
    EDMA_Stream2_IRQHandler                  0x080002c7   Thumb Code     0  startup_at32f435_437.o(.text)
    EDMA_Stream3_IRQHandler                  0x080002c7   Thumb Code     0  startup_at32f435_437.o(.text)
    EDMA_Stream5_IRQHandler                  0x080002c7   Thumb Code     0  startup_at32f435_437.o(.text)
    EDMA_Stream6_IRQHandler                  0x080002c7   Thumb Code     0  startup_at32f435_437.o(.text)
    EDMA_Stream7_IRQHandler                  0x080002c7   Thumb Code     0  startup_at32f435_437.o(.text)
    EDMA_Stream8_IRQHandler                  0x080002c7   Thumb Code     0  startup_at32f435_437.o(.text)
    EMAC_IRQHandler                          0x080002c7   Thumb Code     0  startup_at32f435_437.o(.text)
    EMAC_WKUP_IRQHandler                     0x080002c7   Thumb Code     0  startup_at32f435_437.o(.text)
    ERTCAlarm_IRQHandler                     0x080002c7   Thumb Code     0  startup_at32f435_437.o(.text)
    ERTC_WKUP_IRQHandler                     0x080002c7   Thumb Code     0  startup_at32f435_437.o(.text)
    EXINT0_IRQHandler                        0x080002c7   Thumb Code     0  startup_at32f435_437.o(.text)
    EXINT15_10_IRQHandler                    0x080002c7   Thumb Code     0  startup_at32f435_437.o(.text)
    EXINT1_IRQHandler                        0x080002c7   Thumb Code     0  startup_at32f435_437.o(.text)
    EXINT2_IRQHandler                        0x080002c7   Thumb Code     0  startup_at32f435_437.o(.text)
    EXINT3_IRQHandler                        0x080002c7   Thumb Code     0  startup_at32f435_437.o(.text)
    EXINT4_IRQHandler                        0x080002c7   Thumb Code     0  startup_at32f435_437.o(.text)
    EXINT9_5_IRQHandler                      0x080002c7   Thumb Code     0  startup_at32f435_437.o(.text)
    FLASH_IRQHandler                         0x080002c7   Thumb Code     0  startup_at32f435_437.o(.text)
    FPU_IRQHandler                           0x080002c7   Thumb Code     0  startup_at32f435_437.o(.text)
    I2C1_ERR_IRQHandler                      0x080002c7   Thumb Code     0  startup_at32f435_437.o(.text)
    I2C1_EVT_IRQHandler                      0x080002c7   Thumb Code     0  startup_at32f435_437.o(.text)
    I2C2_ERR_IRQHandler                      0x080002c7   Thumb Code     0  startup_at32f435_437.o(.text)
    I2C2_EVT_IRQHandler                      0x080002c7   Thumb Code     0  startup_at32f435_437.o(.text)
    I2C3_ERR_IRQHandler                      0x080002c7   Thumb Code     0  startup_at32f435_437.o(.text)
    I2C3_EVT_IRQHandler                      0x080002c7   Thumb Code     0  startup_at32f435_437.o(.text)
    OTGFS1_IRQHandler                        0x080002c7   Thumb Code     0  startup_at32f435_437.o(.text)
    OTGFS1_WKUP_IRQHandler                   0x080002c7   Thumb Code     0  startup_at32f435_437.o(.text)
    OTGFS2_IRQHandler                        0x080002c7   Thumb Code     0  startup_at32f435_437.o(.text)
    OTGFS2_WKUP_IRQHandler                   0x080002c7   Thumb Code     0  startup_at32f435_437.o(.text)
    PVM_IRQHandler                           0x080002c7   Thumb Code     0  startup_at32f435_437.o(.text)
    QSPI1_IRQHandler                         0x080002c7   Thumb Code     0  startup_at32f435_437.o(.text)
    QSPI2_IRQHandler                         0x080002c7   Thumb Code     0  startup_at32f435_437.o(.text)
    SDIO1_IRQHandler                         0x080002c7   Thumb Code     0  startup_at32f435_437.o(.text)
    SDIO2_IRQHandler                         0x080002c7   Thumb Code     0  startup_at32f435_437.o(.text)
    SPI1_IRQHandler                          0x080002c7   Thumb Code     0  startup_at32f435_437.o(.text)
    SPI2_I2S2EXT_IRQHandler                  0x080002c7   Thumb Code     0  startup_at32f435_437.o(.text)
    SPI3_I2S3EXT_IRQHandler                  0x080002c7   Thumb Code     0  startup_at32f435_437.o(.text)
    SPI4_IRQHandler                          0x080002c7   Thumb Code     0  startup_at32f435_437.o(.text)
    TAMP_STAMP_IRQHandler                    0x080002c7   Thumb Code     0  startup_at32f435_437.o(.text)
    TMR1_BRK_TMR9_IRQHandler                 0x080002c7   Thumb Code     0  startup_at32f435_437.o(.text)
    TMR1_CH_IRQHandler                       0x080002c7   Thumb Code     0  startup_at32f435_437.o(.text)
    TMR1_OVF_TMR10_IRQHandler                0x080002c7   Thumb Code     0  startup_at32f435_437.o(.text)
    TMR1_TRG_HALL_TMR11_IRQHandler           0x080002c7   Thumb Code     0  startup_at32f435_437.o(.text)
    TMR20_BRK_IRQHandler                     0x080002c7   Thumb Code     0  startup_at32f435_437.o(.text)
    TMR20_CH_IRQHandler                      0x080002c7   Thumb Code     0  startup_at32f435_437.o(.text)
    TMR20_OVF_IRQHandler                     0x080002c7   Thumb Code     0  startup_at32f435_437.o(.text)
    TMR20_TRG_HALL_IRQHandler                0x080002c7   Thumb Code     0  startup_at32f435_437.o(.text)
    TMR2_GLOBAL_IRQHandler                   0x080002c7   Thumb Code     0  startup_at32f435_437.o(.text)
    TMR3_GLOBAL_IRQHandler                   0x080002c7   Thumb Code     0  startup_at32f435_437.o(.text)
    TMR4_GLOBAL_IRQHandler                   0x080002c7   Thumb Code     0  startup_at32f435_437.o(.text)
    TMR5_GLOBAL_IRQHandler                   0x080002c7   Thumb Code     0  startup_at32f435_437.o(.text)
    TMR6_DAC_GLOBAL_IRQHandler               0x080002c7   Thumb Code     0  startup_at32f435_437.o(.text)
    TMR7_GLOBAL_IRQHandler                   0x080002c7   Thumb Code     0  startup_at32f435_437.o(.text)
    TMR8_BRK_TMR12_IRQHandler                0x080002c7   Thumb Code     0  startup_at32f435_437.o(.text)
    TMR8_CH_IRQHandler                       0x080002c7   Thumb Code     0  startup_at32f435_437.o(.text)
    TMR8_OVF_TMR13_IRQHandler                0x080002c7   Thumb Code     0  startup_at32f435_437.o(.text)
    TMR8_TRG_HALL_TMR14_IRQHandler           0x080002c7   Thumb Code     0  startup_at32f435_437.o(.text)
    UART4_IRQHandler                         0x080002c7   Thumb Code     0  startup_at32f435_437.o(.text)
    UART5_IRQHandler                         0x080002c7   Thumb Code     0  startup_at32f435_437.o(.text)
    UART7_IRQHandler                         0x080002c7   Thumb Code     0  startup_at32f435_437.o(.text)
    UART8_IRQHandler                         0x080002c7   Thumb Code     0  startup_at32f435_437.o(.text)
    USART1_IRQHandler                        0x080002c7   Thumb Code     0  startup_at32f435_437.o(.text)
    USART2_IRQHandler                        0x080002c7   Thumb Code     0  startup_at32f435_437.o(.text)
    USART3_IRQHandler                        0x080002c7   Thumb Code     0  startup_at32f435_437.o(.text)
    USART6_IRQHandler                        0x080002c7   Thumb Code     0  startup_at32f435_437.o(.text)
    WWDT_IRQHandler                          0x080002c7   Thumb Code     0  startup_at32f435_437.o(.text)
    XMC_IRQHandler                           0x080002c7   Thumb Code     0  startup_at32f435_437.o(.text)
    __user_initial_stackheap                 0x080002c9   Thumb Code     0  startup_at32f435_437.o(.text)
    __use_no_semihosting                     0x080002ed   Thumb Code     2  use_no_semi_2.o(.text)
    __aeabi_uldivmod                         0x080002ef   Thumb Code     0  lludivv7m.o(.text)
    _ll_udiv                                 0x080002ef   Thumb Code   238  lludivv7m.o(.text)
    __use_two_region_memory                  0x080003dd   Thumb Code     2  heapauxi.o(.text)
    __rt_heap_escrow$2region                 0x080003df   Thumb Code     2  heapauxi.o(.text)
    __rt_heap_expand$2region                 0x080003e1   Thumb Code     2  heapauxi.o(.text)
    __I$use$semihosting                      0x080003e3   Thumb Code     0  use_no_semi.o(.text)
    __use_no_semihosting_swi                 0x080003e3   Thumb Code     2  use_no_semi.o(.text)
    __user_setup_stackheap                   0x080003e5   Thumb Code    74  sys_stackheap_outer.o(.text)
    exit                                     0x0800042f   Thumb Code    18  exit.o(.text)
    __user_libspace                          0x08000441   Thumb Code     8  libspace.o(.text)
    __user_perproc_libspace                  0x08000441   Thumb Code     0  libspace.o(.text)
    __user_perthread_libspace                0x08000441   Thumb Code     0  libspace.o(.text)
    BusFault_Handler                         0x08000449   Thumb Code     4  at32f435_437_int.o(i.BusFault_Handler)
    DVP_IRQHandler                           0x0800044d   Thumb Code     8  dvp.o(i.DVP_IRQHandler)
    DebugMon_Handler                         0x08000455   Thumb Code     2  at32f435_437_int.o(i.DebugMon_Handler)
    EDMA_Stream4_IRQHandler                  0x08000457   Thumb Code    22  dvp.o(i.EDMA_Stream4_IRQHandler)
    HardFault_Handler                        0x0800046d   Thumb Code     4  at32f435_437_int.o(i.HardFault_Handler)
    MemManage_Handler                        0x08000471   Thumb Code     4  at32f435_437_int.o(i.MemManage_Handler)
    NMI_Handler                              0x08000475   Thumb Code     2  at32f435_437_int.o(i.NMI_Handler)
    PendSV_Handler                           0x08000477   Thumb Code     2  at32f435_437_int.o(i.PendSV_Handler)
    SVC_Handler                              0x08000479   Thumb Code     2  at32f435_437_int.o(i.SVC_Handler)
    SysTick_Handler                          0x0800047b   Thumb Code     2  at32f435_437_int.o(i.SysTick_Handler)
    SystemInit                               0x0800047d   Thumb Code   126  system_at32f435_437.o(i.SystemInit)
    UsageFault_Handler                       0x0800050d   Thumb Code     4  at32f435_437_int.o(i.UsageFault_Handler)
    _sys_exit                                0x08000511   Thumb Code     4  at32f435_437_board.o(i._sys_exit)
    at32_board_init                          0x08000515   Thumb Code    48  at32f435_437_board.o(i.at32_board_init)
    at32_button_init                         0x08000545   Thumb Code    54  at32f435_437_board.o(i.at32_button_init)
    at32_led_init                            0x08000581   Thumb Code    68  at32f435_437_board.o(i.at32_led_init)
    at32_led_off                             0x080005d1   Thumb Code    32  at32f435_437_board.o(i.at32_led_off)
    at32_led_toggle                          0x080005f9   Thumb Code    42  at32f435_437_board.o(i.at32_led_toggle)
    crm_ahb_div_set                          0x0800062d   Thumb Code    14  at32f435_437_crm.o(i.crm_ahb_div_set)
    crm_apb1_div_set                         0x08000641   Thumb Code    14  at32f435_437_crm.o(i.crm_apb1_div_set)
    crm_apb2_div_set                         0x08000655   Thumb Code    14  at32f435_437_crm.o(i.crm_apb2_div_set)
    crm_auto_step_mode_enable                0x08000669   Thumb Code    34  at32f435_437_crm.o(i.crm_auto_step_mode_enable)
    crm_clock_source_enable                  0x08000691   Thumb Code    98  at32f435_437_crm.o(i.crm_clock_source_enable)
    crm_flag_get                             0x080006f9   Thumb Code    44  at32f435_437_crm.o(i.crm_flag_get)
    crm_hext_stable_wait                     0x08000729   Thumb Code    46  at32f435_437_crm.o(i.crm_hext_stable_wait)
    crm_periph_clock_enable                  0x08000759   Thumb Code    70  at32f435_437_crm.o(i.crm_periph_clock_enable)
    crm_periph_reset                         0x080007a5   Thumb Code    70  at32f435_437_crm.o(i.crm_periph_reset)
    crm_pll_config                           0x080007f1   Thumb Code    46  at32f435_437_crm.o(i.crm_pll_config)
    crm_reset                                0x08000825   Thumb Code   104  at32f435_437_crm.o(i.crm_reset)
    crm_sysclk_switch                        0x08000899   Thumb Code    14  at32f435_437_crm.o(i.crm_sysclk_switch)
    crm_sysclk_switch_status_get             0x080008ad   Thumb Code    10  at32f435_437_crm.o(i.crm_sysclk_switch_status_get)
    delay_init                               0x080008bd   Thumb Code    38  at32f435_437_board.o(i.delay_init)
    delay_ms                                 0x080008f5   Thumb Code   110  at32f435_437_board.o(i.delay_ms)
    dma_init                                 0x08000969   Thumb Code    98  at32f435_437_dma.o(i.dma_init)
    dma_reset                                0x080009cd   Thumb Code   102  at32f435_437_dma.o(i.dma_reset)
    dmamux_enable                            0x08000a3d   Thumb Code    14  at32f435_437_dma.o(i.dmamux_enable)
    dmamux_init                              0x08000a4b   Thumb Code    10  at32f435_437_dma.o(i.dmamux_init)
    dvp_capture_enable                       0x08000a55   Thumb Code    14  at32f435_437_dvp.o(i.dvp_capture_enable)
    dvp_capture_mode_set                     0x08000a69   Thumb Code    14  at32f435_437_dvp.o(i.dvp_capture_mode_set)
    dvp_config                               0x08000a7d   Thumb Code    86  dvp.o(i.dvp_config)
    dvp_dma_init                             0x08000ad5   Thumb Code   136  dvp.o(i.dvp_dma_init)
    dvp_enable                               0x08000b6d   Thumb Code    14  at32f435_437_dvp.o(i.dvp_enable)
    dvp_flag_clear                           0x08000b81   Thumb Code    10  at32f435_437_dvp.o(i.dvp_flag_clear)
    dvp_flag_get                             0x08000b91   Thumb Code    42  at32f435_437_dvp.o(i.dvp_flag_get)
    dvp_frame_done                           0x08000bc1   Thumb Code    32  dvp.o(i.dvp_frame_done)
    dvp_hsync_polarity_set                   0x08000be9   Thumb Code    14  at32f435_437_dvp.o(i.dvp_hsync_polarity_set)
    dvp_int_handler                          0x08000bfd   Thumb Code    94  dvp.o(i.dvp_int_handler)
    dvp_interrupt_enable                     0x08000c61   Thumb Code    28  at32f435_437_dvp.o(i.dvp_interrupt_enable)
    dvp_io_init                              0x08000c81   Thumb Code   214  dvp.o(i.dvp_io_init)
    dvp_pclk_polarity_set                    0x08000d69   Thumb Code    14  at32f435_437_dvp.o(i.dvp_pclk_polarity_set)
    dvp_pixel_data_length_set                0x08000d7d   Thumb Code    14  at32f435_437_dvp.o(i.dvp_pixel_data_length_set)
    dvp_start                                0x08000d91   Thumb Code    36  dvp.o(i.dvp_start)
    dvp_sync_mode_set                        0x08000dbd   Thumb Code    14  at32f435_437_dvp.o(i.dvp_sync_mode_set)
    dvp_vsync_polarity_set                   0x08000dd1   Thumb Code    14  at32f435_437_dvp.o(i.dvp_vsync_polarity_set)
    dvp_zoomout_select                       0x08000de5   Thumb Code    14  at32f435_437_dvp.o(i.dvp_zoomout_select)
    dvp_zoomout_set                          0x08000df9   Thumb Code    46  at32f435_437_dvp.o(i.dvp_zoomout_set)
    edma_double_buffer_mode_enable           0x08000e2d   Thumb Code    26  at32f435_437_edma.o(i.edma_double_buffer_mode_enable)
    edma_double_buffer_mode_init             0x08000e47   Thumb Code    28  at32f435_437_edma.o(i.edma_double_buffer_mode_init)
    edma_flag_clear                          0x08000e65   Thumb Code    22  at32f435_437_edma.o(i.edma_flag_clear)
    edma_flag_get                            0x08000e81   Thumb Code    32  at32f435_437_edma.o(i.edma_flag_get)
    edma_init                                0x08000ea5   Thumb Code   124  at32f435_437_edma.o(i.edma_init)
    edma_interrupt_enable                    0x08000f21   Thumb Code    48  at32f435_437_edma.o(i.edma_interrupt_enable)
    edma_reset                               0x08000f51   Thumb Code   166  at32f435_437_edma.o(i.edma_reset)
    edma_stream_enable                       0x08001001   Thumb Code    10  at32f435_437_edma.o(i.edma_stream_enable)
    edmamux_enable                           0x0800100d   Thumb Code    16  at32f435_437_edma.o(i.edmamux_enable)
    edmamux_init                             0x08001025   Thumb Code    10  at32f435_437_edma.o(i.edmamux_init)
    gpio_bits_reset                          0x0800102f   Thumb Code     4  at32f435_437_gpio.o(i.gpio_bits_reset)
    gpio_bits_set                            0x08001033   Thumb Code     4  at32f435_437_gpio.o(i.gpio_bits_set)
    gpio_default_para_init                   0x08001037   Thumb Code    20  at32f435_437_gpio.o(i.gpio_default_para_init)
    gpio_init                                0x0800104b   Thumb Code   122  at32f435_437_gpio.o(i.gpio_init)
    gpio_pin_mux_config                      0x080010c5   Thumb Code    66  at32f435_437_gpio.o(i.gpio_pin_mux_config)
    i2c_config                               0x08001107   Thumb Code    26  i2c_application.o(i.i2c_config)
    i2c_data_receive                         0x08001121   Thumb Code     8  at32f435_437_i2c.o(i.i2c_data_receive)
    i2c_data_send                            0x08001129   Thumb Code     4  at32f435_437_i2c.o(i.i2c_data_send)
    i2c_enable                               0x0800112d   Thumb Code    10  at32f435_437_i2c.o(i.i2c_enable)
    i2c_flag_clear                           0x08001137   Thumb Code     4  at32f435_437_i2c.o(i.i2c_flag_clear)
    i2c_flag_get                             0x0800113b   Thumb Code    16  at32f435_437_i2c.o(i.i2c_flag_get)
    i2c_init                                 0x0800114b   Thumb Code    20  at32f435_437_i2c.o(i.i2c_init)
    i2c_lowlevel_init                        0x08001161   Thumb Code   284  ov5640.o(i.i2c_lowlevel_init)
    i2c_master_receive                       0x08001295   Thumb Code   186  i2c_application.o(i.i2c_master_receive)
    i2c_master_transmit                      0x0800134f   Thumb Code   186  i2c_application.o(i.i2c_master_transmit)
    i2c_own_address1_set                     0x08001409   Thumb Code    30  at32f435_437_i2c.o(i.i2c_own_address1_set)
    i2c_reset                                0x08001429   Thumb Code    84  at32f435_437_i2c.o(i.i2c_reset)
    i2c_reset_ctrl2_register                 0x0800148d   Thumb Code    62  i2c_application.o(i.i2c_reset_ctrl2_register)
    i2c_start_transfer                       0x080014cb   Thumb Code    62  i2c_application.o(i.i2c_start_transfer)
    i2c_transmit_set                         0x08001509   Thumb Code    28  at32f435_437_i2c.o(i.i2c_transmit_set)
    i2c_wait_flag                            0x08001529   Thumb Code   118  i2c_application.o(i.i2c_wait_flag)
    lcd_char_show                            0x080015a1   Thumb Code   282  xmc_lcd.o(i.lcd_char_show)
    lcd_clear                                0x080016cd   Thumb Code    42  xmc_lcd.o(i.lcd_clear)
    lcd_drawpoint                            0x080016fd   Thumb Code    36  xmc_lcd.o(i.lcd_drawpoint)
    lcd_fill                                 0x08001725   Thumb Code    66  xmc_lcd.o(i.lcd_fill)
    lcd_init                                 0x0800176d   Thumb Code   768  xmc_lcd.o(i.lcd_init)
    lcd_rd_data                              0x08001a75   Thumb Code     6  xmc_lcd.o(i.lcd_rd_data)
    lcd_setblock                             0x08001a81   Thumb Code    74  xmc_lcd.o(i.lcd_setblock)
    lcd_string_show                          0x08001acb   Thumb Code   102  xmc_lcd.o(i.lcd_string_show)
    lcd_wr_command                           0x08001b31   Thumb Code     8  xmc_lcd.o(i.lcd_wr_command)
    lcd_wr_data                              0x08001b39   Thumb Code     6  xmc_lcd.o(i.lcd_wr_data)
    lcd_writeonepoint                        0x08001b45   Thumb Code    12  xmc_lcd.o(i.lcd_writeonepoint)
    main                                     0x08001b51   Thumb Code   220  main.o(i.main)
    nvic_irq_enable                          0x08001c81   Thumb Code   190  at32f435_437_misc.o(i.nvic_irq_enable)
    nvic_priority_group_config               0x08001d49   Thumb Code    32  at32f435_437_misc.o(i.nvic_priority_group_config)
    ov5640_brightness                        0x08001d71   Thumb Code    90  ov5640.o(i.ov5640_brightness)
    ov5640_capture                           0x08001dcd   Thumb Code   168  main.o(i.ov5640_capture)
    ov5640_color_saturation                  0x08001eb9   Thumb Code   120  ov5640.o(i.ov5640_color_saturation)
    ov5640_contrast                          0x08001f35   Thumb Code   120  ov5640.o(i.ov5640_contrast)
    ov5640_focus_constant                    0x08001fad   Thumb Code   134  ov5640.o(i.ov5640_focus_constant)
    ov5640_focus_init                        0x08002035   Thumb Code   186  ov5640.o(i.ov5640_focus_init)
    ov5640_i2c_init                          0x080020f5   Thumb Code    16  ov5640.o(i.ov5640_i2c_init)
    ov5640_init                              0x0800210d   Thumb Code   198  ov5640.o(i.ov5640_init)
    ov5640_light_mode                        0x080021e1   Thumb Code    66  ov5640.o(i.ov5640_light_mode)
    ov5640_outsize_set                       0x08002229   Thumb Code   126  ov5640.o(i.ov5640_outsize_set)
    ov5640_reg_read                          0x080022a9   Thumb Code    70  ov5640.o(i.ov5640_reg_read)
    ov5640_reg_write                         0x080022f5   Thumb Code    52  ov5640.o(i.ov5640_reg_write)
    ov5640_rgb565_mode                       0x08002335   Thumb Code    36  ov5640.o(i.ov5640_rgb565_mode)
    ov5640_sharpness                         0x0800235d   Thumb Code   122  ov5640.o(i.ov5640_sharpness)
    system_clock_config                      0x080023d9   Thumb Code   180  at32f435_437_clock.o(i.system_clock_config)
    system_core_clock_update                 0x08002499   Thumb Code   214  system_at32f435_437.o(i.system_core_clock_update)
    systick_clock_source_config              0x08002589   Thumb Code    40  at32f435_437_misc.o(i.systick_clock_source_config)
    xmc_init                                 0x080025b1   Thumb Code   526  xmc_lcd.o(i.xmc_init)
    xmc_nor_sram_enable                      0x080027d1   Thumb Code    22  at32f435_437_xmc.o(i.xmc_nor_sram_enable)
    xmc_nor_sram_init                        0x080027e7   Thumb Code    90  at32f435_437_xmc.o(i.xmc_nor_sram_init)
    xmc_nor_sram_timing_config               0x08002841   Thumb Code   118  at32f435_437_xmc.o(i.xmc_nor_sram_timing_config)
    xmc_norsram_default_para_init            0x080028bd   Thumb Code    42  at32f435_437_xmc.o(i.xmc_norsram_default_para_init)
    xmc_norsram_timing_default_para_init     0x080028e7   Thumb Code    56  at32f435_437_xmc.o(i.xmc_norsram_timing_default_para_init)
    _fp_init                                 0x0800291f   Thumb Code    10  fpinit.o(x$fpl$fpinit)
    __fplib_config_fpu_vfp                   0x08002927   Thumb Code     0  fpinit.o(x$fpl$fpinit)
    __fplib_config_pureend_doubles           0x08002927   Thumb Code     0  fpinit.o(x$fpl$fpinit)
    OV5640_jpeg_reg_tbl                      0x08002928   Data         164  ov5640.o(.constdata)
    ov5640_rgb565_reg_tbl                    0x080029cc   Data         180  ov5640.o(.constdata)
    ov5640_uxga_init_reg_tbl                 0x08002a80   Data         828  ov5640.o(.constdata)
    OV5640_AF_Config                         0x08002dbc   Data        4077  ov5640.o(.constdata)
    OV5640_EXPOSURE_TBL                      0x08003da9   Data          42  ov5640.o(.constdata)
    OV5640_LIGHTMODE_TBL                     0x08003dd3   Data          35  ov5640.o(.constdata)
    OV5640_SATURATION_TBL                    0x08003df6   Data          42  ov5640.o(.constdata)
    OV5640_EFFECTS_TBL                       0x08003e20   Data          21  ov5640.o(.constdata)
    asc2_1206                                0x08003e35   Data        1140  xmc_lcd.o(.constdata)
    asc2_1608                                0x080042a9   Data        1520  xmc_lcd.o(.constdata)
    asc2_2412                                0x08004899   Data        3420  xmc_lcd.o(.constdata)
    asc2_3216                                0x080055f5   Data       12160  xmc_lcd.o(.constdata)
    Region$$Table$$Base                      0x0800858c   Number         0  anon$$obj.o(Region$$Table)
    Region$$Table$$Limit                     0x080085ac   Number         0  anon$$obj.o(Region$$Table)
    point_color                              0x20000002   Data           2  main.o(.data)
    led_gpio_port                            0x20000004   Data          12  at32f435_437_board.o(.data)
    led_gpio_pin                             0x20000010   Data           6  at32f435_437_board.o(.data)
    led_gpio_crm_clk                         0x20000018   Data          12  at32f435_437_board.o(.data)
    __stdout                                 0x2000002c   Data           4  at32f435_437_board.o(.data)
    ov_frame                                 0x20000034   Data           1  dvp.o(.data)
    STA                                      0x20000035   Data           1  ov5640.o(.data)
    lcd_dev_struct                           0x2000003c   Data          24  xmc_lcd.o(.data)
    lcd_struct                               0x20000054   Data           4  xmc_lcd.o(.data)
    system_core_clock                        0x20000058   Data           4  system_at32f435_437.o(.data)
    edma_init_struct                         0x2000005c   Data          24  dvp.o(.bss)
    hi2cx                                    0x20000074   Data          52  ov5640.o(.bss)
    __libspace_start                         0x200000a8   Data          96  libspace.o(.bss)
    __temporary_stack_top$libspace           0x20000108   Data           0  libspace.o(.bss)



==============================================================================

Memory Map of the image

  Image Entry point : 0x0800020d

  Load Region LR_IROM1 (Base: 0x08000000, Size: 0x00008608, Max: 0x003f0000, ABSOLUTE)

    Execution Region ER_IROM1 (Exec base: 0x08000000, Load base: 0x08000000, Size: 0x000085ac, Max: 0x003f0000, ABSOLUTE)

    Exec Addr    Load Addr    Size         Type   Attr      Idx    E Section Name        Object

    0x08000000   0x08000000   0x0000020c   Data   RO         2659    RESET               startup_at32f435_437.o
    0x0800020c   0x0800020c   0x00000008   Code   RO         2672  * !!!main             c_w.l(__main.o)
    0x08000214   0x08000214   0x00000034   Code   RO         2835    !!!scatter          c_w.l(__scatter.o)
    0x08000248   0x08000248   0x0000001a   Code   RO         2837    !!handler_copy      c_w.l(__scatter_copy.o)
    0x08000262   0x08000262   0x00000002   PAD
    0x08000264   0x08000264   0x0000001c   Code   RO         2839    !!handler_zi        c_w.l(__scatter_zi.o)
    0x08000280   0x08000280   0x00000002   Code   RO         2711    .ARM.Collect$$libinit$$00000000  c_w.l(libinit.o)
    0x08000282   0x08000282   0x00000004   Code   RO         2723    .ARM.Collect$$libinit$$00000001  c_w.l(libinit2.o)
    0x08000286   0x08000286   0x00000000   Code   RO         2726    .ARM.Collect$$libinit$$00000004  c_w.l(libinit2.o)
    0x08000286   0x08000286   0x00000000   Code   RO         2729    .ARM.Collect$$libinit$$0000000A  c_w.l(libinit2.o)
    0x08000286   0x08000286   0x00000000   Code   RO         2731    .ARM.Collect$$libinit$$0000000C  c_w.l(libinit2.o)
    0x08000286   0x08000286   0x00000000   Code   RO         2733    .ARM.Collect$$libinit$$0000000E  c_w.l(libinit2.o)
    0x08000286   0x08000286   0x00000000   Code   RO         2736    .ARM.Collect$$libinit$$00000011  c_w.l(libinit2.o)
    0x08000286   0x08000286   0x00000000   Code   RO         2738    .ARM.Collect$$libinit$$00000013  c_w.l(libinit2.o)
    0x08000286   0x08000286   0x00000000   Code   RO         2740    .ARM.Collect$$libinit$$00000015  c_w.l(libinit2.o)
    0x08000286   0x08000286   0x00000000   Code   RO         2742    .ARM.Collect$$libinit$$00000017  c_w.l(libinit2.o)
    0x08000286   0x08000286   0x00000000   Code   RO         2744    .ARM.Collect$$libinit$$00000019  c_w.l(libinit2.o)
    0x08000286   0x08000286   0x00000000   Code   RO         2746    .ARM.Collect$$libinit$$0000001B  c_w.l(libinit2.o)
    0x08000286   0x08000286   0x00000000   Code   RO         2748    .ARM.Collect$$libinit$$0000001D  c_w.l(libinit2.o)
    0x08000286   0x08000286   0x00000000   Code   RO         2750    .ARM.Collect$$libinit$$0000001F  c_w.l(libinit2.o)
    0x08000286   0x08000286   0x00000000   Code   RO         2752    .ARM.Collect$$libinit$$00000021  c_w.l(libinit2.o)
    0x08000286   0x08000286   0x00000000   Code   RO         2754    .ARM.Collect$$libinit$$00000023  c_w.l(libinit2.o)
    0x08000286   0x08000286   0x00000000   Code   RO         2756    .ARM.Collect$$libinit$$00000025  c_w.l(libinit2.o)
    0x08000286   0x08000286   0x00000000   Code   RO         2760    .ARM.Collect$$libinit$$0000002C  c_w.l(libinit2.o)
    0x08000286   0x08000286   0x00000000   Code   RO         2762    .ARM.Collect$$libinit$$0000002E  c_w.l(libinit2.o)
    0x08000286   0x08000286   0x00000000   Code   RO         2764    .ARM.Collect$$libinit$$00000030  c_w.l(libinit2.o)
    0x08000286   0x08000286   0x00000000   Code   RO         2766    .ARM.Collect$$libinit$$00000032  c_w.l(libinit2.o)
    0x08000286   0x08000286   0x00000002   Code   RO         2767    .ARM.Collect$$libinit$$00000033  c_w.l(libinit2.o)
    0x08000288   0x08000288   0x00000002   Code   RO         2791    .ARM.Collect$$libshutdown$$00000000  c_w.l(libshutdown.o)
    0x0800028a   0x0800028a   0x00000000   Code   RO         2817    .ARM.Collect$$libshutdown$$00000002  c_w.l(libshutdown2.o)
    0x0800028a   0x0800028a   0x00000000   Code   RO         2819    .ARM.Collect$$libshutdown$$00000004  c_w.l(libshutdown2.o)
    0x0800028a   0x0800028a   0x00000000   Code   RO         2822    .ARM.Collect$$libshutdown$$00000007  c_w.l(libshutdown2.o)
    0x0800028a   0x0800028a   0x00000000   Code   RO         2825    .ARM.Collect$$libshutdown$$0000000A  c_w.l(libshutdown2.o)
    0x0800028a   0x0800028a   0x00000000   Code   RO         2827    .ARM.Collect$$libshutdown$$0000000C  c_w.l(libshutdown2.o)
    0x0800028a   0x0800028a   0x00000000   Code   RO         2830    .ARM.Collect$$libshutdown$$0000000F  c_w.l(libshutdown2.o)
    0x0800028a   0x0800028a   0x00000002   Code   RO         2831    .ARM.Collect$$libshutdown$$00000010  c_w.l(libshutdown2.o)
    0x0800028c   0x0800028c   0x00000000   Code   RO         2676    .ARM.Collect$$rtentry$$00000000  c_w.l(__rtentry.o)
    0x0800028c   0x0800028c   0x00000000   Code   RO         2682    .ARM.Collect$$rtentry$$00000002  c_w.l(__rtentry2.o)
    0x0800028c   0x0800028c   0x00000006   Code   RO         2694    .ARM.Collect$$rtentry$$00000004  c_w.l(__rtentry4.o)
    0x08000292   0x08000292   0x00000000   Code   RO         2684    .ARM.Collect$$rtentry$$00000009  c_w.l(__rtentry2.o)
    0x08000292   0x08000292   0x00000004   Code   RO         2685    .ARM.Collect$$rtentry$$0000000A  c_w.l(__rtentry2.o)
    0x08000296   0x08000296   0x00000000   Code   RO         2687    .ARM.Collect$$rtentry$$0000000C  c_w.l(__rtentry2.o)
    0x08000296   0x08000296   0x00000008   Code   RO         2688    .ARM.Collect$$rtentry$$0000000D  c_w.l(__rtentry2.o)
    0x0800029e   0x0800029e   0x00000002   Code   RO         2715    .ARM.Collect$$rtexit$$00000000  c_w.l(rtexit.o)
    0x080002a0   0x080002a0   0x00000000   Code   RO         2769    .ARM.Collect$$rtexit$$00000002  c_w.l(rtexit2.o)
    0x080002a0   0x080002a0   0x00000004   Code   RO         2770    .ARM.Collect$$rtexit$$00000003  c_w.l(rtexit2.o)
    0x080002a4   0x080002a4   0x00000006   Code   RO         2771    .ARM.Collect$$rtexit$$00000004  c_w.l(rtexit2.o)
    0x080002aa   0x080002aa   0x00000002   PAD
    0x080002ac   0x080002ac   0x00000040   Code   RO         2660    .text               startup_at32f435_437.o
    0x080002ec   0x080002ec   0x00000002   Code   RO         2666    .text               c_w.l(use_no_semi_2.o)
    0x080002ee   0x080002ee   0x000000ee   Code   RO         2668    .text               c_w.l(lludivv7m.o)
    0x080003dc   0x080003dc   0x00000006   Code   RO         2670    .text               c_w.l(heapauxi.o)
    0x080003e2   0x080003e2   0x00000002   Code   RO         2674    .text               c_w.l(use_no_semi.o)
    0x080003e4   0x080003e4   0x0000004a   Code   RO         2698    .text               c_w.l(sys_stackheap_outer.o)
    0x0800042e   0x0800042e   0x00000012   Code   RO         2700    .text               c_w.l(exit.o)
    0x08000440   0x08000440   0x00000008   Code   RO         2712    .text               c_w.l(libspace.o)
    0x08000448   0x08000448   0x00000004   Code   RO          150    i.BusFault_Handler  at32f435_437_int.o
    0x0800044c   0x0800044c   0x00000008   Code   RO          658    i.DVP_IRQHandler    dvp.o
    0x08000454   0x08000454   0x00000002   Code   RO          151    i.DebugMon_Handler  at32f435_437_int.o
    0x08000456   0x08000456   0x00000016   Code   RO          659    i.EDMA_Stream4_IRQHandler  dvp.o
    0x0800046c   0x0800046c   0x00000004   Code   RO          152    i.HardFault_Handler  at32f435_437_int.o
    0x08000470   0x08000470   0x00000004   Code   RO          153    i.MemManage_Handler  at32f435_437_int.o
    0x08000474   0x08000474   0x00000002   Code   RO          154    i.NMI_Handler       at32f435_437_int.o
    0x08000476   0x08000476   0x00000002   Code   RO          155    i.PendSV_Handler    at32f435_437_int.o
    0x08000478   0x08000478   0x00000002   Code   RO          156    i.SVC_Handler       at32f435_437_int.o
    0x0800047a   0x0800047a   0x00000002   Code   RO          157    i.SysTick_Handler   at32f435_437_int.o
    0x0800047c   0x0800047c   0x00000090   Code   RO         2623    i.SystemInit        system_at32f435_437.o
    0x0800050c   0x0800050c   0x00000004   Code   RO          158    i.UsageFault_Handler  at32f435_437_int.o
    0x08000510   0x08000510   0x00000004   Code   RO          537    i._sys_exit         at32f435_437_board.o
    0x08000514   0x08000514   0x00000030   Code   RO          539    i.at32_board_init   at32f435_437_board.o
    0x08000544   0x08000544   0x0000003c   Code   RO          540    i.at32_button_init  at32f435_437_board.o
    0x08000580   0x08000580   0x00000050   Code   RO          543    i.at32_led_init     at32f435_437_board.o
    0x080005d0   0x080005d0   0x00000028   Code   RO          544    i.at32_led_off      at32f435_437_board.o
    0x080005f8   0x080005f8   0x00000034   Code   RO          546    i.at32_led_toggle   at32f435_437_board.o
    0x0800062c   0x0800062c   0x00000014   Code   RO          992    i.crm_ahb_div_set   at32f435_437_crm.o
    0x08000640   0x08000640   0x00000014   Code   RO          993    i.crm_apb1_div_set  at32f435_437_crm.o
    0x08000654   0x08000654   0x00000014   Code   RO          994    i.crm_apb2_div_set  at32f435_437_crm.o
    0x08000668   0x08000668   0x00000028   Code   RO          995    i.crm_auto_step_mode_enable  at32f435_437_crm.o
    0x08000690   0x08000690   0x00000068   Code   RO         1002    i.crm_clock_source_enable  at32f435_437_crm.o
    0x080006f8   0x080006f8   0x00000030   Code   RO         1008    i.crm_flag_get      at32f435_437_crm.o
    0x08000728   0x08000728   0x0000002e   Code   RO         1010    i.crm_hext_stable_wait  at32f435_437_crm.o
    0x08000756   0x08000756   0x00000002   PAD
    0x08000758   0x08000758   0x0000004c   Code   RO         1017    i.crm_periph_clock_enable  at32f435_437_crm.o
    0x080007a4   0x080007a4   0x0000004c   Code   RO         1019    i.crm_periph_reset  at32f435_437_crm.o
    0x080007f0   0x080007f0   0x00000034   Code   RO         1020    i.crm_pll_config    at32f435_437_crm.o
    0x08000824   0x08000824   0x00000074   Code   RO         1022    i.crm_reset         at32f435_437_crm.o
    0x08000898   0x08000898   0x00000014   Code   RO         1023    i.crm_sysclk_switch  at32f435_437_crm.o
    0x080008ac   0x080008ac   0x00000010   Code   RO         1024    i.crm_sysclk_switch_status_get  at32f435_437_crm.o
    0x080008bc   0x080008bc   0x00000038   Code   RO          547    i.delay_init        at32f435_437_board.o
    0x080008f4   0x080008f4   0x00000074   Code   RO          548    i.delay_ms          at32f435_437_board.o
    0x08000968   0x08000968   0x00000062   Code   RO         1450    i.dma_init          at32f435_437_dma.o
    0x080009ca   0x080009ca   0x00000002   PAD
    0x080009cc   0x080009cc   0x00000070   Code   RO         1452    i.dma_reset         at32f435_437_dma.o
    0x08000a3c   0x08000a3c   0x0000000e   Code   RO         1453    i.dmamux_enable     at32f435_437_dma.o
    0x08000a4a   0x08000a4a   0x0000000a   Code   RO         1459    i.dmamux_init       at32f435_437_dma.o
    0x08000a54   0x08000a54   0x00000014   Code   RO         1595    i.dvp_capture_enable  at32f435_437_dvp.o
    0x08000a68   0x08000a68   0x00000014   Code   RO         1596    i.dvp_capture_mode_set  at32f435_437_dvp.o
    0x08000a7c   0x08000a7c   0x00000056   Code   RO          660    i.dvp_config        dvp.o
    0x08000ad2   0x08000ad2   0x00000002   PAD
    0x08000ad4   0x08000ad4   0x00000098   Code   RO          661    i.dvp_dma_init      dvp.o
    0x08000b6c   0x08000b6c   0x00000014   Code   RO         1598    i.dvp_enable        at32f435_437_dvp.o
    0x08000b80   0x08000b80   0x00000010   Code   RO         1603    i.dvp_flag_clear    at32f435_437_dvp.o
    0x08000b90   0x08000b90   0x00000030   Code   RO         1604    i.dvp_flag_get      at32f435_437_dvp.o
    0x08000bc0   0x08000bc0   0x00000028   Code   RO          662    i.dvp_frame_done    dvp.o
    0x08000be8   0x08000be8   0x00000014   Code   RO         1605    i.dvp_hsync_polarity_set  at32f435_437_dvp.o
    0x08000bfc   0x08000bfc   0x00000064   Code   RO          663    i.dvp_int_handler   dvp.o
    0x08000c60   0x08000c60   0x00000020   Code   RO         1607    i.dvp_interrupt_enable  at32f435_437_dvp.o
    0x08000c80   0x08000c80   0x000000e8   Code   RO          664    i.dvp_io_init       dvp.o
    0x08000d68   0x08000d68   0x00000014   Code   RO         1610    i.dvp_pclk_polarity_set  at32f435_437_dvp.o
    0x08000d7c   0x08000d7c   0x00000014   Code   RO         1611    i.dvp_pixel_data_length_set  at32f435_437_dvp.o
    0x08000d90   0x08000d90   0x0000002c   Code   RO          665    i.dvp_start         dvp.o
    0x08000dbc   0x08000dbc   0x00000014   Code   RO         1614    i.dvp_sync_mode_set  at32f435_437_dvp.o
    0x08000dd0   0x08000dd0   0x00000014   Code   RO         1616    i.dvp_vsync_polarity_set  at32f435_437_dvp.o
    0x08000de4   0x08000de4   0x00000014   Code   RO         1619    i.dvp_zoomout_select  at32f435_437_dvp.o
    0x08000df8   0x08000df8   0x00000034   Code   RO         1620    i.dvp_zoomout_set   at32f435_437_dvp.o
    0x08000e2c   0x08000e2c   0x0000001a   Code   RO         1784    i.edma_double_buffer_mode_enable  at32f435_437_edma.o
    0x08000e46   0x08000e46   0x0000001c   Code   RO         1785    i.edma_double_buffer_mode_init  at32f435_437_edma.o
    0x08000e62   0x08000e62   0x00000002   PAD
    0x08000e64   0x08000e64   0x0000001c   Code   RO         1787    i.edma_flag_clear   at32f435_437_edma.o
    0x08000e80   0x08000e80   0x00000024   Code   RO         1788    i.edma_flag_get     at32f435_437_edma.o
    0x08000ea4   0x08000ea4   0x0000007c   Code   RO         1790    i.edma_init         at32f435_437_edma.o
    0x08000f20   0x08000f20   0x00000030   Code   RO         1791    i.edma_interrupt_enable  at32f435_437_edma.o
    0x08000f50   0x08000f50   0x000000b0   Code   RO         1797    i.edma_reset        at32f435_437_edma.o
    0x08001000   0x08001000   0x0000000a   Code   RO         1798    i.edma_stream_enable  at32f435_437_edma.o
    0x0800100a   0x0800100a   0x00000002   PAD
    0x0800100c   0x0800100c   0x00000018   Code   RO         1800    i.edmamux_enable    at32f435_437_edma.o
    0x08001024   0x08001024   0x0000000a   Code   RO         1806    i.edmamux_init      at32f435_437_edma.o
    0x0800102e   0x0800102e   0x00000004   Code   RO         1995    i.gpio_bits_reset   at32f435_437_gpio.o
    0x08001032   0x08001032   0x00000004   Code   RO         1996    i.gpio_bits_set     at32f435_437_gpio.o
    0x08001036   0x08001036   0x00000014   Code   RO         1998    i.gpio_default_para_init  at32f435_437_gpio.o
    0x0800104a   0x0800104a   0x0000007a   Code   RO         1999    i.gpio_init         at32f435_437_gpio.o
    0x080010c4   0x080010c4   0x00000042   Code   RO         2004    i.gpio_pin_mux_config  at32f435_437_gpio.o
    0x08001106   0x08001106   0x0000001a   Code   RO          225    i.i2c_config        i2c_application.o
    0x08001120   0x08001120   0x00000008   Code   RO         2103    i.i2c_data_receive  at32f435_437_i2c.o
    0x08001128   0x08001128   0x00000004   Code   RO         2104    i.i2c_data_send     at32f435_437_i2c.o
    0x0800112c   0x0800112c   0x0000000a   Code   RO         2106    i.i2c_enable        at32f435_437_i2c.o
    0x08001136   0x08001136   0x00000004   Code   RO         2109    i.i2c_flag_clear    at32f435_437_i2c.o
    0x0800113a   0x0800113a   0x00000010   Code   RO         2110    i.i2c_flag_get      at32f435_437_i2c.o
    0x0800114a   0x0800114a   0x00000014   Code   RO         2112    i.i2c_init          at32f435_437_i2c.o
    0x0800115e   0x0800115e   0x00000002   PAD
    0x08001160   0x08001160   0x00000134   Code   RO          737    i.i2c_lowlevel_init  ov5640.o
    0x08001294   0x08001294   0x000000ba   Code   RO          235    i.i2c_master_receive  i2c_application.o
    0x0800134e   0x0800134e   0x000000ba   Code   RO          238    i.i2c_master_transmit  i2c_application.o
    0x08001408   0x08001408   0x0000001e   Code   RO         2116    i.i2c_own_address1_set  at32f435_437_i2c.o
    0x08001426   0x08001426   0x00000002   PAD
    0x08001428   0x08001428   0x00000064   Code   RO         2123    i.i2c_reset         at32f435_437_i2c.o
    0x0800148c   0x0800148c   0x0000003e   Code   RO          248    i.i2c_reset_ctrl2_register  i2c_application.o
    0x080014ca   0x080014ca   0x0000003e   Code   RO          261    i.i2c_start_transfer  i2c_application.o
    0x08001508   0x08001508   0x00000020   Code   RO         2136    i.i2c_transmit_set  at32f435_437_i2c.o
    0x08001528   0x08001528   0x00000076   Code   RO          264    i.i2c_wait_flag     i2c_application.o
    0x0800159e   0x0800159e   0x00000002   PAD
    0x080015a0   0x080015a0   0x0000012c   Code   RO          886    i.lcd_char_show     xmc_lcd.o
    0x080016cc   0x080016cc   0x00000030   Code   RO          887    i.lcd_clear         xmc_lcd.o
    0x080016fc   0x080016fc   0x00000028   Code   RO          889    i.lcd_drawpoint     xmc_lcd.o
    0x08001724   0x08001724   0x00000048   Code   RO          890    i.lcd_fill          xmc_lcd.o
    0x0800176c   0x0800176c   0x00000308   Code   RO          891    i.lcd_init          xmc_lcd.o
    0x08001a74   0x08001a74   0x0000000c   Code   RO          892    i.lcd_rd_data       xmc_lcd.o
    0x08001a80   0x08001a80   0x0000004a   Code   RO          893    i.lcd_setblock      xmc_lcd.o
    0x08001aca   0x08001aca   0x00000066   Code   RO          894    i.lcd_string_show   xmc_lcd.o
    0x08001b30   0x08001b30   0x00000008   Code   RO          895    i.lcd_wr_command    xmc_lcd.o
    0x08001b38   0x08001b38   0x0000000c   Code   RO          896    i.lcd_wr_data       xmc_lcd.o
    0x08001b44   0x08001b44   0x0000000c   Code   RO          897    i.lcd_writeonepoint  xmc_lcd.o
    0x08001b50   0x08001b50   0x00000130   Code   RO          486    i.main              main.o
    0x08001c80   0x08001c80   0x000000c8   Code   RO         2356    i.nvic_irq_enable   at32f435_437_misc.o
    0x08001d48   0x08001d48   0x00000028   Code   RO         2358    i.nvic_priority_group_config  at32f435_437_misc.o
    0x08001d70   0x08001d70   0x0000005a   Code   RO          738    i.ov5640_brightness  ov5640.o
    0x08001dca   0x08001dca   0x00000002   PAD
    0x08001dcc   0x08001dcc   0x000000ec   Code   RO          487    i.ov5640_capture    main.o
    0x08001eb8   0x08001eb8   0x0000007c   Code   RO          739    i.ov5640_color_saturation  ov5640.o
    0x08001f34   0x08001f34   0x00000078   Code   RO          740    i.ov5640_contrast   ov5640.o
    0x08001fac   0x08001fac   0x00000086   Code   RO          743    i.ov5640_focus_constant  ov5640.o
    0x08002032   0x08002032   0x00000002   PAD
    0x08002034   0x08002034   0x000000c0   Code   RO          744    i.ov5640_focus_init  ov5640.o
    0x080020f4   0x080020f4   0x00000018   Code   RO          746    i.ov5640_i2c_init   ov5640.o
    0x0800210c   0x0800210c   0x000000d4   Code   RO          748    i.ov5640_init       ov5640.o
    0x080021e0   0x080021e0   0x00000048   Code   RO          750    i.ov5640_light_mode  ov5640.o
    0x08002228   0x08002228   0x0000007e   Code   RO          751    i.ov5640_outsize_set  ov5640.o
    0x080022a6   0x080022a6   0x00000002   PAD
    0x080022a8   0x080022a8   0x0000004c   Code   RO          752    i.ov5640_reg_read   ov5640.o
    0x080022f4   0x080022f4   0x00000040   Code   RO          753    i.ov5640_reg_write  ov5640.o
    0x08002334   0x08002334   0x00000028   Code   RO          754    i.ov5640_rgb565_mode  ov5640.o
    0x0800235c   0x0800235c   0x0000007a   Code   RO          755    i.ov5640_sharpness  ov5640.o
    0x080023d6   0x080023d6   0x00000002   PAD
    0x080023d8   0x080023d8   0x000000c0   Code   RO            4    i.system_clock_config  at32f435_437_clock.o
    0x08002498   0x08002498   0x000000f0   Code   RO         2624    i.system_core_clock_update  system_at32f435_437.o
    0x08002588   0x08002588   0x00000028   Code   RO         2361    i.systick_clock_source_config  at32f435_437_misc.o
    0x080025b0   0x080025b0   0x00000220   Code   RO          898    i.xmc_init          xmc_lcd.o
    0x080027d0   0x080027d0   0x00000016   Code   RO         2431    i.xmc_nor_sram_enable  at32f435_437_xmc.o
    0x080027e6   0x080027e6   0x0000005a   Code   RO         2432    i.xmc_nor_sram_init  at32f435_437_xmc.o
    0x08002840   0x08002840   0x0000007c   Code   RO         2434    i.xmc_nor_sram_timing_config  at32f435_437_xmc.o
    0x080028bc   0x080028bc   0x0000002a   Code   RO         2435    i.xmc_norsram_default_para_init  at32f435_437_xmc.o
    0x080028e6   0x080028e6   0x00000038   Code   RO         2436    i.xmc_norsram_timing_default_para_init  at32f435_437_xmc.o
    0x0800291e   0x0800291e   0x0000000a   Code   RO         2781    x$fpl$fpinit        fz_wm.l(fpinit.o)
    0x08002928   0x08002928   0x0000150d   Data   RO          758    .constdata          ov5640.o
    0x08003e35   0x08003e35   0x00004740   Data   RO          899    .constdata          xmc_lcd.o
    0x08008575   0x08008575   0x00000016   Data   RO         2625    .constdata          system_at32f435_437.o
    0x0800858b   0x0800858b   0x00000001   PAD
    0x0800858c   0x0800858c   0x00000020   Data   RO         2833    Region$$Table       anon$$obj.o


    Execution Region RW_IRAM1 (Exec base: 0x20000000, Load base: 0x080085ac, Size: 0x00000708, Max: 0x00060000, ABSOLUTE)

    Exec Addr    Load Addr    Size         Type   Attr      Idx    E Section Name        Object

    0x20000000   0x080085ac   0x00000004   Data   RW          488    .data               main.o
    0x20000004   0x080085b0   0x0000002d   Data   RW          553    .data               at32f435_437_board.o
    0x20000031   0x080085dd   0x00000001   PAD
    0x20000032   0x080085de   0x00000003   Data   RW          668    .data               dvp.o
    0x20000035   0x080085e1   0x00000001   Data   RW          759    .data               ov5640.o
    0x20000036   0x080085e2   0x00000002   PAD
    0x20000038   0x080085e4   0x00000020   Data   RW          900    .data               xmc_lcd.o
    0x20000058   0x08008604   0x00000004   Data   RW         2626    .data               system_at32f435_437.o
    0x2000005c        -       0x00000018   Zero   RW          667    .bss                dvp.o
    0x20000074        -       0x00000034   Zero   RW          757    .bss                ov5640.o
    0x200000a8        -       0x00000060   Zero   RW         2713    .bss                c_w.l(libspace.o)
    0x20000108        -       0x00000200   Zero   RW         2658    HEAP                startup_at32f435_437.o
    0x20000308        -       0x00000400   Zero   RW         2657    STACK               startup_at32f435_437.o


==============================================================================

Image component sizes


      Code (inc. data)   RO Data    RW Data    ZI Data      Debug   Object Name

       456         60          0         45          0       8164   at32f435_437_board.o
       192         12          0          0          0      91830   at32f435_437_clock.o
       654         82          0          0          0       8985   at32f435_437_crm.o
       234         10          0          0          0       3253   at32f435_437_dma.o
       328         76          0          0          0       8749   at32f435_437_dvp.o
       510         28          0          0          0       7656   at32f435_437_edma.o
       216          0          0          0          0       4157   at32f435_437_gpio.o
       224         20          0          0          0       6865   at32f435_437_i2c.o
        26          0          0          0          0       4818   at32f435_437_int.o
       280         18          0          0          0      33060   at32f435_437_misc.o
       334          6          0          0          0       4118   at32f435_437_xmc.o
       684         56          0          3         24       5252   dvp.o
       640          0          0          0          0      10476   i2c_application.o
       540        152          0          4          0       2802   main.o
      1704         92       5389          1         52      12996   ov5640.o
        64         26        524          0       1536       1020   startup_at32f435_437.o
       384         44         22          4          0       2620   system_at32f435_437.o
      2000         72      18240         32          0      11635   xmc_lcd.o

    ----------------------------------------------------------------------
      9494        754      24208         92       1612     228456   Object Totals
         0          0         32          0          0          0   (incl. Generated)
        24          0          1          3          0          0   (incl. Padding)

    ----------------------------------------------------------------------

      Code (inc. data)   RO Data    RW Data    ZI Data      Debug   Library Member Name

         8          0          0          0          0         68   __main.o
         0          0          0          0          0          0   __rtentry.o
        12          0          0          0          0          0   __rtentry2.o
         6          0          0          0          0          0   __rtentry4.o
        52          8          0          0          0          0   __scatter.o
        26          0          0          0          0          0   __scatter_copy.o
        28          0          0          0          0          0   __scatter_zi.o
        18          0          0          0          0         80   exit.o
         6          0          0          0          0        152   heapauxi.o
         2          0          0          0          0          0   libinit.o
         6          0          0          0          0          0   libinit2.o
         2          0          0          0          0          0   libshutdown.o
         2          0          0          0          0          0   libshutdown2.o
         8          4          0          0         96         68   libspace.o
       238          0          0          0          0        100   lludivv7m.o
         2          0          0          0          0          0   rtexit.o
        10          0          0          0          0          0   rtexit2.o
        74          0          0          0          0         80   sys_stackheap_outer.o
         2          0          0          0          0         68   use_no_semi.o
         2          0          0          0          0         68   use_no_semi_2.o
        10          0          0          0          0        116   fpinit.o

    ----------------------------------------------------------------------
       518         12          0          0         96        800   Library Totals
         4          0          0          0          0          0   (incl. Padding)

    ----------------------------------------------------------------------

      Code (inc. data)   RO Data    RW Data    ZI Data      Debug   Library Name

       504         12          0          0         96        684   c_w.l
        10          0          0          0          0        116   fz_wm.l

    ----------------------------------------------------------------------
       518         12          0          0         96        800   Library Totals

    ----------------------------------------------------------------------

==============================================================================


      Code (inc. data)   RO Data    RW Data    ZI Data      Debug   

     10012        766      24208         92       1708     217248   Grand Totals
     10012        766      24208         92       1708     217248   ELF Image Totals
     10012        766      24208         92          0          0   ROM Totals

==============================================================================

    Total RO  Size (Code + RO Data)                34220 (  33.42kB)
    Total RW  Size (RW Data + ZI Data)              1800 (   1.76kB)
    Total ROM Size (Code + RO Data + RW Data)      34312 (  33.51kB)

==============================================================================

