Component: ARM Compiler 5.06 update 6 (build 750) Tool: armlink [4d35ed]

==============================================================================

Section Cross References

    at32f435_437_clock.o(i.system_clock_config) refers to at32f435_437_crm.o(i.crm_periph_clock_enable) for crm_periph_clock_enable
    at32f435_437_clock.o(i.system_clock_config) refers to at32f435_437_crm.o(i.crm_reset) for crm_reset
    at32f435_437_clock.o(i.system_clock_config) refers to at32f435_437_crm.o(i.crm_clock_source_enable) for crm_clock_source_enable
    at32f435_437_clock.o(i.system_clock_config) refers to at32f435_437_crm.o(i.crm_hext_stable_wait) for crm_hext_stable_wait
    at32f435_437_clock.o(i.system_clock_config) refers to at32f435_437_crm.o(i.crm_pll_config) for crm_pll_config
    at32f435_437_clock.o(i.system_clock_config) refers to at32f435_437_crm.o(i.crm_flag_get) for crm_flag_get
    at32f435_437_clock.o(i.system_clock_config) refers to at32f435_437_crm.o(i.crm_ahb_div_set) for crm_ahb_div_set
    at32f435_437_clock.o(i.system_clock_config) refers to at32f435_437_crm.o(i.crm_apb2_div_set) for crm_apb2_div_set
    at32f435_437_clock.o(i.system_clock_config) refers to at32f435_437_crm.o(i.crm_apb1_div_set) for crm_apb1_div_set
    at32f435_437_clock.o(i.system_clock_config) refers to at32f435_437_crm.o(i.crm_auto_step_mode_enable) for crm_auto_step_mode_enable
    at32f435_437_clock.o(i.system_clock_config) refers to at32f435_437_crm.o(i.crm_sysclk_switch) for crm_sysclk_switch
    at32f435_437_clock.o(i.system_clock_config) refers to at32f435_437_crm.o(i.crm_sysclk_switch_status_get) for crm_sysclk_switch_status_get
    at32f435_437_clock.o(i.system_clock_config) refers to system_at32f435_437.o(i.system_core_clock_update) for system_core_clock_update
    flash.o(i.flash_2kb_write) refers to at32f435_437_flash.o(i.flash_unlock) for flash_unlock
    flash.o(i.flash_2kb_write) refers to at32f435_437_flash.o(i.flash_sector_erase) for flash_sector_erase
    flash.o(i.flash_2kb_write) refers to at32f435_437_flash.o(i.flash_halfword_program) for flash_halfword_program
    flash.o(i.flash_2kb_write) refers to at32f435_437_flash.o(i.flash_lock) for flash_lock
    flash.o(i.flash_2kb_write) refers to flash.o(.data) for erased_addr
    iap.o(i.app_load) refers to at32f435_437_crm.o(i.crm_periph_clock_enable) for crm_periph_clock_enable
    iap.o(i.app_load) refers to at32f435_437_misc.o(i.nvic_irq_disable) for nvic_irq_disable
    iap.o(i.app_load) refers to iap.o(i.__NVIC_ClearPendingIRQ) for __NVIC_ClearPendingIRQ
    iap.o(i.app_load) refers to iap.o(.data) for jump_to_app
    iap.o(i.app_update_handle) refers to iap.o(i.back_ok) for back_ok
    iap.o(i.app_update_handle) refers to iap.o(i.back_err) for back_err
    iap.o(i.app_update_handle) refers to flash.o(i.flash_2kb_write) for flash_2kb_write
    iap.o(i.app_update_handle) refers to at32f435_437_crm.o(i.crm_reset) for crm_reset
    iap.o(i.app_update_handle) refers to iap.o(i.app_load) for app_load
    iap.o(i.app_update_handle) refers to iap.o(.data) for update_status
    iap.o(i.app_update_handle) refers to tmr.o(.data) for get_data_from_usart_flag
    iap.o(i.app_update_handle) refers to iap.o(.bss) for cmd_data_group_struct
    iap.o(i.back_err) refers to at32f435_437_usart.o(i.usart_data_transmit) for usart_data_transmit
    iap.o(i.back_err) refers to at32f435_437_usart.o(i.usart_flag_get) for usart_flag_get
    iap.o(i.back_err) refers to iap.o(.data) for cmd_data_step
    iap.o(i.back_err) refers to tmr.o(.data) for time_ira_cnt
    iap.o(i.back_ok) refers to at32f435_437_usart.o(i.usart_data_transmit) for usart_data_transmit
    iap.o(i.back_ok) refers to at32f435_437_usart.o(i.usart_flag_get) for usart_flag_get
    iap.o(i.command_handle) refers to iap.o(i.data_take) for data_take
    iap.o(i.command_handle) refers to usart.o(.bss) for usart_group_struct
    iap.o(i.command_handle) refers to iap.o(.data) for update_status
    iap.o(i.command_handle) refers to iap.o(.bss) for cmd_data_group_struct
    iap.o(i.data_take) refers to at32f435_437_usart.o(i.usart_interrupt_enable) for usart_interrupt_enable
    iap.o(i.data_take) refers to usart.o(.bss) for usart_group_struct
    iap.o(i.iap_upgrade_app_handle) refers to iap.o(i.command_handle) for command_handle
    iap.o(i.iap_upgrade_app_handle) refers to iap.o(i.app_update_handle) for app_update_handle
    tmr.o(i.TMR3_GLOBAL_IRQHandler) refers to at32f435_437_tmr.o(i.tmr_flag_get) for tmr_flag_get
    tmr.o(i.TMR3_GLOBAL_IRQHandler) refers to at32f435_437_tmr.o(i.tmr_flag_clear) for tmr_flag_clear
    tmr.o(i.TMR3_GLOBAL_IRQHandler) refers to at32f435_437_board.o(i.at32_led_toggle) for at32_led_toggle
    tmr.o(i.TMR3_GLOBAL_IRQHandler) refers to iap.o(i.back_err) for back_err
    tmr.o(i.TMR3_GLOBAL_IRQHandler) refers to at32f435_437_crm.o(i.crm_periph_clock_enable) for crm_periph_clock_enable
    tmr.o(i.TMR3_GLOBAL_IRQHandler) refers to tmr.o(.data) for get_data_from_usart_flag
    tmr.o(i.tmr_init) refers to at32f435_437_crm.o(i.crm_periph_clock_enable) for crm_periph_clock_enable
    tmr.o(i.tmr_init) refers to at32f435_437_misc.o(i.nvic_irq_enable) for nvic_irq_enable
    tmr.o(i.tmr_init) refers to at32f435_437_crm.o(i.crm_clocks_freq_get) for crm_clocks_freq_get
    tmr.o(i.tmr_init) refers to at32f435_437_tmr.o(i.tmr_base_init) for tmr_base_init
    tmr.o(i.tmr_init) refers to at32f435_437_tmr.o(i.tmr_cnt_dir_set) for tmr_cnt_dir_set
    tmr.o(i.tmr_init) refers to at32f435_437_tmr.o(i.tmr_interrupt_enable) for tmr_interrupt_enable
    tmr.o(i.tmr_init) refers to at32f435_437_tmr.o(i.tmr_counter_enable) for tmr_counter_enable
    usart.o(i.USART1_IRQHandler) refers to at32f435_437_usart.o(i.usart_flag_get) for usart_flag_get
    usart.o(i.USART1_IRQHandler) refers to at32f435_437_usart.o(i.usart_data_receive) for usart_data_receive
    usart.o(i.USART1_IRQHandler) refers to tmr.o(.data) for time_ira_cnt
    usart.o(i.USART1_IRQHandler) refers to usart.o(.bss) for usart_group_struct
    usart.o(i.uart_init) refers to at32f435_437_crm.o(i.crm_periph_clock_enable) for crm_periph_clock_enable
    usart.o(i.uart_init) refers to at32f435_437_gpio.o(i.gpio_default_para_init) for gpio_default_para_init
    usart.o(i.uart_init) refers to at32f435_437_gpio.o(i.gpio_init) for gpio_init
    usart.o(i.uart_init) refers to at32f435_437_gpio.o(i.gpio_pin_mux_config) for gpio_pin_mux_config
    usart.o(i.uart_init) refers to at32f435_437_misc.o(i.nvic_irq_enable) for nvic_irq_enable
    usart.o(i.uart_init) refers to at32f435_437_usart.o(i.usart_init) for usart_init
    usart.o(i.uart_init) refers to at32f435_437_usart.o(i.usart_transmitter_enable) for usart_transmitter_enable
    usart.o(i.uart_init) refers to at32f435_437_usart.o(i.usart_receiver_enable) for usart_receiver_enable
    usart.o(i.uart_init) refers to at32f435_437_usart.o(i.usart_interrupt_enable) for usart_interrupt_enable
    usart.o(i.uart_init) refers to at32f435_437_usart.o(i.usart_enable) for usart_enable
    main.o(i.main) refers to at32f435_437_clock.o(i.system_clock_config) for system_clock_config
    main.o(i.main) refers to at32f435_437_board.o(i.at32_board_init) for at32_board_init
    main.o(i.main) refers to at32f435_437_misc.o(i.nvic_priority_group_config) for nvic_priority_group_config
    main.o(i.main) refers to flash.o(i.flash_upgrade_flag_read) for flash_upgrade_flag_read
    main.o(i.main) refers to iap.o(i.app_load) for app_load
    main.o(i.main) refers to usart.o(i.uart_init) for uart_init
    main.o(i.main) refers to iap.o(i.back_ok) for back_ok
    main.o(i.main) refers to tmr.o(i.tmr_init) for tmr_init
    main.o(i.main) refers to iap.o(i.iap_upgrade_app_handle) for iap_upgrade_app_handle
    at32f435_437_board.o(i.at32_board_init) refers to at32f435_437_board.o(i.delay_init) for delay_init
    at32f435_437_board.o(i.at32_board_init) refers to at32f435_437_board.o(i.at32_led_init) for at32_led_init
    at32f435_437_board.o(i.at32_board_init) refers to at32f435_437_board.o(i.at32_led_off) for at32_led_off
    at32f435_437_board.o(i.at32_button_init) refers to at32f435_437_crm.o(i.crm_periph_clock_enable) for crm_periph_clock_enable
    at32f435_437_board.o(i.at32_button_init) refers to at32f435_437_gpio.o(i.gpio_default_para_init) for gpio_default_para_init
    at32f435_437_board.o(i.at32_button_init) refers to at32f435_437_gpio.o(i.gpio_init) for gpio_init
    at32f435_437_board.o(i.at32_button_press) refers to at32f435_437_board.o(i.at32_button_state) for at32_button_state
    at32f435_437_board.o(i.at32_button_press) refers to at32f435_437_board.o(i.delay_ms) for delay_ms
    at32f435_437_board.o(i.at32_button_press) refers to at32f435_437_board.o(.data) for pressed
    at32f435_437_board.o(i.at32_button_state) refers to at32f435_437_gpio.o(i.gpio_input_data_bit_read) for gpio_input_data_bit_read
    at32f435_437_board.o(i.at32_led_init) refers to at32f435_437_crm.o(i.crm_periph_clock_enable) for crm_periph_clock_enable
    at32f435_437_board.o(i.at32_led_init) refers to at32f435_437_gpio.o(i.gpio_default_para_init) for gpio_default_para_init
    at32f435_437_board.o(i.at32_led_init) refers to at32f435_437_gpio.o(i.gpio_init) for gpio_init
    at32f435_437_board.o(i.at32_led_init) refers to at32f435_437_board.o(.data) for led_gpio_crm_clk
    at32f435_437_board.o(i.at32_led_off) refers to at32f435_437_board.o(.data) for led_gpio_pin
    at32f435_437_board.o(i.at32_led_on) refers to at32f435_437_board.o(.data) for led_gpio_pin
    at32f435_437_board.o(i.at32_led_toggle) refers to at32f435_437_board.o(.data) for led_gpio_pin
    at32f435_437_board.o(i.delay_init) refers to at32f435_437_misc.o(i.systick_clock_source_config) for systick_clock_source_config
    at32f435_437_board.o(i.delay_init) refers to system_at32f435_437.o(.data) for system_core_clock
    at32f435_437_board.o(i.delay_init) refers to at32f435_437_board.o(.data) for fac_us
    at32f435_437_board.o(i.delay_ms) refers to at32f435_437_board.o(.data) for fac_ms
    at32f435_437_board.o(i.delay_sec) refers to at32f435_437_board.o(i.delay_ms) for delay_ms
    at32f435_437_board.o(i.delay_us) refers to at32f435_437_board.o(.data) for fac_us
    at32f435_437_crm.o(i.crm_clocks_freq_get) refers to at32f435_437_crm.o(i.crm_sysclk_switch_status_get) for crm_sysclk_switch_status_get
    at32f435_437_crm.o(i.crm_clocks_freq_get) refers to uldiv.o(.text) for __aeabi_uldivmod
    at32f435_437_crm.o(i.crm_clocks_freq_get) refers to at32f435_437_crm.o(.constdata) for pll_fr_table
    at32f435_437_crm.o(i.crm_hext_stable_wait) refers to at32f435_437_crm.o(i.crm_flag_get) for crm_flag_get
    at32f435_437_crm.o(i.crm_hick_sclk_frequency_select) refers to at32f435_437_crm.o(i.crm_hick_divider_select) for crm_hick_divider_select
    at32f435_437_crm.o(i.crm_usb_clock_source_select) refers to at32f435_437_crm.o(i.crm_hick_sclk_frequency_select) for crm_hick_sclk_frequency_select
    at32f435_437_flash.o(i.flash_bank1_erase) refers to at32f435_437_flash.o(i.flash_bank1_operation_wait_for) for flash_bank1_operation_wait_for
    at32f435_437_flash.o(i.flash_bank1_operation_wait_for) refers to at32f435_437_flash.o(i.flash_bank1_operation_status_get) for flash_bank1_operation_status_get
    at32f435_437_flash.o(i.flash_bank2_erase) refers to at32f435_437_flash.o(i.flash_bank2_operation_wait_for) for flash_bank2_operation_wait_for
    at32f435_437_flash.o(i.flash_bank2_operation_wait_for) refers to at32f435_437_flash.o(i.flash_bank2_operation_status_get) for flash_bank2_operation_status_get
    at32f435_437_flash.o(i.flash_block_erase) refers to at32f435_437_flash.o(i.flash_bank1_operation_wait_for) for flash_bank1_operation_wait_for
    at32f435_437_flash.o(i.flash_block_erase) refers to at32f435_437_flash.o(i.flash_bank2_operation_wait_for) for flash_bank2_operation_wait_for
    at32f435_437_flash.o(i.flash_byte_program) refers to at32f435_437_flash.o(i.flash_bank1_operation_wait_for) for flash_bank1_operation_wait_for
    at32f435_437_flash.o(i.flash_byte_program) refers to at32f435_437_flash.o(i.flash_bank2_operation_wait_for) for flash_bank2_operation_wait_for
    at32f435_437_flash.o(i.flash_crc_calibrate) refers to at32f435_437_flash.o(i.flash_operation_wait_for) for flash_operation_wait_for
    at32f435_437_flash.o(i.flash_eopb0_config) refers to at32f435_437_flash.o(i.flash_operation_wait_for) for flash_operation_wait_for
    at32f435_437_flash.o(i.flash_epp_set) refers to at32f435_437_flash.o(i.flash_operation_wait_for) for flash_operation_wait_for
    at32f435_437_flash.o(i.flash_epp_set) refers to at32f435_437_flash.o(.constdata) for .constdata
    at32f435_437_flash.o(i.flash_fap_enable) refers to at32f435_437_flash.o(i.flash_operation_wait_for) for flash_operation_wait_for
    at32f435_437_flash.o(i.flash_halfword_program) refers to at32f435_437_flash.o(i.flash_bank1_operation_wait_for) for flash_bank1_operation_wait_for
    at32f435_437_flash.o(i.flash_halfword_program) refers to at32f435_437_flash.o(i.flash_bank2_operation_wait_for) for flash_bank2_operation_wait_for
    at32f435_437_flash.o(i.flash_internal_all_erase) refers to at32f435_437_flash.o(i.flash_bank1_operation_wait_for) for flash_bank1_operation_wait_for
    at32f435_437_flash.o(i.flash_internal_all_erase) refers to at32f435_437_flash.o(i.flash_bank2_operation_wait_for) for flash_bank2_operation_wait_for
    at32f435_437_flash.o(i.flash_operation_wait_for) refers to at32f435_437_flash.o(i.flash_operation_status_get) for flash_operation_status_get
    at32f435_437_flash.o(i.flash_sector_erase) refers to at32f435_437_flash.o(i.flash_bank1_operation_wait_for) for flash_bank1_operation_wait_for
    at32f435_437_flash.o(i.flash_sector_erase) refers to at32f435_437_flash.o(i.flash_bank2_operation_wait_for) for flash_bank2_operation_wait_for
    at32f435_437_flash.o(i.flash_slib_disable) refers to at32f435_437_flash.o(i.flash_operation_wait_for) for flash_operation_wait_for
    at32f435_437_flash.o(i.flash_slib_enable) refers to at32f435_437_flash.o(i.flash_operation_wait_for) for flash_operation_wait_for
    at32f435_437_flash.o(i.flash_ssb_set) refers to at32f435_437_flash.o(i.flash_operation_wait_for) for flash_operation_wait_for
    at32f435_437_flash.o(i.flash_user_system_data_erase) refers to at32f435_437_flash.o(i.flash_fap_status_get) for flash_fap_status_get
    at32f435_437_flash.o(i.flash_user_system_data_erase) refers to at32f435_437_flash.o(i.flash_operation_wait_for) for flash_operation_wait_for
    at32f435_437_flash.o(i.flash_user_system_data_program) refers to at32f435_437_flash.o(i.flash_operation_wait_for) for flash_operation_wait_for
    at32f435_437_flash.o(i.flash_word_program) refers to at32f435_437_flash.o(i.flash_bank1_operation_wait_for) for flash_bank1_operation_wait_for
    at32f435_437_flash.o(i.flash_word_program) refers to at32f435_437_flash.o(i.flash_bank2_operation_wait_for) for flash_bank2_operation_wait_for
    at32f435_437_gpio.o(i.gpio_reset) refers to at32f435_437_crm.o(i.crm_periph_reset) for crm_periph_reset
    at32f435_437_usart.o(i.usart_init) refers to at32f435_437_crm.o(i.crm_clocks_freq_get) for crm_clocks_freq_get
    at32f435_437_usart.o(i.usart_reset) refers to at32f435_437_crm.o(i.crm_periph_reset) for crm_periph_reset
    at32f435_437_tmr.o(i.tmr_external_clock_mode1_config) refers to at32f435_437_tmr.o(i.tmr_external_clock_config) for tmr_external_clock_config
    at32f435_437_tmr.o(i.tmr_external_clock_mode2_config) refers to at32f435_437_tmr.o(i.tmr_external_clock_config) for tmr_external_clock_config
    at32f435_437_tmr.o(i.tmr_reset) refers to at32f435_437_crm.o(i.crm_periph_reset) for crm_periph_reset
    system_at32f435_437.o(i.system_core_clock_update) refers to at32f435_437_crm.o(i.crm_sysclk_switch_status_get) for crm_sysclk_switch_status_get
    system_at32f435_437.o(i.system_core_clock_update) refers to uldiv.o(.text) for __aeabi_uldivmod
    system_at32f435_437.o(i.system_core_clock_update) refers to system_at32f435_437.o(.data) for system_core_clock
    system_at32f435_437.o(i.system_core_clock_update) refers to system_at32f435_437.o(.constdata) for pll_fr_table
    startup_at32f435_437.o(RESET) refers to startup_at32f435_437.o(STACK) for __initial_sp
    startup_at32f435_437.o(RESET) refers to startup_at32f435_437.o(.text) for Reset_Handler
    startup_at32f435_437.o(RESET) refers to at32f435_437_int.o(i.NMI_Handler) for NMI_Handler
    startup_at32f435_437.o(RESET) refers to at32f435_437_int.o(i.HardFault_Handler) for HardFault_Handler
    startup_at32f435_437.o(RESET) refers to at32f435_437_int.o(i.MemManage_Handler) for MemManage_Handler
    startup_at32f435_437.o(RESET) refers to at32f435_437_int.o(i.BusFault_Handler) for BusFault_Handler
    startup_at32f435_437.o(RESET) refers to at32f435_437_int.o(i.UsageFault_Handler) for UsageFault_Handler
    startup_at32f435_437.o(RESET) refers to at32f435_437_int.o(i.SVC_Handler) for SVC_Handler
    startup_at32f435_437.o(RESET) refers to at32f435_437_int.o(i.DebugMon_Handler) for DebugMon_Handler
    startup_at32f435_437.o(RESET) refers to at32f435_437_int.o(i.PendSV_Handler) for PendSV_Handler
    startup_at32f435_437.o(RESET) refers to at32f435_437_int.o(i.SysTick_Handler) for SysTick_Handler
    startup_at32f435_437.o(RESET) refers to tmr.o(i.TMR3_GLOBAL_IRQHandler) for TMR3_GLOBAL_IRQHandler
    startup_at32f435_437.o(RESET) refers to usart.o(i.USART1_IRQHandler) for USART1_IRQHandler
    startup_at32f435_437.o(.text) refers to system_at32f435_437.o(i.SystemInit) for SystemInit
    startup_at32f435_437.o(.text) refers to entry.o(.ARM.Collect$$$$00000000) for __main
    entry.o(.ARM.Collect$$$$00000000) refers (Special) to entry10a.o(.ARM.Collect$$$$0000000D) for __rt_final_cpp
    entry.o(.ARM.Collect$$$$00000000) refers (Special) to entry11a.o(.ARM.Collect$$$$0000000F) for __rt_final_exit
    entry.o(.ARM.Collect$$$$00000000) refers (Special) to entry7b.o(.ARM.Collect$$$$00000008) for _main_clock
    entry.o(.ARM.Collect$$$$00000000) refers (Special) to entry8b.o(.ARM.Collect$$$$0000000A) for _main_cpp_init
    entry.o(.ARM.Collect$$$$00000000) refers (Special) to entry9a.o(.ARM.Collect$$$$0000000B) for _main_init
    entry.o(.ARM.Collect$$$$00000000) refers (Special) to entry5.o(.ARM.Collect$$$$00000004) for _main_scatterload
    entry.o(.ARM.Collect$$$$00000000) refers (Special) to entry2.o(.ARM.Collect$$$$00000001) for _main_stk
    uldiv.o(.text) refers to llushr.o(.text) for __aeabi_llsr
    uldiv.o(.text) refers to llshl.o(.text) for __aeabi_llsl
    entry2.o(.ARM.Collect$$$$00000001) refers to entry2.o(.ARM.Collect$$$$00002712) for __lit__00000000
    entry2.o(.ARM.Collect$$$$00002712) refers to startup_at32f435_437.o(STACK) for __initial_sp
    entry2.o(__vectab_stack_and_reset_area) refers to startup_at32f435_437.o(STACK) for __initial_sp
    entry2.o(__vectab_stack_and_reset_area) refers to entry.o(.ARM.Collect$$$$00000000) for __main
    entry5.o(.ARM.Collect$$$$00000004) refers to init.o(.text) for __scatterload
    entry9a.o(.ARM.Collect$$$$0000000B) refers to main.o(i.main) for main
    entry9b.o(.ARM.Collect$$$$0000000C) refers to main.o(i.main) for main
    init.o(.text) refers to entry5.o(.ARM.Collect$$$$00000004) for __main_after_scatterload


==============================================================================

Removing Unused input sections from the image.

    Removing at32f435_437_clock.o(.rev16_text), (4 bytes).
    Removing at32f435_437_clock.o(.revsh_text), (4 bytes).
    Removing at32f435_437_clock.o(.rrx_text), (6 bytes).
    Removing at32f435_437_int.o(.rev16_text), (4 bytes).
    Removing at32f435_437_int.o(.revsh_text), (4 bytes).
    Removing at32f435_437_int.o(.rrx_text), (6 bytes).
    Removing flash.o(.rev16_text), (4 bytes).
    Removing flash.o(.revsh_text), (4 bytes).
    Removing flash.o(.rrx_text), (6 bytes).
    Removing iap.o(.rev16_text), (4 bytes).
    Removing iap.o(.revsh_text), (4 bytes).
    Removing iap.o(.rrx_text), (6 bytes).
    Removing tmr.o(.rev16_text), (4 bytes).
    Removing tmr.o(.revsh_text), (4 bytes).
    Removing tmr.o(.rrx_text), (6 bytes).
    Removing usart.o(.rev16_text), (4 bytes).
    Removing usart.o(.revsh_text), (4 bytes).
    Removing usart.o(.rrx_text), (6 bytes).
    Removing main.o(.rev16_text), (4 bytes).
    Removing main.o(.revsh_text), (4 bytes).
    Removing main.o(.rrx_text), (6 bytes).
    Removing at32f435_437_board.o(.rev16_text), (4 bytes).
    Removing at32f435_437_board.o(.revsh_text), (4 bytes).
    Removing at32f435_437_board.o(.rrx_text), (6 bytes).
    Removing at32f435_437_board.o(i.at32_button_init), (60 bytes).
    Removing at32f435_437_board.o(i.at32_button_press), (60 bytes).
    Removing at32f435_437_board.o(i.at32_button_state), (16 bytes).
    Removing at32f435_437_board.o(i.at32_led_on), (40 bytes).
    Removing at32f435_437_board.o(i.delay_ms), (116 bytes).
    Removing at32f435_437_board.o(i.delay_sec), (34 bytes).
    Removing at32f435_437_board.o(i.delay_us), (80 bytes).
    Removing at32f435_437_crm.o(.rev16_text), (4 bytes).
    Removing at32f435_437_crm.o(.revsh_text), (4 bytes).
    Removing at32f435_437_crm.o(.rrx_text), (6 bytes).
    Removing at32f435_437_crm.o(i.crm_battery_powered_domain_reset), (20 bytes).
    Removing at32f435_437_crm.o(i.crm_clkout_div_set), (68 bytes).
    Removing at32f435_437_crm.o(i.crm_clkout_to_tmr10_enable), (20 bytes).
    Removing at32f435_437_crm.o(i.crm_clock_failure_detection_enable), (20 bytes).
    Removing at32f435_437_crm.o(i.crm_clock_out1_set), (20 bytes).
    Removing at32f435_437_crm.o(i.crm_clock_out2_set), (56 bytes).
    Removing at32f435_437_crm.o(i.crm_emac_output_pulse_set), (20 bytes).
    Removing at32f435_437_crm.o(i.crm_ertc_clock_enable), (20 bytes).
    Removing at32f435_437_crm.o(i.crm_ertc_clock_select), (36 bytes).
    Removing at32f435_437_crm.o(i.crm_flag_clear), (224 bytes).
    Removing at32f435_437_crm.o(i.crm_hext_bypass), (20 bytes).
    Removing at32f435_437_crm.o(i.crm_hick_clock_calibration_set), (48 bytes).
    Removing at32f435_437_crm.o(i.crm_hick_clock_trimming_set), (20 bytes).
    Removing at32f435_437_crm.o(i.crm_hick_divider_select), (20 bytes).
    Removing at32f435_437_crm.o(i.crm_hick_sclk_frequency_select), (28 bytes).
    Removing at32f435_437_crm.o(i.crm_interrupt_enable), (32 bytes).
    Removing at32f435_437_crm.o(i.crm_lext_bypass), (20 bytes).
    Removing at32f435_437_crm.o(i.crm_periph_lowpower_mode_enable), (76 bytes).
    Removing at32f435_437_crm.o(i.crm_periph_reset), (76 bytes).
    Removing at32f435_437_crm.o(i.crm_pll_parameter_calculate), (220 bytes).
    Removing at32f435_437_crm.o(i.crm_usb_clock_div_set), (20 bytes).
    Removing at32f435_437_crm.o(i.crm_usb_clock_source_select), (32 bytes).
    Removing at32f435_437_flash.o(.rev16_text), (4 bytes).
    Removing at32f435_437_flash.o(.revsh_text), (4 bytes).
    Removing at32f435_437_flash.o(.rrx_text), (6 bytes).
    Removing at32f435_437_flash.o(i.flash_bank1_erase), (72 bytes).
    Removing at32f435_437_flash.o(i.flash_bank1_lock), (20 bytes).
    Removing at32f435_437_flash.o(i.flash_bank1_unlock), (24 bytes).
    Removing at32f435_437_flash.o(i.flash_bank2_erase), (72 bytes).
    Removing at32f435_437_flash.o(i.flash_bank2_lock), (20 bytes).
    Removing at32f435_437_flash.o(i.flash_bank2_unlock), (24 bytes).
    Removing at32f435_437_flash.o(i.flash_block_erase), (176 bytes).
    Removing at32f435_437_flash.o(i.flash_byte_program), (160 bytes).
    Removing at32f435_437_flash.o(i.flash_continue_read_enable), (20 bytes).
    Removing at32f435_437_flash.o(i.flash_crc_calibrate), (64 bytes).
    Removing at32f435_437_flash.o(i.flash_eopb0_config), (112 bytes).
    Removing at32f435_437_flash.o(i.flash_epp_set), (368 bytes).
    Removing at32f435_437_flash.o(i.flash_epp_status_get), (20 bytes).
    Removing at32f435_437_flash.o(i.flash_fap_enable), (180 bytes).
    Removing at32f435_437_flash.o(i.flash_fap_status_get), (16 bytes).
    Removing at32f435_437_flash.o(i.flash_flag_clear), (44 bytes).
    Removing at32f435_437_flash.o(i.flash_flag_get), (80 bytes).
    Removing at32f435_437_flash.o(i.flash_internal_all_erase), (128 bytes).
    Removing at32f435_437_flash.o(i.flash_interrupt_enable), (88 bytes).
    Removing at32f435_437_flash.o(i.flash_nzw_boost_enable), (20 bytes).
    Removing at32f435_437_flash.o(i.flash_operation_status_get), (52 bytes).
    Removing at32f435_437_flash.o(i.flash_operation_wait_for), (36 bytes).
    Removing at32f435_437_flash.o(i.flash_slib_disable), (52 bytes).
    Removing at32f435_437_flash.o(i.flash_slib_enable), (160 bytes).
    Removing at32f435_437_flash.o(i.flash_slib_end_sector_get), (12 bytes).
    Removing at32f435_437_flash.o(i.flash_slib_inststart_sector_get), (12 bytes).
    Removing at32f435_437_flash.o(i.flash_slib_remaining_count_get), (16 bytes).
    Removing at32f435_437_flash.o(i.flash_slib_start_sector_get), (12 bytes).
    Removing at32f435_437_flash.o(i.flash_slib_state_get), (24 bytes).
    Removing at32f435_437_flash.o(i.flash_ssb_set), (116 bytes).
    Removing at32f435_437_flash.o(i.flash_ssb_status_get), (16 bytes).
    Removing at32f435_437_flash.o(i.flash_user_system_data_erase), (180 bytes).
    Removing at32f435_437_flash.o(i.flash_user_system_data_program), (112 bytes).
    Removing at32f435_437_flash.o(i.flash_word_program), (160 bytes).
    Removing at32f435_437_flash.o(.constdata), (8 bytes).
    Removing at32f435_437_gpio.o(.rev16_text), (4 bytes).
    Removing at32f435_437_gpio.o(.revsh_text), (4 bytes).
    Removing at32f435_437_gpio.o(.rrx_text), (6 bytes).
    Removing at32f435_437_gpio.o(i.gpio_bits_reset), (4 bytes).
    Removing at32f435_437_gpio.o(i.gpio_bits_set), (4 bytes).
    Removing at32f435_437_gpio.o(i.gpio_bits_write), (10 bytes).
    Removing at32f435_437_gpio.o(i.gpio_input_data_bit_read), (18 bytes).
    Removing at32f435_437_gpio.o(i.gpio_input_data_read), (8 bytes).
    Removing at32f435_437_gpio.o(i.gpio_output_data_bit_read), (18 bytes).
    Removing at32f435_437_gpio.o(i.gpio_output_data_read), (8 bytes).
    Removing at32f435_437_gpio.o(i.gpio_pin_wp_config), (18 bytes).
    Removing at32f435_437_gpio.o(i.gpio_pins_huge_driven_config), (18 bytes).
    Removing at32f435_437_gpio.o(i.gpio_port_wirte), (4 bytes).
    Removing at32f435_437_gpio.o(i.gpio_reset), (256 bytes).
    Removing at32f435_437_usart.o(.rev16_text), (4 bytes).
    Removing at32f435_437_usart.o(.revsh_text), (4 bytes).
    Removing at32f435_437_usart.o(.rrx_text), (6 bytes).
    Removing at32f435_437_usart.o(i.usart_break_bit_num_set), (10 bytes).
    Removing at32f435_437_usart.o(i.usart_break_send), (12 bytes).
    Removing at32f435_437_usart.o(i.usart_clock_config), (28 bytes).
    Removing at32f435_437_usart.o(i.usart_clock_enable), (10 bytes).
    Removing at32f435_437_usart.o(i.usart_de_polarity_set), (10 bytes).
    Removing at32f435_437_usart.o(i.usart_dma_receiver_enable), (10 bytes).
    Removing at32f435_437_usart.o(i.usart_dma_transmitter_enable), (10 bytes).
    Removing at32f435_437_usart.o(i.usart_flag_clear), (6 bytes).
    Removing at32f435_437_usart.o(i.usart_hardware_flow_control_set), (102 bytes).
    Removing at32f435_437_usart.o(i.usart_id_bit_num_set), (10 bytes).
    Removing at32f435_437_usart.o(i.usart_irda_low_power_enable), (10 bytes).
    Removing at32f435_437_usart.o(i.usart_irda_mode_enable), (10 bytes).
    Removing at32f435_437_usart.o(i.usart_irda_smartcard_division_set), (10 bytes).
    Removing at32f435_437_usart.o(i.usart_lin_mode_enable), (10 bytes).
    Removing at32f435_437_usart.o(i.usart_parity_selection_config), (76 bytes).
    Removing at32f435_437_usart.o(i.usart_receiver_mute_enable), (10 bytes).
    Removing at32f435_437_usart.o(i.usart_reset), (260 bytes).
    Removing at32f435_437_usart.o(i.usart_rs485_delay_time_config), (18 bytes).
    Removing at32f435_437_usart.o(i.usart_rs485_mode_enable), (10 bytes).
    Removing at32f435_437_usart.o(i.usart_single_line_halfduplex_select), (10 bytes).
    Removing at32f435_437_usart.o(i.usart_smartcard_guard_time_set), (10 bytes).
    Removing at32f435_437_usart.o(i.usart_smartcard_mode_enable), (10 bytes).
    Removing at32f435_437_usart.o(i.usart_smartcard_nack_set), (10 bytes).
    Removing at32f435_437_usart.o(i.usart_transmit_receive_pin_swap), (10 bytes).
    Removing at32f435_437_usart.o(i.usart_wakeup_id_set), (46 bytes).
    Removing at32f435_437_usart.o(i.usart_wakeup_mode_set), (10 bytes).
    Removing at32f435_437_tmr.o(.rev16_text), (4 bytes).
    Removing at32f435_437_tmr.o(.revsh_text), (4 bytes).
    Removing at32f435_437_tmr.o(.rrx_text), (6 bytes).
    Removing at32f435_437_tmr.o(i.tmr_32_bit_function_enable), (28 bytes).
    Removing at32f435_437_tmr.o(i.tmr_brkdt_config), (72 bytes).
    Removing at32f435_437_tmr.o(i.tmr_brkdt_default_para_init), (18 bytes).
    Removing at32f435_437_tmr.o(i.tmr_channel1_input_select), (10 bytes).
    Removing at32f435_437_tmr.o(i.tmr_channel_buffer_enable), (10 bytes).
    Removing at32f435_437_tmr.o(i.tmr_channel_dma_select), (10 bytes).
    Removing at32f435_437_tmr.o(i.tmr_channel_enable), (96 bytes).
    Removing at32f435_437_tmr.o(i.tmr_channel_value_get), (50 bytes).
    Removing at32f435_437_tmr.o(i.tmr_channel_value_set), (46 bytes).
    Removing at32f435_437_tmr.o(i.tmr_clock_source_div_set), (10 bytes).
    Removing at32f435_437_tmr.o(i.tmr_counter_value_get), (6 bytes).
    Removing at32f435_437_tmr.o(i.tmr_counter_value_set), (4 bytes).
    Removing at32f435_437_tmr.o(i.tmr_div_value_get), (6 bytes).
    Removing at32f435_437_tmr.o(i.tmr_div_value_set), (4 bytes).
    Removing at32f435_437_tmr.o(i.tmr_dma_control_config), (18 bytes).
    Removing at32f435_437_tmr.o(i.tmr_dma_request_enable), (22 bytes).
    Removing at32f435_437_tmr.o(i.tmr_encoder_mode_config), (70 bytes).
    Removing at32f435_437_tmr.o(i.tmr_event_sw_trigger), (8 bytes).
    Removing at32f435_437_tmr.o(i.tmr_external_clock_config), (28 bytes).
    Removing at32f435_437_tmr.o(i.tmr_external_clock_mode1_config), (44 bytes).
    Removing at32f435_437_tmr.o(i.tmr_external_clock_mode2_config), (36 bytes).
    Removing at32f435_437_tmr.o(i.tmr_force_output_set), (76 bytes).
    Removing at32f435_437_tmr.o(i.tmr_hall_select), (10 bytes).
    Removing at32f435_437_tmr.o(i.tmr_input_channel_divider_set), (66 bytes).
    Removing at32f435_437_tmr.o(i.tmr_input_channel_filter_set), (66 bytes).
    Removing at32f435_437_tmr.o(i.tmr_input_channel_init), (270 bytes).
    Removing at32f435_437_tmr.o(i.tmr_input_default_para_init), (16 bytes).
    Removing at32f435_437_tmr.o(i.tmr_internal_clock_set), (10 bytes).
    Removing at32f435_437_tmr.o(i.tmr_iremap_config), (36 bytes).
    Removing at32f435_437_tmr.o(i.tmr_one_cycle_mode_enable), (10 bytes).
    Removing at32f435_437_tmr.o(i.tmr_output_channel_buffer_enable), (76 bytes).
    Removing at32f435_437_tmr.o(i.tmr_output_channel_config), (272 bytes).
    Removing at32f435_437_tmr.o(i.tmr_output_channel_fast_set), (26 bytes).
    Removing at32f435_437_tmr.o(i.tmr_output_channel_immediately_set), (76 bytes).
    Removing at32f435_437_tmr.o(i.tmr_output_channel_mode_select), (76 bytes).
    Removing at32f435_437_tmr.o(i.tmr_output_channel_polarity_set), (96 bytes).
    Removing at32f435_437_tmr.o(i.tmr_output_channel_switch_set), (76 bytes).
    Removing at32f435_437_tmr.o(i.tmr_output_default_para_init), (18 bytes).
    Removing at32f435_437_tmr.o(i.tmr_output_enable), (10 bytes).
    Removing at32f435_437_tmr.o(i.tmr_overflow_event_disable), (10 bytes).
    Removing at32f435_437_tmr.o(i.tmr_overflow_request_source_set), (10 bytes).
    Removing at32f435_437_tmr.o(i.tmr_period_buffer_enable), (10 bytes).
    Removing at32f435_437_tmr.o(i.tmr_period_value_get), (6 bytes).
    Removing at32f435_437_tmr.o(i.tmr_period_value_set), (4 bytes).
    Removing at32f435_437_tmr.o(i.tmr_primary_mode_select), (10 bytes).
    Removing at32f435_437_tmr.o(i.tmr_pwm_input_config), (350 bytes).
    Removing at32f435_437_tmr.o(i.tmr_repetition_counter_set), (32 bytes).
    Removing at32f435_437_tmr.o(i.tmr_reset), (480 bytes).
    Removing at32f435_437_tmr.o(i.tmr_sub_mode_select), (10 bytes).
    Removing at32f435_437_tmr.o(i.tmr_sub_sync_mode_set), (10 bytes).
    Removing at32f435_437_tmr.o(i.tmr_trgout2_enable), (10 bytes).
    Removing at32f435_437_tmr.o(i.tmr_trigger_input_select), (10 bytes).
    Removing at32f435_437_misc.o(.rev16_text), (4 bytes).
    Removing at32f435_437_misc.o(.revsh_text), (4 bytes).
    Removing at32f435_437_misc.o(.rrx_text), (6 bytes).
    Removing at32f435_437_misc.o(i.nvic_lowpower_mode_config), (32 bytes).
    Removing at32f435_437_misc.o(i.nvic_system_reset), (44 bytes).
    Removing at32f435_437_misc.o(i.nvic_vector_table_set), (20 bytes).
    Removing system_at32f435_437.o(.rev16_text), (4 bytes).
    Removing system_at32f435_437.o(.revsh_text), (4 bytes).
    Removing system_at32f435_437.o(.rrx_text), (6 bytes).
    Removing startup_at32f435_437.o(HEAP), (512 bytes).

202 unused section(s) (total 8944 bytes) removed from the image.

==============================================================================

Image Symbol Table

    Local Symbols

    Symbol Name                              Value     Ov Type        Size  Object(Section)

    ../clib/microlib/division.c              0x00000000   Number         0  uldiv.o ABSOLUTE
    ../clib/microlib/init/entry.s            0x00000000   Number         0  entry2.o ABSOLUTE
    ../clib/microlib/init/entry.s            0x00000000   Number         0  entry.o ABSOLUTE
    ../clib/microlib/init/entry.s            0x00000000   Number         0  entry7b.o ABSOLUTE
    ../clib/microlib/init/entry.s            0x00000000   Number         0  entry8b.o ABSOLUTE
    ../clib/microlib/init/entry.s            0x00000000   Number         0  entry8a.o ABSOLUTE
    ../clib/microlib/init/entry.s            0x00000000   Number         0  entry9a.o ABSOLUTE
    ../clib/microlib/init/entry.s            0x00000000   Number         0  entry9b.o ABSOLUTE
    ../clib/microlib/init/entry.s            0x00000000   Number         0  entry10a.o ABSOLUTE
    ../clib/microlib/init/entry.s            0x00000000   Number         0  entry10b.o ABSOLUTE
    ../clib/microlib/init/entry.s            0x00000000   Number         0  entry11a.o ABSOLUTE
    ../clib/microlib/init/entry.s            0x00000000   Number         0  entry11b.o ABSOLUTE
    ../clib/microlib/init/entry.s            0x00000000   Number         0  entry7a.o ABSOLUTE
    ../clib/microlib/init/entry.s            0x00000000   Number         0  entry5.o ABSOLUTE
    ../clib/microlib/longlong.c              0x00000000   Number         0  llshl.o ABSOLUTE
    ../clib/microlib/longlong.c              0x00000000   Number         0  llushr.o ABSOLUTE
    ..\..\..\..\..\libraries\cmsis\cm4\device_support\startup\mdk\startup_at32f435_437.s 0x00000000   Number         0  startup_at32f435_437.o ABSOLUTE
    ..\..\..\..\..\libraries\cmsis\cm4\device_support\system_at32f435_437.c 0x00000000   Number         0  system_at32f435_437.o ABSOLUTE
    ..\..\..\..\..\libraries\drivers\src\at32f435_437_crm.c 0x00000000   Number         0  at32f435_437_crm.o ABSOLUTE
    ..\..\..\..\..\libraries\drivers\src\at32f435_437_flash.c 0x00000000   Number         0  at32f435_437_flash.o ABSOLUTE
    ..\..\..\..\..\libraries\drivers\src\at32f435_437_gpio.c 0x00000000   Number         0  at32f435_437_gpio.o ABSOLUTE
    ..\..\..\..\..\libraries\drivers\src\at32f435_437_misc.c 0x00000000   Number         0  at32f435_437_misc.o ABSOLUTE
    ..\..\..\..\..\libraries\drivers\src\at32f435_437_tmr.c 0x00000000   Number         0  at32f435_437_tmr.o ABSOLUTE
    ..\..\..\..\..\libraries\drivers\src\at32f435_437_usart.c 0x00000000   Number         0  at32f435_437_usart.o ABSOLUTE
    ..\..\..\..\..\project\at32f435_437_board\at32f435_437_board.c 0x00000000   Number         0  at32f435_437_board.o ABSOLUTE
    ..\\..\\..\\..\\..\\libraries\\cmsis\\cm4\\device_support\\system_at32f435_437.c 0x00000000   Number         0  system_at32f435_437.o ABSOLUTE
    ..\\..\\..\\..\\..\\libraries\\drivers\\src\\at32f435_437_crm.c 0x00000000   Number         0  at32f435_437_crm.o ABSOLUTE
    ..\\..\\..\\..\\..\\libraries\\drivers\\src\\at32f435_437_flash.c 0x00000000   Number         0  at32f435_437_flash.o ABSOLUTE
    ..\\..\\..\\..\\..\\libraries\\drivers\\src\\at32f435_437_gpio.c 0x00000000   Number         0  at32f435_437_gpio.o ABSOLUTE
    ..\\..\\..\\..\\..\\libraries\\drivers\\src\\at32f435_437_misc.c 0x00000000   Number         0  at32f435_437_misc.o ABSOLUTE
    ..\\..\\..\\..\\..\\libraries\\drivers\\src\\at32f435_437_tmr.c 0x00000000   Number         0  at32f435_437_tmr.o ABSOLUTE
    ..\\..\\..\\..\\..\\libraries\\drivers\\src\\at32f435_437_usart.c 0x00000000   Number         0  at32f435_437_usart.o ABSOLUTE
    ..\\..\\..\\..\\..\\project\\at32f435_437_board\\at32f435_437_board.c 0x00000000   Number         0  at32f435_437_board.o ABSOLUTE
    ..\\src\\at32f435_437_clock.c            0x00000000   Number         0  at32f435_437_clock.o ABSOLUTE
    ..\\src\\at32f435_437_int.c              0x00000000   Number         0  at32f435_437_int.o ABSOLUTE
    ..\\src\\flash.c                         0x00000000   Number         0  flash.o ABSOLUTE
    ..\\src\\iap.c                           0x00000000   Number         0  iap.o ABSOLUTE
    ..\\src\\main.c                          0x00000000   Number         0  main.o ABSOLUTE
    ..\\src\\tmr.c                           0x00000000   Number         0  tmr.o ABSOLUTE
    ..\\src\\usart.c                         0x00000000   Number         0  usart.o ABSOLUTE
    ..\src\at32f435_437_clock.c              0x00000000   Number         0  at32f435_437_clock.o ABSOLUTE
    ..\src\at32f435_437_int.c                0x00000000   Number         0  at32f435_437_int.o ABSOLUTE
    ..\src\flash.c                           0x00000000   Number         0  flash.o ABSOLUTE
    ..\src\iap.c                             0x00000000   Number         0  iap.o ABSOLUTE
    ..\src\main.c                            0x00000000   Number         0  main.o ABSOLUTE
    ..\src\tmr.c                             0x00000000   Number         0  tmr.o ABSOLUTE
    ..\src\usart.c                           0x00000000   Number         0  usart.o ABSOLUTE
    dc.s                                     0x00000000   Number         0  dc.o ABSOLUTE
    handlers.s                               0x00000000   Number         0  handlers.o ABSOLUTE
    init.s                                   0x00000000   Number         0  init.o ABSOLUTE
    RESET                                    0x08000000   Section      524  startup_at32f435_437.o(RESET)
    .ARM.Collect$$$$00000000                 0x0800020c   Section        0  entry.o(.ARM.Collect$$$$00000000)
    .ARM.Collect$$$$00000001                 0x0800020c   Section        4  entry2.o(.ARM.Collect$$$$00000001)
    .ARM.Collect$$$$00000004                 0x08000210   Section        4  entry5.o(.ARM.Collect$$$$00000004)
    .ARM.Collect$$$$00000008                 0x08000214   Section        0  entry7b.o(.ARM.Collect$$$$00000008)
    .ARM.Collect$$$$0000000A                 0x08000214   Section        0  entry8b.o(.ARM.Collect$$$$0000000A)
    .ARM.Collect$$$$0000000B                 0x08000214   Section        8  entry9a.o(.ARM.Collect$$$$0000000B)
    .ARM.Collect$$$$0000000D                 0x0800021c   Section        0  entry10a.o(.ARM.Collect$$$$0000000D)
    .ARM.Collect$$$$0000000F                 0x0800021c   Section        0  entry11a.o(.ARM.Collect$$$$0000000F)
    .ARM.Collect$$$$00002712                 0x0800021c   Section        4  entry2.o(.ARM.Collect$$$$00002712)
    __lit__00000000                          0x0800021c   Data           4  entry2.o(.ARM.Collect$$$$00002712)
    .text                                    0x08000220   Section       36  startup_at32f435_437.o(.text)
    $v0                                      0x08000220   Number         0  startup_at32f435_437.o(.text)
    .text                                    0x08000244   Section        0  uldiv.o(.text)
    .text                                    0x080002a6   Section        0  llshl.o(.text)
    .text                                    0x080002c4   Section        0  llushr.o(.text)
    .text                                    0x080002e4   Section       36  init.o(.text)
    i.BusFault_Handler                       0x08000308   Section        0  at32f435_437_int.o(i.BusFault_Handler)
    i.DebugMon_Handler                       0x0800030c   Section        0  at32f435_437_int.o(i.DebugMon_Handler)
    i.HardFault_Handler                      0x0800030e   Section        0  at32f435_437_int.o(i.HardFault_Handler)
    i.MemManage_Handler                      0x08000312   Section        0  at32f435_437_int.o(i.MemManage_Handler)
    i.NMI_Handler                            0x08000316   Section        0  at32f435_437_int.o(i.NMI_Handler)
    i.PendSV_Handler                         0x08000318   Section        0  at32f435_437_int.o(i.PendSV_Handler)
    i.SVC_Handler                            0x0800031a   Section        0  at32f435_437_int.o(i.SVC_Handler)
    i.SysTick_Handler                        0x0800031c   Section        0  at32f435_437_int.o(i.SysTick_Handler)
    i.SystemInit                             0x08000320   Section        0  system_at32f435_437.o(i.SystemInit)
    i.TMR3_GLOBAL_IRQHandler                 0x080003b0   Section        0  tmr.o(i.TMR3_GLOBAL_IRQHandler)
    i.USART1_IRQHandler                      0x08000414   Section        0  usart.o(i.USART1_IRQHandler)
    i.UsageFault_Handler                     0x08000494   Section        0  at32f435_437_int.o(i.UsageFault_Handler)
    i.__NVIC_ClearPendingIRQ                 0x08000498   Section        0  iap.o(i.__NVIC_ClearPendingIRQ)
    __NVIC_ClearPendingIRQ                   0x08000499   Thumb Code    22  iap.o(i.__NVIC_ClearPendingIRQ)
    i.__scatterload_copy                     0x080004b4   Section       14  handlers.o(i.__scatterload_copy)
    i.__scatterload_null                     0x080004c2   Section        2  handlers.o(i.__scatterload_null)
    i.__scatterload_zeroinit                 0x080004c4   Section       14  handlers.o(i.__scatterload_zeroinit)
    i.app_load                               0x080004d4   Section        0  iap.o(i.app_load)
    i.app_update_handle                      0x08000538   Section        0  iap.o(i.app_update_handle)
    i.at32_board_init                        0x0800067c   Section        0  at32f435_437_board.o(i.at32_board_init)
    i.at32_led_init                          0x080006a8   Section        0  at32f435_437_board.o(i.at32_led_init)
    i.at32_led_off                           0x080006f8   Section        0  at32f435_437_board.o(i.at32_led_off)
    i.at32_led_toggle                        0x08000720   Section        0  at32f435_437_board.o(i.at32_led_toggle)
    i.back_err                               0x08000754   Section        0  iap.o(i.back_err)
    i.back_ok                                0x080007c4   Section        0  iap.o(i.back_ok)
    i.command_handle                         0x080007f8   Section        0  iap.o(i.command_handle)
    i.crm_ahb_div_set                        0x08000980   Section        0  at32f435_437_crm.o(i.crm_ahb_div_set)
    i.crm_apb1_div_set                       0x08000994   Section        0  at32f435_437_crm.o(i.crm_apb1_div_set)
    i.crm_apb2_div_set                       0x080009a8   Section        0  at32f435_437_crm.o(i.crm_apb2_div_set)
    i.crm_auto_step_mode_enable              0x080009bc   Section        0  at32f435_437_crm.o(i.crm_auto_step_mode_enable)
    i.crm_clock_source_enable                0x080009e4   Section        0  at32f435_437_crm.o(i.crm_clock_source_enable)
    i.crm_clocks_freq_get                    0x08000a4c   Section        0  at32f435_437_crm.o(i.crm_clocks_freq_get)
    i.crm_flag_get                           0x08000b5c   Section        0  at32f435_437_crm.o(i.crm_flag_get)
    i.crm_hext_stable_wait                   0x08000b8c   Section        0  at32f435_437_crm.o(i.crm_hext_stable_wait)
    i.crm_periph_clock_enable                0x08000bbc   Section        0  at32f435_437_crm.o(i.crm_periph_clock_enable)
    i.crm_pll_config                         0x08000c08   Section        0  at32f435_437_crm.o(i.crm_pll_config)
    i.crm_reset                              0x08000c3c   Section        0  at32f435_437_crm.o(i.crm_reset)
    i.crm_sysclk_switch                      0x08000cb0   Section        0  at32f435_437_crm.o(i.crm_sysclk_switch)
    i.crm_sysclk_switch_status_get           0x08000cc4   Section        0  at32f435_437_crm.o(i.crm_sysclk_switch_status_get)
    i.data_take                              0x08000cd4   Section        0  iap.o(i.data_take)
    i.delay_init                             0x08000d34   Section        0  at32f435_437_board.o(i.delay_init)
    i.flash_2kb_write                        0x08000d6c   Section        0  flash.o(i.flash_2kb_write)
    i.flash_bank1_operation_status_get       0x08000ddc   Section        0  at32f435_437_flash.o(i.flash_bank1_operation_status_get)
    i.flash_bank1_operation_wait_for         0x08000e10   Section        0  at32f435_437_flash.o(i.flash_bank1_operation_wait_for)
    i.flash_bank2_operation_status_get       0x08000e34   Section        0  at32f435_437_flash.o(i.flash_bank2_operation_status_get)
    i.flash_bank2_operation_wait_for         0x08000e68   Section        0  at32f435_437_flash.o(i.flash_bank2_operation_wait_for)
    i.flash_halfword_program                 0x08000e8c   Section        0  at32f435_437_flash.o(i.flash_halfword_program)
    i.flash_lock                             0x08000f2c   Section        0  at32f435_437_flash.o(i.flash_lock)
    i.flash_sector_erase                     0x08000f54   Section        0  at32f435_437_flash.o(i.flash_sector_erase)
    i.flash_unlock                           0x08001004   Section        0  at32f435_437_flash.o(i.flash_unlock)
    i.flash_upgrade_flag_read                0x08001028   Section        0  flash.o(i.flash_upgrade_flag_read)
    i.gpio_default_para_init                 0x08001044   Section        0  at32f435_437_gpio.o(i.gpio_default_para_init)
    i.gpio_init                              0x08001058   Section        0  at32f435_437_gpio.o(i.gpio_init)
    i.gpio_pin_mux_config                    0x080010d2   Section        0  at32f435_437_gpio.o(i.gpio_pin_mux_config)
    i.iap_upgrade_app_handle                 0x08001114   Section        0  iap.o(i.iap_upgrade_app_handle)
    i.main                                   0x08001120   Section        0  main.o(i.main)
    i.nvic_irq_disable                       0x0800116c   Section        0  at32f435_437_misc.o(i.nvic_irq_disable)
    i.nvic_irq_enable                        0x08001198   Section        0  at32f435_437_misc.o(i.nvic_irq_enable)
    i.nvic_priority_group_config             0x08001260   Section        0  at32f435_437_misc.o(i.nvic_priority_group_config)
    i.system_clock_config                    0x08001288   Section        0  at32f435_437_clock.o(i.system_clock_config)
    i.system_core_clock_update               0x08001324   Section        0  system_at32f435_437.o(i.system_core_clock_update)
    i.systick_clock_source_config            0x08001414   Section        0  at32f435_437_misc.o(i.systick_clock_source_config)
    i.tmr_base_init                          0x0800143c   Section        0  at32f435_437_tmr.o(i.tmr_base_init)
    i.tmr_cnt_dir_set                        0x0800144c   Section        0  at32f435_437_tmr.o(i.tmr_cnt_dir_set)
    i.tmr_counter_enable                     0x08001456   Section        0  at32f435_437_tmr.o(i.tmr_counter_enable)
    i.tmr_flag_clear                         0x08001460   Section        0  at32f435_437_tmr.o(i.tmr_flag_clear)
    i.tmr_flag_get                           0x08001466   Section        0  at32f435_437_tmr.o(i.tmr_flag_get)
    i.tmr_init                               0x08001478   Section        0  tmr.o(i.tmr_init)
    i.tmr_interrupt_enable                   0x080014d4   Section        0  at32f435_437_tmr.o(i.tmr_interrupt_enable)
    i.uart_init                              0x080014ec   Section        0  usart.o(i.uart_init)
    i.usart_data_receive                     0x0800158c   Section        0  at32f435_437_usart.o(i.usart_data_receive)
    i.usart_data_transmit                    0x08001594   Section        0  at32f435_437_usart.o(i.usart_data_transmit)
    i.usart_enable                           0x0800159c   Section        0  at32f435_437_usart.o(i.usart_enable)
    i.usart_flag_get                         0x080015a6   Section        0  at32f435_437_usart.o(i.usart_flag_get)
    i.usart_init                             0x080015b8   Section        0  at32f435_437_usart.o(i.usart_init)
    i.usart_interrupt_enable                 0x08001678   Section        0  at32f435_437_usart.o(i.usart_interrupt_enable)
    i.usart_receiver_enable                  0x080016ae   Section        0  at32f435_437_usart.o(i.usart_receiver_enable)
    i.usart_transmitter_enable               0x080016b8   Section        0  at32f435_437_usart.o(i.usart_transmitter_enable)
    .constdata                               0x080016c2   Section       38  at32f435_437_crm.o(.constdata)
    sclk_ahb_div_table                       0x080016c2   Data          16  at32f435_437_crm.o(.constdata)
    ahb_apb1_div_table                       0x080016d2   Data           8  at32f435_437_crm.o(.constdata)
    ahb_apb2_div_table                       0x080016da   Data           8  at32f435_437_crm.o(.constdata)
    pll_fr_table                             0x080016e2   Data           6  at32f435_437_crm.o(.constdata)
    .constdata                               0x080016e8   Section       22  system_at32f435_437.o(.constdata)
    sys_ahb_div_table                        0x080016e8   Data          16  system_at32f435_437.o(.constdata)
    pll_fr_table                             0x080016f8   Data           6  system_at32f435_437.o(.constdata)
    .data                                    0x20000000   Section        4  flash.o(.data)
    erased_addr                              0x20000000   Data           4  flash.o(.data)
    .data                                    0x20000004   Section       12  iap.o(.data)
    cmd_addr_cnt                             0x20000007   Data           1  iap.o(.data)
    cmd_data_cnt                             0x20000008   Data           4  iap.o(.data)
    .data                                    0x20000010   Section        2  tmr.o(.data)
    .data                                    0x20000014   Section       41  at32f435_437_board.o(.data)
    fac_us                                   0x20000034   Data           4  at32f435_437_board.o(.data)
    fac_ms                                   0x20000038   Data           4  at32f435_437_board.o(.data)
    pressed                                  0x2000003c   Data           1  at32f435_437_board.o(.data)
    .data                                    0x20000040   Section        4  system_at32f435_437.o(.data)
    .bss                                     0x20000044   Section     2054  iap.o(.bss)
    .bss                                     0x2000084a   Section     2054  usart.o(.bss)
    STACK                                    0x20001050   Section     1024  startup_at32f435_437.o(STACK)

    Global Symbols

    Symbol Name                              Value     Ov Type        Size  Object(Section)

    BuildAttributes$$THM_ISAv4$E$P$D$K$B$S$7EM$VFPi3$EXTD16$VFPS$VFMA$PE$A:L22UL41UL21$X:L11$S22US41US21$IEEE1$IW$USESV6$~STKCKD$USESV7$~SHL$OSPACE$EBA8$MICROLIB$REQ8$PRES8$EABIv2 0x00000000   Number         0  anon$$obj.o ABSOLUTE
    __ARM_use_no_argv                        0x00000000   Number         0  main.o ABSOLUTE
    __cpp_initialize__aeabi_                  - Undefined Weak Reference
    __cxa_finalize                            - Undefined Weak Reference
    __decompress                              - Undefined Weak Reference
    _clock_init                               - Undefined Weak Reference
    _microlib_exit                            - Undefined Weak Reference
    __Vectors_Size                           0x0000020c   Number         0  startup_at32f435_437.o ABSOLUTE
    __Vectors                                0x08000000   Data           4  startup_at32f435_437.o(RESET)
    __Vectors_End                            0x0800020c   Data           0  startup_at32f435_437.o(RESET)
    __main                                   0x0800020d   Thumb Code     0  entry.o(.ARM.Collect$$$$00000000)
    _main_stk                                0x0800020d   Thumb Code     0  entry2.o(.ARM.Collect$$$$00000001)
    _main_scatterload                        0x08000211   Thumb Code     0  entry5.o(.ARM.Collect$$$$00000004)
    __main_after_scatterload                 0x08000215   Thumb Code     0  entry5.o(.ARM.Collect$$$$00000004)
    _main_clock                              0x08000215   Thumb Code     0  entry7b.o(.ARM.Collect$$$$00000008)
    _main_cpp_init                           0x08000215   Thumb Code     0  entry8b.o(.ARM.Collect$$$$0000000A)
    _main_init                               0x08000215   Thumb Code     0  entry9a.o(.ARM.Collect$$$$0000000B)
    __rt_final_cpp                           0x0800021d   Thumb Code     0  entry10a.o(.ARM.Collect$$$$0000000D)
    __rt_final_exit                          0x0800021d   Thumb Code     0  entry11a.o(.ARM.Collect$$$$0000000F)
    Reset_Handler                            0x08000221   Thumb Code     8  startup_at32f435_437.o(.text)
    ACC_IRQHandler                           0x0800023b   Thumb Code     0  startup_at32f435_437.o(.text)
    ADC1_2_3_IRQHandler                      0x0800023b   Thumb Code     0  startup_at32f435_437.o(.text)
    CAN1_RX0_IRQHandler                      0x0800023b   Thumb Code     0  startup_at32f435_437.o(.text)
    CAN1_RX1_IRQHandler                      0x0800023b   Thumb Code     0  startup_at32f435_437.o(.text)
    CAN1_SE_IRQHandler                       0x0800023b   Thumb Code     0  startup_at32f435_437.o(.text)
    CAN1_TX_IRQHandler                       0x0800023b   Thumb Code     0  startup_at32f435_437.o(.text)
    CAN2_RX0_IRQHandler                      0x0800023b   Thumb Code     0  startup_at32f435_437.o(.text)
    CAN2_RX1_IRQHandler                      0x0800023b   Thumb Code     0  startup_at32f435_437.o(.text)
    CAN2_SE_IRQHandler                       0x0800023b   Thumb Code     0  startup_at32f435_437.o(.text)
    CAN2_TX_IRQHandler                       0x0800023b   Thumb Code     0  startup_at32f435_437.o(.text)
    CRM_IRQHandler                           0x0800023b   Thumb Code     0  startup_at32f435_437.o(.text)
    DMA1_Channel1_IRQHandler                 0x0800023b   Thumb Code     0  startup_at32f435_437.o(.text)
    DMA1_Channel2_IRQHandler                 0x0800023b   Thumb Code     0  startup_at32f435_437.o(.text)
    DMA1_Channel3_IRQHandler                 0x0800023b   Thumb Code     0  startup_at32f435_437.o(.text)
    DMA1_Channel4_IRQHandler                 0x0800023b   Thumb Code     0  startup_at32f435_437.o(.text)
    DMA1_Channel5_IRQHandler                 0x0800023b   Thumb Code     0  startup_at32f435_437.o(.text)
    DMA1_Channel6_IRQHandler                 0x0800023b   Thumb Code     0  startup_at32f435_437.o(.text)
    DMA1_Channel7_IRQHandler                 0x0800023b   Thumb Code     0  startup_at32f435_437.o(.text)
    DMA2_Channel1_IRQHandler                 0x0800023b   Thumb Code     0  startup_at32f435_437.o(.text)
    DMA2_Channel2_IRQHandler                 0x0800023b   Thumb Code     0  startup_at32f435_437.o(.text)
    DMA2_Channel3_IRQHandler                 0x0800023b   Thumb Code     0  startup_at32f435_437.o(.text)
    DMA2_Channel4_IRQHandler                 0x0800023b   Thumb Code     0  startup_at32f435_437.o(.text)
    DMA2_Channel5_IRQHandler                 0x0800023b   Thumb Code     0  startup_at32f435_437.o(.text)
    DMA2_Channel6_IRQHandler                 0x0800023b   Thumb Code     0  startup_at32f435_437.o(.text)
    DMA2_Channel7_IRQHandler                 0x0800023b   Thumb Code     0  startup_at32f435_437.o(.text)
    DMAMUX_IRQHandler                        0x0800023b   Thumb Code     0  startup_at32f435_437.o(.text)
    DVP_IRQHandler                           0x0800023b   Thumb Code     0  startup_at32f435_437.o(.text)
    EDMA_Stream1_IRQHandler                  0x0800023b   Thumb Code     0  startup_at32f435_437.o(.text)
    EDMA_Stream2_IRQHandler                  0x0800023b   Thumb Code     0  startup_at32f435_437.o(.text)
    EDMA_Stream3_IRQHandler                  0x0800023b   Thumb Code     0  startup_at32f435_437.o(.text)
    EDMA_Stream4_IRQHandler                  0x0800023b   Thumb Code     0  startup_at32f435_437.o(.text)
    EDMA_Stream5_IRQHandler                  0x0800023b   Thumb Code     0  startup_at32f435_437.o(.text)
    EDMA_Stream6_IRQHandler                  0x0800023b   Thumb Code     0  startup_at32f435_437.o(.text)
    EDMA_Stream7_IRQHandler                  0x0800023b   Thumb Code     0  startup_at32f435_437.o(.text)
    EDMA_Stream8_IRQHandler                  0x0800023b   Thumb Code     0  startup_at32f435_437.o(.text)
    EMAC_IRQHandler                          0x0800023b   Thumb Code     0  startup_at32f435_437.o(.text)
    EMAC_WKUP_IRQHandler                     0x0800023b   Thumb Code     0  startup_at32f435_437.o(.text)
    ERTCAlarm_IRQHandler                     0x0800023b   Thumb Code     0  startup_at32f435_437.o(.text)
    ERTC_WKUP_IRQHandler                     0x0800023b   Thumb Code     0  startup_at32f435_437.o(.text)
    EXINT0_IRQHandler                        0x0800023b   Thumb Code     0  startup_at32f435_437.o(.text)
    EXINT15_10_IRQHandler                    0x0800023b   Thumb Code     0  startup_at32f435_437.o(.text)
    EXINT1_IRQHandler                        0x0800023b   Thumb Code     0  startup_at32f435_437.o(.text)
    EXINT2_IRQHandler                        0x0800023b   Thumb Code     0  startup_at32f435_437.o(.text)
    EXINT3_IRQHandler                        0x0800023b   Thumb Code     0  startup_at32f435_437.o(.text)
    EXINT4_IRQHandler                        0x0800023b   Thumb Code     0  startup_at32f435_437.o(.text)
    EXINT9_5_IRQHandler                      0x0800023b   Thumb Code     0  startup_at32f435_437.o(.text)
    FLASH_IRQHandler                         0x0800023b   Thumb Code     0  startup_at32f435_437.o(.text)
    FPU_IRQHandler                           0x0800023b   Thumb Code     0  startup_at32f435_437.o(.text)
    I2C1_ERR_IRQHandler                      0x0800023b   Thumb Code     0  startup_at32f435_437.o(.text)
    I2C1_EVT_IRQHandler                      0x0800023b   Thumb Code     0  startup_at32f435_437.o(.text)
    I2C2_ERR_IRQHandler                      0x0800023b   Thumb Code     0  startup_at32f435_437.o(.text)
    I2C2_EVT_IRQHandler                      0x0800023b   Thumb Code     0  startup_at32f435_437.o(.text)
    I2C3_ERR_IRQHandler                      0x0800023b   Thumb Code     0  startup_at32f435_437.o(.text)
    I2C3_EVT_IRQHandler                      0x0800023b   Thumb Code     0  startup_at32f435_437.o(.text)
    OTGFS1_IRQHandler                        0x0800023b   Thumb Code     0  startup_at32f435_437.o(.text)
    OTGFS1_WKUP_IRQHandler                   0x0800023b   Thumb Code     0  startup_at32f435_437.o(.text)
    OTGFS2_IRQHandler                        0x0800023b   Thumb Code     0  startup_at32f435_437.o(.text)
    OTGFS2_WKUP_IRQHandler                   0x0800023b   Thumb Code     0  startup_at32f435_437.o(.text)
    PVM_IRQHandler                           0x0800023b   Thumb Code     0  startup_at32f435_437.o(.text)
    QSPI1_IRQHandler                         0x0800023b   Thumb Code     0  startup_at32f435_437.o(.text)
    QSPI2_IRQHandler                         0x0800023b   Thumb Code     0  startup_at32f435_437.o(.text)
    SDIO1_IRQHandler                         0x0800023b   Thumb Code     0  startup_at32f435_437.o(.text)
    SDIO2_IRQHandler                         0x0800023b   Thumb Code     0  startup_at32f435_437.o(.text)
    SPI1_IRQHandler                          0x0800023b   Thumb Code     0  startup_at32f435_437.o(.text)
    SPI2_I2S2EXT_IRQHandler                  0x0800023b   Thumb Code     0  startup_at32f435_437.o(.text)
    SPI3_I2S3EXT_IRQHandler                  0x0800023b   Thumb Code     0  startup_at32f435_437.o(.text)
    SPI4_IRQHandler                          0x0800023b   Thumb Code     0  startup_at32f435_437.o(.text)
    TAMP_STAMP_IRQHandler                    0x0800023b   Thumb Code     0  startup_at32f435_437.o(.text)
    TMR1_BRK_TMR9_IRQHandler                 0x0800023b   Thumb Code     0  startup_at32f435_437.o(.text)
    TMR1_CH_IRQHandler                       0x0800023b   Thumb Code     0  startup_at32f435_437.o(.text)
    TMR1_OVF_TMR10_IRQHandler                0x0800023b   Thumb Code     0  startup_at32f435_437.o(.text)
    TMR1_TRG_HALL_TMR11_IRQHandler           0x0800023b   Thumb Code     0  startup_at32f435_437.o(.text)
    TMR20_BRK_IRQHandler                     0x0800023b   Thumb Code     0  startup_at32f435_437.o(.text)
    TMR20_CH_IRQHandler                      0x0800023b   Thumb Code     0  startup_at32f435_437.o(.text)
    TMR20_OVF_IRQHandler                     0x0800023b   Thumb Code     0  startup_at32f435_437.o(.text)
    TMR20_TRG_HALL_IRQHandler                0x0800023b   Thumb Code     0  startup_at32f435_437.o(.text)
    TMR2_GLOBAL_IRQHandler                   0x0800023b   Thumb Code     0  startup_at32f435_437.o(.text)
    TMR4_GLOBAL_IRQHandler                   0x0800023b   Thumb Code     0  startup_at32f435_437.o(.text)
    TMR5_GLOBAL_IRQHandler                   0x0800023b   Thumb Code     0  startup_at32f435_437.o(.text)
    TMR6_DAC_GLOBAL_IRQHandler               0x0800023b   Thumb Code     0  startup_at32f435_437.o(.text)
    TMR7_GLOBAL_IRQHandler                   0x0800023b   Thumb Code     0  startup_at32f435_437.o(.text)
    TMR8_BRK_TMR12_IRQHandler                0x0800023b   Thumb Code     0  startup_at32f435_437.o(.text)
    TMR8_CH_IRQHandler                       0x0800023b   Thumb Code     0  startup_at32f435_437.o(.text)
    TMR8_OVF_TMR13_IRQHandler                0x0800023b   Thumb Code     0  startup_at32f435_437.o(.text)
    TMR8_TRG_HALL_TMR14_IRQHandler           0x0800023b   Thumb Code     0  startup_at32f435_437.o(.text)
    UART4_IRQHandler                         0x0800023b   Thumb Code     0  startup_at32f435_437.o(.text)
    UART5_IRQHandler                         0x0800023b   Thumb Code     0  startup_at32f435_437.o(.text)
    UART7_IRQHandler                         0x0800023b   Thumb Code     0  startup_at32f435_437.o(.text)
    UART8_IRQHandler                         0x0800023b   Thumb Code     0  startup_at32f435_437.o(.text)
    USART2_IRQHandler                        0x0800023b   Thumb Code     0  startup_at32f435_437.o(.text)
    USART3_IRQHandler                        0x0800023b   Thumb Code     0  startup_at32f435_437.o(.text)
    USART6_IRQHandler                        0x0800023b   Thumb Code     0  startup_at32f435_437.o(.text)
    WWDT_IRQHandler                          0x0800023b   Thumb Code     0  startup_at32f435_437.o(.text)
    XMC_IRQHandler                           0x0800023b   Thumb Code     0  startup_at32f435_437.o(.text)
    __aeabi_uldivmod                         0x08000245   Thumb Code    98  uldiv.o(.text)
    __aeabi_llsl                             0x080002a7   Thumb Code    30  llshl.o(.text)
    _ll_shift_l                              0x080002a7   Thumb Code     0  llshl.o(.text)
    __aeabi_llsr                             0x080002c5   Thumb Code    32  llushr.o(.text)
    _ll_ushift_r                             0x080002c5   Thumb Code     0  llushr.o(.text)
    __scatterload                            0x080002e5   Thumb Code    28  init.o(.text)
    __scatterload_rt2                        0x080002e5   Thumb Code     0  init.o(.text)
    BusFault_Handler                         0x08000309   Thumb Code     4  at32f435_437_int.o(i.BusFault_Handler)
    DebugMon_Handler                         0x0800030d   Thumb Code     2  at32f435_437_int.o(i.DebugMon_Handler)
    HardFault_Handler                        0x0800030f   Thumb Code     4  at32f435_437_int.o(i.HardFault_Handler)
    MemManage_Handler                        0x08000313   Thumb Code     4  at32f435_437_int.o(i.MemManage_Handler)
    NMI_Handler                              0x08000317   Thumb Code     2  at32f435_437_int.o(i.NMI_Handler)
    PendSV_Handler                           0x08000319   Thumb Code     2  at32f435_437_int.o(i.PendSV_Handler)
    SVC_Handler                              0x0800031b   Thumb Code     2  at32f435_437_int.o(i.SVC_Handler)
    SysTick_Handler                          0x0800031d   Thumb Code     2  at32f435_437_int.o(i.SysTick_Handler)
    SystemInit                               0x08000321   Thumb Code   126  system_at32f435_437.o(i.SystemInit)
    TMR3_GLOBAL_IRQHandler                   0x080003b1   Thumb Code    82  tmr.o(i.TMR3_GLOBAL_IRQHandler)
    USART1_IRQHandler                        0x08000415   Thumb Code   114  usart.o(i.USART1_IRQHandler)
    UsageFault_Handler                       0x08000495   Thumb Code     4  at32f435_437_int.o(i.UsageFault_Handler)
    __scatterload_copy                       0x080004b5   Thumb Code    14  handlers.o(i.__scatterload_copy)
    __scatterload_null                       0x080004c3   Thumb Code     2  handlers.o(i.__scatterload_null)
    __scatterload_zeroinit                   0x080004c5   Thumb Code    14  handlers.o(i.__scatterload_zeroinit)
    app_load                                 0x080004d5   Thumb Code    88  iap.o(i.app_load)
    app_update_handle                        0x08000539   Thumb Code   294  iap.o(i.app_update_handle)
    at32_board_init                          0x0800067d   Thumb Code    44  at32f435_437_board.o(i.at32_board_init)
    at32_led_init                            0x080006a9   Thumb Code    68  at32f435_437_board.o(i.at32_led_init)
    at32_led_off                             0x080006f9   Thumb Code    32  at32f435_437_board.o(i.at32_led_off)
    at32_led_toggle                          0x08000721   Thumb Code    42  at32f435_437_board.o(i.at32_led_toggle)
    back_err                                 0x08000755   Thumb Code    78  iap.o(i.back_err)
    back_ok                                  0x080007c5   Thumb Code    48  iap.o(i.back_ok)
    command_handle                           0x080007f9   Thumb Code   362  iap.o(i.command_handle)
    crm_ahb_div_set                          0x08000981   Thumb Code    14  at32f435_437_crm.o(i.crm_ahb_div_set)
    crm_apb1_div_set                         0x08000995   Thumb Code    14  at32f435_437_crm.o(i.crm_apb1_div_set)
    crm_apb2_div_set                         0x080009a9   Thumb Code    14  at32f435_437_crm.o(i.crm_apb2_div_set)
    crm_auto_step_mode_enable                0x080009bd   Thumb Code    34  at32f435_437_crm.o(i.crm_auto_step_mode_enable)
    crm_clock_source_enable                  0x080009e5   Thumb Code    98  at32f435_437_crm.o(i.crm_clock_source_enable)
    crm_clocks_freq_get                      0x08000a4d   Thumb Code   242  at32f435_437_crm.o(i.crm_clocks_freq_get)
    crm_flag_get                             0x08000b5d   Thumb Code    44  at32f435_437_crm.o(i.crm_flag_get)
    crm_hext_stable_wait                     0x08000b8d   Thumb Code    46  at32f435_437_crm.o(i.crm_hext_stable_wait)
    crm_periph_clock_enable                  0x08000bbd   Thumb Code    70  at32f435_437_crm.o(i.crm_periph_clock_enable)
    crm_pll_config                           0x08000c09   Thumb Code    46  at32f435_437_crm.o(i.crm_pll_config)
    crm_reset                                0x08000c3d   Thumb Code   104  at32f435_437_crm.o(i.crm_reset)
    crm_sysclk_switch                        0x08000cb1   Thumb Code    14  at32f435_437_crm.o(i.crm_sysclk_switch)
    crm_sysclk_switch_status_get             0x08000cc5   Thumb Code    10  at32f435_437_crm.o(i.crm_sysclk_switch_status_get)
    data_take                                0x08000cd5   Thumb Code    82  iap.o(i.data_take)
    delay_init                               0x08000d35   Thumb Code    38  at32f435_437_board.o(i.delay_init)
    flash_2kb_write                          0x08000d6d   Thumb Code   102  flash.o(i.flash_2kb_write)
    flash_bank1_operation_status_get         0x08000ddd   Thumb Code    48  at32f435_437_flash.o(i.flash_bank1_operation_status_get)
    flash_bank1_operation_wait_for           0x08000e11   Thumb Code    36  at32f435_437_flash.o(i.flash_bank1_operation_wait_for)
    flash_bank2_operation_status_get         0x08000e35   Thumb Code    48  at32f435_437_flash.o(i.flash_bank2_operation_status_get)
    flash_bank2_operation_wait_for           0x08000e69   Thumb Code    36  at32f435_437_flash.o(i.flash_bank2_operation_wait_for)
    flash_halfword_program                   0x08000e8d   Thumb Code   150  at32f435_437_flash.o(i.flash_halfword_program)
    flash_lock                               0x08000f2d   Thumb Code    34  at32f435_437_flash.o(i.flash_lock)
    flash_sector_erase                       0x08000f55   Thumb Code   168  at32f435_437_flash.o(i.flash_sector_erase)
    flash_unlock                             0x08001005   Thumb Code    24  at32f435_437_flash.o(i.flash_unlock)
    flash_upgrade_flag_read                  0x08001029   Thumb Code    18  flash.o(i.flash_upgrade_flag_read)
    gpio_default_para_init                   0x08001045   Thumb Code    20  at32f435_437_gpio.o(i.gpio_default_para_init)
    gpio_init                                0x08001059   Thumb Code   122  at32f435_437_gpio.o(i.gpio_init)
    gpio_pin_mux_config                      0x080010d3   Thumb Code    66  at32f435_437_gpio.o(i.gpio_pin_mux_config)
    iap_upgrade_app_handle                   0x08001115   Thumb Code    12  iap.o(i.iap_upgrade_app_handle)
    main                                     0x08001121   Thumb Code    70  main.o(i.main)
    nvic_irq_disable                         0x0800116d   Thumb Code    38  at32f435_437_misc.o(i.nvic_irq_disable)
    nvic_irq_enable                          0x08001199   Thumb Code   190  at32f435_437_misc.o(i.nvic_irq_enable)
    nvic_priority_group_config               0x08001261   Thumb Code    32  at32f435_437_misc.o(i.nvic_priority_group_config)
    system_clock_config                      0x08001289   Thumb Code   144  at32f435_437_clock.o(i.system_clock_config)
    system_core_clock_update                 0x08001325   Thumb Code   214  system_at32f435_437.o(i.system_core_clock_update)
    systick_clock_source_config              0x08001415   Thumb Code    40  at32f435_437_misc.o(i.systick_clock_source_config)
    tmr_base_init                            0x0800143d   Thumb Code    16  at32f435_437_tmr.o(i.tmr_base_init)
    tmr_cnt_dir_set                          0x0800144d   Thumb Code    10  at32f435_437_tmr.o(i.tmr_cnt_dir_set)
    tmr_counter_enable                       0x08001457   Thumb Code    10  at32f435_437_tmr.o(i.tmr_counter_enable)
    tmr_flag_clear                           0x08001461   Thumb Code     6  at32f435_437_tmr.o(i.tmr_flag_clear)
    tmr_flag_get                             0x08001467   Thumb Code    18  at32f435_437_tmr.o(i.tmr_flag_get)
    tmr_init                                 0x08001479   Thumb Code    82  tmr.o(i.tmr_init)
    tmr_interrupt_enable                     0x080014d5   Thumb Code    22  at32f435_437_tmr.o(i.tmr_interrupt_enable)
    uart_init                                0x080014ed   Thumb Code   144  usart.o(i.uart_init)
    usart_data_receive                       0x0800158d   Thumb Code     8  at32f435_437_usart.o(i.usart_data_receive)
    usart_data_transmit                      0x08001595   Thumb Code     8  at32f435_437_usart.o(i.usart_data_transmit)
    usart_enable                             0x0800159d   Thumb Code    10  at32f435_437_usart.o(i.usart_enable)
    usart_flag_get                           0x080015a7   Thumb Code    16  at32f435_437_usart.o(i.usart_flag_get)
    usart_init                               0x080015b9   Thumb Code   174  at32f435_437_usart.o(i.usart_init)
    usart_interrupt_enable                   0x08001679   Thumb Code    54  at32f435_437_usart.o(i.usart_interrupt_enable)
    usart_receiver_enable                    0x080016af   Thumb Code    10  at32f435_437_usart.o(i.usart_receiver_enable)
    usart_transmitter_enable                 0x080016b9   Thumb Code    10  at32f435_437_usart.o(i.usart_transmitter_enable)
    Region$$Table$$Base                      0x08001700   Number         0  anon$$obj.o(Region$$Table)
    Region$$Table$$Limit                     0x08001720   Number         0  anon$$obj.o(Region$$Table)
    cmd_data_step                            0x20000004   Data           1  iap.o(.data)
    cmd_ctr_step                             0x20000005   Data           1  iap.o(.data)
    update_status                            0x20000006   Data           1  iap.o(.data)
    jump_to_app                              0x2000000c   Data           4  iap.o(.data)
    time_ira_cnt                             0x20000010   Data           1  tmr.o(.data)
    get_data_from_usart_flag                 0x20000011   Data           1  tmr.o(.data)
    led_gpio_port                            0x20000014   Data          12  at32f435_437_board.o(.data)
    led_gpio_pin                             0x20000020   Data           6  at32f435_437_board.o(.data)
    led_gpio_crm_clk                         0x20000028   Data          12  at32f435_437_board.o(.data)
    system_core_clock                        0x20000040   Data           4  system_at32f435_437.o(.data)
    cmd_data_group_struct                    0x20000044   Data        2054  iap.o(.bss)
    usart_group_struct                       0x2000084a   Data        2054  usart.o(.bss)
    __initial_sp                             0x20001450   Data           0  startup_at32f435_437.o(STACK)



==============================================================================

Memory Map of the image

  Image Entry point : 0x0800020d

  Load Region LR_IROM1 (Base: 0x08000000, Size: 0x00001764, Max: 0x00004000, ABSOLUTE)

    Execution Region ER_IROM1 (Exec base: 0x08000000, Load base: 0x08000000, Size: 0x00001720, Max: 0x00004000, ABSOLUTE)

    Exec Addr    Load Addr    Size         Type   Attr      Idx    E Section Name        Object

    0x08000000   0x08000000   0x0000020c   Data   RO         1837    RESET               startup_at32f435_437.o
    0x0800020c   0x0800020c   0x00000000   Code   RO         1842  * .ARM.Collect$$$$00000000  mc_w.l(entry.o)
    0x0800020c   0x0800020c   0x00000004   Code   RO         1847    .ARM.Collect$$$$00000001  mc_w.l(entry2.o)
    0x08000210   0x08000210   0x00000004   Code   RO         1850    .ARM.Collect$$$$00000004  mc_w.l(entry5.o)
    0x08000214   0x08000214   0x00000000   Code   RO         1852    .ARM.Collect$$$$00000008  mc_w.l(entry7b.o)
    0x08000214   0x08000214   0x00000000   Code   RO         1854    .ARM.Collect$$$$0000000A  mc_w.l(entry8b.o)
    0x08000214   0x08000214   0x00000008   Code   RO         1855    .ARM.Collect$$$$0000000B  mc_w.l(entry9a.o)
    0x0800021c   0x0800021c   0x00000000   Code   RO         1857    .ARM.Collect$$$$0000000D  mc_w.l(entry10a.o)
    0x0800021c   0x0800021c   0x00000000   Code   RO         1859    .ARM.Collect$$$$0000000F  mc_w.l(entry11a.o)
    0x0800021c   0x0800021c   0x00000004   Code   RO         1848    .ARM.Collect$$$$00002712  mc_w.l(entry2.o)
    0x08000220   0x08000220   0x00000024   Code   RO         1838    .text               startup_at32f435_437.o
    0x08000244   0x08000244   0x00000062   Code   RO         1845    .text               mc_w.l(uldiv.o)
    0x080002a6   0x080002a6   0x0000001e   Code   RO         1861    .text               mc_w.l(llshl.o)
    0x080002c4   0x080002c4   0x00000020   Code   RO         1863    .text               mc_w.l(llushr.o)
    0x080002e4   0x080002e4   0x00000024   Code   RO         1865    .text               mc_w.l(init.o)
    0x08000308   0x08000308   0x00000004   Code   RO          150    i.BusFault_Handler  at32f435_437_int.o
    0x0800030c   0x0800030c   0x00000002   Code   RO          151    i.DebugMon_Handler  at32f435_437_int.o
    0x0800030e   0x0800030e   0x00000004   Code   RO          152    i.HardFault_Handler  at32f435_437_int.o
    0x08000312   0x08000312   0x00000004   Code   RO          153    i.MemManage_Handler  at32f435_437_int.o
    0x08000316   0x08000316   0x00000002   Code   RO          154    i.NMI_Handler       at32f435_437_int.o
    0x08000318   0x08000318   0x00000002   Code   RO          155    i.PendSV_Handler    at32f435_437_int.o
    0x0800031a   0x0800031a   0x00000002   Code   RO          156    i.SVC_Handler       at32f435_437_int.o
    0x0800031c   0x0800031c   0x00000002   Code   RO          157    i.SysTick_Handler   at32f435_437_int.o
    0x0800031e   0x0800031e   0x00000002   PAD
    0x08000320   0x08000320   0x00000090   Code   RO         1801    i.SystemInit        system_at32f435_437.o
    0x080003b0   0x080003b0   0x00000064   Code   RO          358    i.TMR3_GLOBAL_IRQHandler  tmr.o
    0x08000414   0x08000414   0x00000080   Code   RO          394    i.USART1_IRQHandler  usart.o
    0x08000494   0x08000494   0x00000004   Code   RO          158    i.UsageFault_Handler  at32f435_437_int.o
    0x08000498   0x08000498   0x0000001c   Code   RO          274    i.__NVIC_ClearPendingIRQ  iap.o
    0x080004b4   0x080004b4   0x0000000e   Code   RO         1869    i.__scatterload_copy  mc_w.l(handlers.o)
    0x080004c2   0x080004c2   0x00000002   Code   RO         1870    i.__scatterload_null  mc_w.l(handlers.o)
    0x080004c4   0x080004c4   0x0000000e   Code   RO         1871    i.__scatterload_zeroinit  mc_w.l(handlers.o)
    0x080004d2   0x080004d2   0x00000002   PAD
    0x080004d4   0x080004d4   0x00000064   Code   RO          275    i.app_load          iap.o
    0x08000538   0x08000538   0x00000144   Code   RO          276    i.app_update_handle  iap.o
    0x0800067c   0x0800067c   0x0000002c   Code   RO          454    i.at32_board_init   at32f435_437_board.o
    0x080006a8   0x080006a8   0x00000050   Code   RO          458    i.at32_led_init     at32f435_437_board.o
    0x080006f8   0x080006f8   0x00000028   Code   RO          459    i.at32_led_off      at32f435_437_board.o
    0x08000720   0x08000720   0x00000034   Code   RO          461    i.at32_led_toggle   at32f435_437_board.o
    0x08000754   0x08000754   0x00000070   Code   RO          277    i.back_err          iap.o
    0x080007c4   0x080007c4   0x00000034   Code   RO          278    i.back_ok           iap.o
    0x080007f8   0x080007f8   0x00000188   Code   RO          279    i.command_handle    iap.o
    0x08000980   0x08000980   0x00000014   Code   RO          547    i.crm_ahb_div_set   at32f435_437_crm.o
    0x08000994   0x08000994   0x00000014   Code   RO          548    i.crm_apb1_div_set  at32f435_437_crm.o
    0x080009a8   0x080009a8   0x00000014   Code   RO          549    i.crm_apb2_div_set  at32f435_437_crm.o
    0x080009bc   0x080009bc   0x00000028   Code   RO          550    i.crm_auto_step_mode_enable  at32f435_437_crm.o
    0x080009e4   0x080009e4   0x00000068   Code   RO          557    i.crm_clock_source_enable  at32f435_437_crm.o
    0x08000a4c   0x08000a4c   0x00000110   Code   RO          558    i.crm_clocks_freq_get  at32f435_437_crm.o
    0x08000b5c   0x08000b5c   0x00000030   Code   RO          563    i.crm_flag_get      at32f435_437_crm.o
    0x08000b8c   0x08000b8c   0x0000002e   Code   RO          565    i.crm_hext_stable_wait  at32f435_437_crm.o
    0x08000bba   0x08000bba   0x00000002   PAD
    0x08000bbc   0x08000bbc   0x0000004c   Code   RO          572    i.crm_periph_clock_enable  at32f435_437_crm.o
    0x08000c08   0x08000c08   0x00000034   Code   RO          575    i.crm_pll_config    at32f435_437_crm.o
    0x08000c3c   0x08000c3c   0x00000074   Code   RO          577    i.crm_reset         at32f435_437_crm.o
    0x08000cb0   0x08000cb0   0x00000014   Code   RO          578    i.crm_sysclk_switch  at32f435_437_crm.o
    0x08000cc4   0x08000cc4   0x00000010   Code   RO          579    i.crm_sysclk_switch_status_get  at32f435_437_crm.o
    0x08000cd4   0x08000cd4   0x00000060   Code   RO          280    i.data_take         iap.o
    0x08000d34   0x08000d34   0x00000038   Code   RO          462    i.delay_init        at32f435_437_board.o
    0x08000d6c   0x08000d6c   0x00000070   Code   RO          225    i.flash_2kb_write   flash.o
    0x08000ddc   0x08000ddc   0x00000034   Code   RO          778    i.flash_bank1_operation_status_get  at32f435_437_flash.o
    0x08000e10   0x08000e10   0x00000024   Code   RO          779    i.flash_bank1_operation_wait_for  at32f435_437_flash.o
    0x08000e34   0x08000e34   0x00000034   Code   RO          783    i.flash_bank2_operation_status_get  at32f435_437_flash.o
    0x08000e68   0x08000e68   0x00000024   Code   RO          784    i.flash_bank2_operation_wait_for  at32f435_437_flash.o
    0x08000e8c   0x08000e8c   0x000000a0   Code   RO          797    i.flash_halfword_program  at32f435_437_flash.o
    0x08000f2c   0x08000f2c   0x00000028   Code   RO          800    i.flash_lock        at32f435_437_flash.o
    0x08000f54   0x08000f54   0x000000b0   Code   RO          804    i.flash_sector_erase  at32f435_437_flash.o
    0x08001004   0x08001004   0x00000024   Code   RO          814    i.flash_unlock      at32f435_437_flash.o
    0x08001028   0x08001028   0x0000001c   Code   RO          226    i.flash_upgrade_flag_read  flash.o
    0x08001044   0x08001044   0x00000014   Code   RO         1050    i.gpio_default_para_init  at32f435_437_gpio.o
    0x08001058   0x08001058   0x0000007a   Code   RO         1051    i.gpio_init         at32f435_437_gpio.o
    0x080010d2   0x080010d2   0x00000042   Code   RO         1056    i.gpio_pin_mux_config  at32f435_437_gpio.o
    0x08001114   0x08001114   0x0000000c   Code   RO          281    i.iap_upgrade_app_handle  iap.o
    0x08001120   0x08001120   0x0000004c   Code   RO          430    i.main              main.o
    0x0800116c   0x0800116c   0x0000002c   Code   RO         1737    i.nvic_irq_disable  at32f435_437_misc.o
    0x08001198   0x08001198   0x000000c8   Code   RO         1738    i.nvic_irq_enable   at32f435_437_misc.o
    0x08001260   0x08001260   0x00000028   Code   RO         1740    i.nvic_priority_group_config  at32f435_437_misc.o
    0x08001288   0x08001288   0x0000009c   Code   RO            4    i.system_clock_config  at32f435_437_clock.o
    0x08001324   0x08001324   0x000000f0   Code   RO         1802    i.system_core_clock_update  system_at32f435_437.o
    0x08001414   0x08001414   0x00000028   Code   RO         1743    i.systick_clock_source_config  at32f435_437_misc.o
    0x0800143c   0x0800143c   0x00000010   Code   RO         1372    i.tmr_base_init     at32f435_437_tmr.o
    0x0800144c   0x0800144c   0x0000000a   Code   RO         1382    i.tmr_cnt_dir_set   at32f435_437_tmr.o
    0x08001456   0x08001456   0x0000000a   Code   RO         1383    i.tmr_counter_enable  at32f435_437_tmr.o
    0x08001460   0x08001460   0x00000006   Code   RO         1395    i.tmr_flag_clear    at32f435_437_tmr.o
    0x08001466   0x08001466   0x00000012   Code   RO         1396    i.tmr_flag_get      at32f435_437_tmr.o
    0x08001478   0x08001478   0x0000005c   Code   RO          359    i.tmr_init          tmr.o
    0x080014d4   0x080014d4   0x00000016   Code   RO         1404    i.tmr_interrupt_enable  at32f435_437_tmr.o
    0x080014ea   0x080014ea   0x00000002   PAD
    0x080014ec   0x080014ec   0x000000a0   Code   RO          395    i.uart_init         usart.o
    0x0800158c   0x0800158c   0x00000008   Code   RO         1153    i.usart_data_receive  at32f435_437_usart.o
    0x08001594   0x08001594   0x00000008   Code   RO         1154    i.usart_data_transmit  at32f435_437_usart.o
    0x0800159c   0x0800159c   0x0000000a   Code   RO         1158    i.usart_enable      at32f435_437_usart.o
    0x080015a6   0x080015a6   0x00000010   Code   RO         1160    i.usart_flag_get    at32f435_437_usart.o
    0x080015b6   0x080015b6   0x00000002   PAD
    0x080015b8   0x080015b8   0x000000c0   Code   RO         1163    i.usart_init        at32f435_437_usart.o
    0x08001678   0x08001678   0x00000036   Code   RO         1164    i.usart_interrupt_enable  at32f435_437_usart.o
    0x080016ae   0x080016ae   0x0000000a   Code   RO         1170    i.usart_receiver_enable  at32f435_437_usart.o
    0x080016b8   0x080016b8   0x0000000a   Code   RO         1180    i.usart_transmitter_enable  at32f435_437_usart.o
    0x080016c2   0x080016c2   0x00000026   Data   RO          582    .constdata          at32f435_437_crm.o
    0x080016e8   0x080016e8   0x00000016   Data   RO         1803    .constdata          system_at32f435_437.o
    0x080016fe   0x080016fe   0x00000002   PAD
    0x08001700   0x08001700   0x00000020   Data   RO         1867    Region$$Table       anon$$obj.o


    Execution Region RW_IRAM1 (Exec base: 0x20000000, Load base: 0x08001720, Size: 0x00001450, Max: 0x00060000, ABSOLUTE)

    Exec Addr    Load Addr    Size         Type   Attr      Idx    E Section Name        Object

    0x20000000   0x08001720   0x00000004   Data   RW          227    .data               flash.o
    0x20000004   0x08001724   0x0000000c   Data   RW          283    .data               iap.o
    0x20000010   0x08001730   0x00000002   Data   RW          360    .data               tmr.o
    0x20000012   0x08001732   0x00000002   PAD
    0x20000014   0x08001734   0x00000029   Data   RW          466    .data               at32f435_437_board.o
    0x2000003d   0x0800175d   0x00000003   PAD
    0x20000040   0x08001760   0x00000004   Data   RW         1804    .data               system_at32f435_437.o
    0x20000044        -       0x00000806   Zero   RW          282    .bss                iap.o
    0x2000084a        -       0x00000806   Zero   RW          396    .bss                usart.o
    0x20001050        -       0x00000400   Zero   RW         1835    STACK               startup_at32f435_437.o


==============================================================================

Image component sizes


      Code (inc. data)   RO Data    RW Data    ZI Data      Debug   Object Name

       272         48          0         41          0       5058   at32f435_437_board.o
       156         12          0          0          0      62666   at32f435_437_clock.o
       850        106         38          0          0       9940   at32f435_437_crm.o
       588         44          0          0          0       5990   at32f435_437_flash.o
       208          0          0          0          0       2823   at32f435_437_gpio.o
        26          0          0          0          0       4914   at32f435_437_int.o
       324         24          0          0          0      33899   at32f435_437_misc.o
        82          0          0          0          0       4738   at32f435_437_tmr.o
       308         18          0          0          0       6464   at32f435_437_usart.o
       140         20          0          4          0       2760   flash.o
      1116        130          0         12       2054      42503   iap.o
        76          6          0          0          0        591   main.o
        36          8        524          0       1024       1016   startup_at32f435_437.o
       384         44         22          4          0       2640   system_at32f435_437.o
       192         28          0          2          0       1568   tmr.o
       288         30          0          0       2054       2133   usart.o

    ----------------------------------------------------------------------
      5054        518        618         68       5132     189703   Object Totals
         0          0         32          0          0          0   (incl. Generated)
         8          0          2          5          0          0   (incl. Padding)

    ----------------------------------------------------------------------

      Code (inc. data)   RO Data    RW Data    ZI Data      Debug   Library Member Name

         0          0          0          0          0          0   entry.o
         0          0          0          0          0          0   entry10a.o
         0          0          0          0          0          0   entry11a.o
         8          4          0          0          0          0   entry2.o
         4          0          0          0          0          0   entry5.o
         0          0          0          0          0          0   entry7b.o
         0          0          0          0          0          0   entry8b.o
         8          4          0          0          0          0   entry9a.o
        30          0          0          0          0          0   handlers.o
        36          8          0          0          0         68   init.o
        30          0          0          0          0         68   llshl.o
        32          0          0          0          0         68   llushr.o
        98          0          0          0          0         92   uldiv.o

    ----------------------------------------------------------------------
       248         16          0          0          0        296   Library Totals
         2          0          0          0          0          0   (incl. Padding)

    ----------------------------------------------------------------------

      Code (inc. data)   RO Data    RW Data    ZI Data      Debug   Library Name

       246         16          0          0          0        296   mc_w.l

    ----------------------------------------------------------------------
       248         16          0          0          0        296   Library Totals

    ----------------------------------------------------------------------

==============================================================================


      Code (inc. data)   RO Data    RW Data    ZI Data      Debug   

      5302        534        618         68       5132     183351   Grand Totals
      5302        534        618         68       5132     183351   ELF Image Totals
      5302        534        618         68          0          0   ROM Totals

==============================================================================

    Total RO  Size (Code + RO Data)                 5920 (   5.78kB)
    Total RW  Size (RW Data + ZI Data)              5200 (   5.08kB)
    Total ROM Size (Code + RO Data + RW Data)       5988 (   5.85kB)

==============================================================================

