Component: ARM Compiler 5.06 update 6 (build 750) Tool: armlink [4d35ed]

==============================================================================

Section Cross References

    at32f435_437_clock.o(i.system_clock_config) refers to at32f435_437_crm.o(i.crm_periph_clock_enable) for crm_periph_clock_enable
    at32f435_437_clock.o(i.system_clock_config) refers to at32f435_437_crm.o(i.crm_reset) for crm_reset
    at32f435_437_clock.o(i.system_clock_config) refers to at32f435_437_crm.o(i.crm_clock_source_enable) for crm_clock_source_enable
    at32f435_437_clock.o(i.system_clock_config) refers to at32f435_437_crm.o(i.crm_hext_stable_wait) for crm_hext_stable_wait
    at32f435_437_clock.o(i.system_clock_config) refers to at32f435_437_crm.o(i.crm_pll_config) for crm_pll_config
    at32f435_437_clock.o(i.system_clock_config) refers to at32f435_437_crm.o(i.crm_flag_get) for crm_flag_get
    at32f435_437_clock.o(i.system_clock_config) refers to at32f435_437_crm.o(i.crm_ahb_div_set) for crm_ahb_div_set
    at32f435_437_clock.o(i.system_clock_config) refers to at32f435_437_crm.o(i.crm_apb2_div_set) for crm_apb2_div_set
    at32f435_437_clock.o(i.system_clock_config) refers to at32f435_437_crm.o(i.crm_apb1_div_set) for crm_apb1_div_set
    at32f435_437_clock.o(i.system_clock_config) refers to at32f435_437_crm.o(i.crm_auto_step_mode_enable) for crm_auto_step_mode_enable
    at32f435_437_clock.o(i.system_clock_config) refers to at32f435_437_crm.o(i.crm_sysclk_switch) for crm_sysclk_switch
    at32f435_437_clock.o(i.system_clock_config) refers to at32f435_437_crm.o(i.crm_sysclk_switch_status_get) for crm_sysclk_switch_status_get
    at32f435_437_clock.o(i.system_clock_config) refers to system_at32f435_437.o(i.system_core_clock_update) for system_core_clock_update
    at32f435_437_int.o(i.ADC1_2_3_IRQHandler) refers to at32f435_437_adc.o(i.adc_flag_get) for adc_flag_get
    at32f435_437_int.o(i.ADC1_2_3_IRQHandler) refers to at32f435_437_adc.o(i.adc_flag_clear) for adc_flag_clear
    at32f435_437_int.o(i.ADC1_2_3_IRQHandler) refers to main.o(.data) for adc1_overflow_flag
    at32f435_437_int.o(i.DMA1_Channel1_IRQHandler) refers to at32f435_437_dma.o(i.dma_flag_get) for dma_flag_get
    at32f435_437_int.o(i.DMA1_Channel1_IRQHandler) refers to at32f435_437_dma.o(i.dma_flag_clear) for dma_flag_clear
    at32f435_437_int.o(i.DMA1_Channel1_IRQHandler) refers to main.o(.data) for dma1_trans_complete_flag
    main.o(i.adc_config) refers to at32f435_437_crm.o(i.crm_periph_clock_enable) for crm_periph_clock_enable
    main.o(i.adc_config) refers to at32f435_437_misc.o(i.nvic_irq_enable) for nvic_irq_enable
    main.o(i.adc_config) refers to at32f435_437_adc.o(i.adc_common_default_para_init) for adc_common_default_para_init
    main.o(i.adc_config) refers to at32f435_437_adc.o(i.adc_common_config) for adc_common_config
    main.o(i.adc_config) refers to at32f435_437_adc.o(i.adc_base_default_para_init) for adc_base_default_para_init
    main.o(i.adc_config) refers to at32f435_437_adc.o(i.adc_base_config) for adc_base_config
    main.o(i.adc_config) refers to at32f435_437_adc.o(i.adc_resolution_set) for adc_resolution_set
    main.o(i.adc_config) refers to at32f435_437_adc.o(i.adc_ordinary_channel_set) for adc_ordinary_channel_set
    main.o(i.adc_config) refers to at32f435_437_adc.o(i.adc_ordinary_conversion_trigger_set) for adc_ordinary_conversion_trigger_set
    main.o(i.adc_config) refers to at32f435_437_adc.o(i.adc_dma_mode_enable) for adc_dma_mode_enable
    main.o(i.adc_config) refers to at32f435_437_adc.o(i.adc_dma_request_repeat_enable) for adc_dma_request_repeat_enable
    main.o(i.adc_config) refers to at32f435_437_adc.o(i.adc_interrupt_enable) for adc_interrupt_enable
    main.o(i.adc_config) refers to at32f435_437_adc.o(i.adc_enable) for adc_enable
    main.o(i.adc_config) refers to at32f435_437_adc.o(i.adc_flag_get) for adc_flag_get
    main.o(i.adc_config) refers to at32f435_437_adc.o(i.adc_calibration_init) for adc_calibration_init
    main.o(i.adc_config) refers to at32f435_437_adc.o(i.adc_calibration_init_status_get) for adc_calibration_init_status_get
    main.o(i.adc_config) refers to at32f435_437_adc.o(i.adc_calibration_start) for adc_calibration_start
    main.o(i.adc_config) refers to at32f435_437_adc.o(i.adc_calibration_status_get) for adc_calibration_status_get
    main.o(i.dma_config) refers to at32f435_437_crm.o(i.crm_periph_clock_enable) for crm_periph_clock_enable
    main.o(i.dma_config) refers to at32f435_437_misc.o(i.nvic_irq_enable) for nvic_irq_enable
    main.o(i.dma_config) refers to at32f435_437_dma.o(i.dma_reset) for dma_reset
    main.o(i.dma_config) refers to at32f435_437_dma.o(i.dma_default_para_init) for dma_default_para_init
    main.o(i.dma_config) refers to at32f435_437_dma.o(i.dma_init) for dma_init
    main.o(i.dma_config) refers to at32f435_437_dma.o(i.dmamux_enable) for dmamux_enable
    main.o(i.dma_config) refers to at32f435_437_dma.o(i.dmamux_init) for dmamux_init
[...]
    Removing at32f435_437_tmr.o(i.tmr_external_clock_mode1_config), (44 bytes).
    Removing at32f435_437_tmr.o(i.tmr_external_clock_mode2_config), (36 bytes).
    Removing at32f435_437_tmr.o(i.tmr_flag_clear), (6 bytes).
    Removing at32f435_437_tmr.o(i.tmr_flag_get), (18 bytes).
    Removing at32f435_437_tmr.o(i.tmr_force_output_set), (76 bytes).
    Removing at32f435_437_tmr.o(i.tmr_hall_select), (10 bytes).
    Removing at32f435_437_tmr.o(i.tmr_input_channel_divider_set), (66 bytes).
    Removing at32f435_437_tmr.o(i.tmr_input_channel_filter_set), (66 bytes).
    Removing at32f435_437_tmr.o(i.tmr_input_channel_init), (270 bytes).
    Removing at32f435_437_tmr.o(i.tmr_input_default_para_init), (16 bytes).
    Removing at32f435_437_tmr.o(i.tmr_internal_clock_set), (10 bytes).
    Removing at32f435_437_tmr.o(i.tmr_interrupt_enable), (22 bytes).
    Removing at32f435_437_tmr.o(i.tmr_iremap_config), (36 bytes).
    Removing at32f435_437_tmr.o(i.tmr_one_cycle_mode_enable), (10 bytes).
    Removing at32f435_437_tmr.o(i.tmr_output_channel_buffer_enable), (76 bytes).
    Removing at32f435_437_tmr.o(i.tmr_output_channel_fast_set), (26 bytes).
    Removing at32f435_437_tmr.o(i.tmr_output_channel_immediately_set), (76 bytes).
    Removing at32f435_437_tmr.o(i.tmr_output_channel_mode_select), (76 bytes).
    Removing at32f435_437_tmr.o(i.tmr_output_channel_polarity_set), (96 bytes).
    Removing at32f435_437_tmr.o(i.tmr_output_channel_switch_set), (76 bytes).
    Removing at32f435_437_tmr.o(i.tmr_overflow_event_disable), (10 bytes).
    Removing at32f435_437_tmr.o(i.tmr_overflow_request_source_set), (10 bytes).
    Removing at32f435_437_tmr.o(i.tmr_period_buffer_enable), (10 bytes).
    Removing at32f435_437_tmr.o(i.tmr_period_value_get), (6 bytes).
    Removing at32f435_437_tmr.o(i.tmr_period_value_set), (4 bytes).
    Removing at32f435_437_tmr.o(i.tmr_pwm_input_config), (350 bytes).
    Removing at32f435_437_tmr.o(i.tmr_repetition_counter_set), (32 bytes).
    Removing at32f435_437_tmr.o(i.tmr_reset), (480 bytes).
    Removing at32f435_437_tmr.o(i.tmr_sub_mode_select), (10 bytes).
    Removing at32f435_437_tmr.o(i.tmr_sub_sync_mode_set), (10 bytes).
    Removing at32f435_437_tmr.o(i.tmr_trigger_input_select), (10 bytes).
    Removing system_at32f435_437.o(.rev16_text), (4 bytes).
    Removing system_at32f435_437.o(.revsh_text), (4 bytes).
    Removing system_at32f435_437.o(.rrx_text), (6 bytes).

198 unused section(s) (total 6444 bytes) removed from the image.

==============================================================================

Image Symbol Table

    Local Symbols

    Symbol Name                              Value     Ov Type        Size  Object(Section)

    ../clib/angel/boardlib.s                 0x00000000   Number         0  boardshut.o ABSOLUTE
    ../clib/angel/boardlib.s                 0x00000000   Number         0  boardinit1.o ABSOLUTE
    ../clib/angel/boardlib.s                 0x00000000   Number         0  boardinit3.o ABSOLUTE
    ../clib/angel/boardlib.s                 0x00000000   Number         0  boardinit2.o ABSOLUTE
    ../clib/angel/handlers.s                 0x00000000   Number         0  __scatter_copy.o ABSOLUTE
    ../clib/angel/handlers.s                 0x00000000   Number         0  __scatter_zi.o ABSOLUTE
    ../clib/angel/kernel.s                   0x00000000   Number         0  __rtentry2.o ABSOLUTE
    ../clib/angel/kernel.s                   0x00000000   Number         0  __rtentry4.o ABSOLUTE
    ../clib/angel/kernel.s                   0x00000000   Number         0  __rtentry.o ABSOLUTE
    ../clib/angel/kernel.s                   0x00000000   Number         0  rtexit2.o ABSOLUTE
    ../clib/angel/kernel.s                   0x00000000   Number         0  rtexit.o ABSOLUTE
    ../clib/angel/rt.s                       0x00000000   Number         0  rt_div0.o ABSOLUTE
    ../clib/angel/rt.s                       0x00000000   Number         0  aeabi_ldiv0.o ABSOLUTE
    ../clib/angel/rt.s                       0x00000000   Number         0  rt_raise.o ABSOLUTE
    ../clib/angel/rt.s                       0x00000000   Number         0  aeabi_ldiv0_sigfpe.o ABSOLUTE
    ../clib/angel/scatter.s                  0x00000000   Number         0  __scatter.o ABSOLUTE
    ../clib/angel/startup.s                  0x00000000   Number         0  __main.o ABSOLUTE
    ../clib/angel/sys.s                      0x00000000   Number         0  sys_stackheap_outer.o ABSOLUTE
    ../clib/angel/sys.s                      0x00000000   Number         0  use_no_semi.o ABSOLUTE
    ../clib/angel/sys.s                      0x00000000   Number         0  libspace.o ABSOLUTE
    ../clib/angel/sys.s                      0x00000000   Number         0  use_no_semi_2.o ABSOLUTE
    ../clib/angel/sys.s                      0x00000000   Number         0  indicate_semi.o ABSOLUTE
    ../clib/angel/sysapp.c                   0x00000000   Number         0  sys_command.o ABSOLUTE
    ../clib/armsys.c                         0x00000000   Number         0  argv_veneer.o ABSOLUTE
    ../clib/armsys.c                         0x00000000   Number         0  argv_veneer.o ABSOLUTE
    ../clib/armsys.c                         0x00000000   Number         0  no_argv.o ABSOLUTE
    ../clib/armsys.c                         0x00000000   Number         0  _get_argv_nomalloc.o ABSOLUTE
    ../clib/heapalloc.c                      0x00000000   Number         0  hrguard.o ABSOLUTE
    ../clib/heapaux.c                        0x00000000   Number         0  heapauxi.o ABSOLUTE
    ../clib/libinit.s                        0x00000000   Number         0  libinit2.o ABSOLUTE
    ../clib/libinit.s                        0x00000000   Number         0  libshutdown.o ABSOLUTE
    ../clib/libinit.s                        0x00000000   Number         0  libshutdown2.o ABSOLUTE
    ../clib/libinit.s                        0x00000000   Number         0  libinit.o ABSOLUTE
    ../clib/longlong.s                       0x00000000   Number         0  lludivv7m.o ABSOLUTE
    ../clib/printf.c                         0x00000000   Number         0  _printf_hex_int_ll.o ABSOLUTE
    ../clib/printf.c                         0x00000000   Number         0  _printf_hex_int_ll_ptr.o ABSOLUTE
    ../clib/printf.c                         0x00000000   Number         0  noretval__2printf.o ABSOLUTE
    ../clib/printf.c                         0x00000000   Number         0  _printf_hex_int.o ABSOLUTE
    ../clib/printf.c                         0x00000000   Number         0  _printf_hex_ll.o ABSOLUTE
    ../clib/printf.c                         0x00000000   Number         0  __printf_nopercent.o ABSOLUTE
    ../clib/printf.c                         0x00000000   Number         0  __printf_flags.o ABSOLUTE
    ../clib/printf.c                         0x00000000   Number         0  __printf_flags_ss_wp.o ABSOLUTE
    ../clib/printf.c                         0x00000000   Number         0  __printf_flags_wp.o ABSOLUTE
    ../clib/printf.c                         0x00000000   Number         0  __printf.o ABSOLUTE
    ../clib/printf.c                         0x00000000   Number         0  __printf_wp.o ABSOLUTE
    ../clib/printf.c                         0x00000000   Number         0  __printf_flags_ss.o ABSOLUTE
    ../clib/printf.c                         0x00000000   Number         0  __2printf.o ABSOLUTE
    ../clib/printf.c                         0x00000000   Number         0  __printf_ss.o ABSOLUTE
    ../clib/printf.c                         0x00000000   Number         0  _printf_dec.o ABSOLUTE
    ../clib/printf.c                         0x00000000   Number         0  __printf_ss_wp.o ABSOLUTE
    ../clib/printf.c                         0x00000000   Number         0  _printf_intcommon.o ABSOLUTE
    ../clib/printf.c                         0x00000000   Number         0  _printf_char_common.o ABSOLUTE
    ../clib/printf.c                         0x00000000   Number         0  _printf_hex_ll_ptr.o ABSOLUTE
    ../clib/printf.c                         0x00000000   Number         0  _printf_hex_int_ptr.o ABSOLUTE
    ../clib/printf.c                         0x00000000   Number         0  _printf_hex_ptr.o ABSOLUTE
    ../clib/printf.c                         0x00000000   Number         0  _printf_char_file.o ABSOLUTE
    ../clib/printf_percent.s                 0x00000000   Number         0  _printf_d.o ABSOLUTE
    ../clib/printf_percent.s                 0x00000000   Number         0  _printf_x.o ABSOLUTE
    ../clib/printf_percent.s                 0x00000000   Number         0  _printf_percent_end.o ABSOLUTE
    ../clib/printf_percent.s                 0x00000000   Number         0  _printf_percent.o ABSOLUTE
    ../clib/signal.c                         0x00000000   Number         0  defsig_cppl_inner.o ABSOLUTE
    ../clib/signal.c                         0x00000000   Number         0  defsig_pvfn_inner.o ABSOLUTE
    ../clib/signal.c                         0x00000000   Number         0  defsig_stak_inner.o ABSOLUTE
    ../clib/signal.c                         0x00000000   Number         0  defsig_rtmem_formal.o ABSOLUTE
    ../clib/signal.c                         0x00000000   Number         0  defsig_rtmem_outer.o ABSOLUTE
    ../clib/signal.c                         0x00000000   Number         0  defsig_rtmem_inner.o ABSOLUTE
    ../clib/signal.c                         0x00000000   Number         0  defsig_rtred_inner.o ABSOLUTE
    ../clib/signal.c                         0x00000000   Number         0  defsig_abrt_inner.o ABSOLUTE
    ../clib/signal.c                         0x00000000   Number         0  defsig_exit.o ABSOLUTE
    ../clib/signal.c                         0x00000000   Number         0  defsig_fpe_outer.o ABSOLUTE
    ../clib/signal.c                         0x00000000   Number         0  defsig_fpe_formal.o ABSOLUTE
    ../clib/signal.c                         0x00000000   Number         0  defsig_general.o ABSOLUTE
    ../clib/signal.c                         0x00000000   Number         0  __raise.o ABSOLUTE
    ../clib/signal.c                         0x00000000   Number         0  defsig_fpe_inner.o ABSOLUTE
    ../clib/signal.c                         0x00000000   Number         0  defsig_other.o ABSOLUTE
    ../clib/signal.c                         0x00000000   Number         0  defsig_segv_inner.o ABSOLUTE
    ../clib/signal.s                         0x00000000   Number         0  defsig.o ABSOLUTE
    ../clib/stdio.c                          0x00000000   Number         0  ferror_locked.o ABSOLUTE
    ../clib/stdio.c                          0x00000000   Number         0  ferror.o ABSOLUTE
    ../clib/stdlib.c                         0x00000000   Number         0  exit.o ABSOLUTE
    ../fplib/fpinit.s                        0x00000000   Number         0  fpinit.o ABSOLUTE
    ..\..\..\..\..\..\libraries\cmsis\cm4\device_support\startup\mdk\startup_at32f435_437.s 0x00000000   Number         0  startup_at32f435_437.o ABSOLUTE
    ..\..\..\..\..\..\libraries\cmsis\cm4\device_support\system_at32f435_437.c 0x00000000   Number         0  system_at32f435_437.o ABSOLUTE
    ..\..\..\..\..\..\libraries\drivers\src\at32f435_437_adc.c 0x00000000   Number         0  at32f435_437_adc.o ABSOLUTE
    ..\..\..\..\..\..\libraries\drivers\src\at32f435_437_crm.c 0x00000000   Number         0  at32f435_437_crm.o ABSOLUTE
    ..\..\..\..\..\..\libraries\drivers\src\at32f435_437_dma.c 0x00000000   Number         0  at32f435_437_dma.o ABSOLUTE
    ..\..\..\..\..\..\libraries\drivers\src\at32f435_437_gpio.c 0x00000000   Number         0  at32f435_437_gpio.o ABSOLUTE
    ..\..\..\..\..\..\libraries\drivers\src\at32f435_437_misc.c 0x00000000   Number         0  at32f435_437_misc.o ABSOLUTE
    ..\..\..\..\..\..\libraries\drivers\src\at32f435_437_tmr.c 0x00000000   Number         0  at32f435_437_tmr.o ABSOLUTE
    ..\..\..\..\..\..\libraries\drivers\src\at32f435_437_usart.c 0x00000000   Number         0  at32f435_437_usart.o ABSOLUTE
    ..\..\..\..\..\at32f435_437_board\at32f435_437_board.c 0x00000000   Number         0  at32f435_437_board.o ABSOLUTE
    ..\\..\\..\\..\\..\\..\\libraries\\cmsis\\cm4\\device_support\\system_at32f435_437.c 0x00000000   Number         0  system_at32f435_437.o ABSOLUTE
    ..\\..\\..\\..\\..\\..\\libraries\\drivers\\src\\at32f435_437_adc.c 0x00000000   Number         0  at32f435_437_adc.o ABSOLUTE
    ..\\..\\..\\..\\..\\..\\libraries\\drivers\\src\\at32f435_437_crm.c 0x00000000   Number         0  at32f435_437_crm.o ABSOLUTE
    ..\\..\\..\\..\\..\\..\\libraries\\drivers\\src\\at32f435_437_dma.c 0x00000000   Number         0  at32f435_437_dma.o ABSOLUTE
    ..\\..\\..\\..\\..\\..\\libraries\\drivers\\src\\at32f435_437_gpio.c 0x00000000   Number         0  at32f435_437_gpio.o ABSOLUTE
    ..\\..\\..\\..\\..\\..\\libraries\\drivers\\src\\at32f435_437_misc.c 0x00000000   Number         0  at32f435_437_misc.o ABSOLUTE
    ..\\..\\..\\..\\..\\..\\libraries\\drivers\\src\\at32f435_437_tmr.c 0x00000000   Number         0  at32f435_437_tmr.o ABSOLUTE
    ..\\..\\..\\..\\..\\..\\libraries\\drivers\\src\\at32f435_437_usart.c 0x00000000   Number         0  at32f435_437_usart.o ABSOLUTE
    ..\\..\\..\\..\\..\\at32f435_437_board\\at32f435_437_board.c 0x00000000   Number         0  at32f435_437_board.o ABSOLUTE
    ..\\src\\at32f435_437_clock.c            0x00000000   Number         0  at32f435_437_clock.o ABSOLUTE
    ..\\src\\at32f435_437_int.c              0x00000000   Number         0  at32f435_437_int.o ABSOLUTE
    ..\\src\\main.c                          0x00000000   Number         0  main.o ABSOLUTE
    ..\src\at32f435_437_clock.c              0x00000000   Number         0  at32f435_437_clock.o ABSOLUTE
    ..\src\at32f435_437_int.c                0x00000000   Number         0  at32f435_437_int.o ABSOLUTE
    ..\src\main.c                            0x00000000   Number         0  main.o ABSOLUTE
    dc.s                                     0x00000000   Number         0  dc.o ABSOLUTE
    RESET                                    0x08000000   Section      524  startup_at32f435_437.o(RESET)
    !!!main                                  0x0800020c   Section        8  __main.o(!!!main)
    !!!scatter                               0x08000214   Section       52  __scatter.o(!!!scatter)
    !!handler_copy                           0x08000248   Section       26  __scatter_copy.o(!!handler_copy)
    !!handler_zi                             0x08000264   Section       28  __scatter_zi.o(!!handler_zi)
    .ARM.Collect$$_printf_percent$$00000000  0x08000280   Section        0  _printf_percent.o(.ARM.Collect$$_printf_percent$$00000000)
    .ARM.Collect$$_printf_percent$$00000009  0x08000280   Section        6  _printf_d.o(.ARM.Collect$$_printf_percent$$00000009)
    .ARM.Collect$$_printf_percent$$0000000C  0x08000286   Section        6  _printf_x.o(.ARM.Collect$$_printf_percent$$0000000C)
    .ARM.Collect$$_printf_percent$$00000017  0x0800028c   Section        4  _printf_percent_end.o(.ARM.Collect$$_printf_percent$$00000017)
    .ARM.Collect$$libinit$$00000000          0x08000290   Section        2  libinit.o(.ARM.Collect$$libinit$$00000000)
    .ARM.Collect$$libinit$$00000001          0x08000292   Section        4  libinit2.o(.ARM.Collect$$libinit$$00000001)
    .ARM.Collect$$libinit$$00000004          0x08000296   Section        0  libinit2.o(.ARM.Collect$$libinit$$00000004)
    .ARM.Collect$$libinit$$0000000A          0x08000296   Section        0  libinit2.o(.ARM.Collect$$libinit$$0000000A)
    .ARM.Collect$$libinit$$0000000C          0x08000296   Section        0  libinit2.o(.ARM.Collect$$libinit$$0000000C)
    .ARM.Collect$$libinit$$0000000E          0x08000296   Section        0  libinit2.o(.ARM.Collect$$libinit$$0000000E)
    .ARM.Collect$$libinit$$00000011          0x08000296   Section        0  libinit2.o(.ARM.Collect$$libinit$$00000011)
    .ARM.Collect$$libinit$$00000013          0x08000296   Section        0  libinit2.o(.ARM.Collect$$libinit$$00000013)
    .ARM.Collect$$libinit$$00000015          0x08000296   Section        0  libinit2.o(.ARM.Collect$$libinit$$00000015)
    .ARM.Collect$$libinit$$00000017          0x08000296   Section        0  libinit2.o(.ARM.Collect$$libinit$$00000017)
    .ARM.Collect$$libinit$$00000019          0x08000296   Section        0  libinit2.o(.ARM.Collect$$libinit$$00000019)
    .ARM.Collect$$libinit$$0000001B          0x08000296   Section        0  libinit2.o(.ARM.Collect$$libinit$$0000001B)
    .ARM.Collect$$libinit$$0000001D          0x08000296   Section        0  libinit2.o(.ARM.Collect$$libinit$$0000001D)
    .ARM.Collect$$libinit$$0000001F          0x08000296   Section        0  libinit2.o(.ARM.Collect$$libinit$$0000001F)
    .ARM.Collect$$libinit$$00000021          0x08000296   Section        0  libinit2.o(.ARM.Collect$$libinit$$00000021)
    .ARM.Collect$$libinit$$00000023          0x08000296   Section        0  libinit2.o(.ARM.Collect$$libinit$$00000023)
    .ARM.Collect$$libinit$$00000025          0x08000296   Section        0  libinit2.o(.ARM.Collect$$libinit$$00000025)
    .ARM.Collect$$libinit$$0000002C          0x08000296   Section        0  libinit2.o(.ARM.Collect$$libinit$$0000002C)
    .ARM.Collect$$libinit$$0000002E          0x08000296   Section        0  libinit2.o(.ARM.Collect$$libinit$$0000002E)
    .ARM.Collect$$libinit$$00000030          0x08000296   Section        0  libinit2.o(.ARM.Collect$$libinit$$00000030)
    .ARM.Collect$$libinit$$00000032          0x08000296   Section        0  libinit2.o(.ARM.Collect$$libinit$$00000032)
    .ARM.Collect$$libinit$$00000033          0x08000296   Section        2  libinit2.o(.ARM.Collect$$libinit$$00000033)
    .ARM.Collect$$libshutdown$$00000000      0x08000298   Section        2  libshutdown.o(.ARM.Collect$$libshutdown$$00000000)
    .ARM.Collect$$libshutdown$$00000002      0x0800029a   Section        0  libshutdown2.o(.ARM.Collect$$libshutdown$$00000002)
    .ARM.Collect$$libshutdown$$00000004      0x0800029a   Section        0  libshutdown2.o(.ARM.Collect$$libshutdown$$00000004)
    .ARM.Collect$$libshutdown$$00000007      0x0800029a   Section        0  libshutdown2.o(.ARM.Collect$$libshutdown$$00000007)
    .ARM.Collect$$libshutdown$$0000000A      0x0800029a   Section        0  libshutdown2.o(.ARM.Collect$$libshutdown$$0000000A)
    .ARM.Collect$$libshutdown$$0000000C      0x0800029a   Section        0  libshutdown2.o(.ARM.Collect$$libshutdown$$0000000C)
    .ARM.Collect$$libshutdown$$0000000F      0x0800029a   Section        0  libshutdown2.o(.ARM.Collect$$libshutdown$$0000000F)
    .ARM.Collect$$libshutdown$$00000010      0x0800029a   Section        2  libshutdown2.o(.ARM.Collect$$libshutdown$$00000010)
    .ARM.Collect$$rtentry$$00000000          0x0800029c   Section        0  __rtentry.o(.ARM.Collect$$rtentry$$00000000)
    .ARM.Collect$$rtentry$$00000002          0x0800029c   Section        0  __rtentry2.o(.ARM.Collect$$rtentry$$00000002)
    .ARM.Collect$$rtentry$$00000004          0x0800029c   Section        6  __rtentry4.o(.ARM.Collect$$rtentry$$00000004)
    .ARM.Collect$$rtentry$$00000009          0x080002a2   Section        0  __rtentry2.o(.ARM.Collect$$rtentry$$00000009)
    .ARM.Collect$$rtentry$$0000000A          0x080002a2   Section        4  __rtentry2.o(.ARM.Collect$$rtentry$$0000000A)
    .ARM.Collect$$rtentry$$0000000C          0x080002a6   Section        0  __rtentry2.o(.ARM.Collect$$rtentry$$0000000C)
    .ARM.Collect$$rtentry$$0000000D          0x080002a6   Section        8  __rtentry2.o(.ARM.Collect$$rtentry$$0000000D)
    .ARM.Collect$$rtexit$$00000000           0x080002ae   Section        2  rtexit.o(.ARM.Collect$$rtexit$$00000000)
    .ARM.Collect$$rtexit$$00000002           0x080002b0   Section        0  rtexit2.o(.ARM.Collect$$rtexit$$00000002)
    .ARM.Collect$$rtexit$$00000003           0x080002b0   Section        4  rtexit2.o(.ARM.Collect$$rtexit$$00000003)
    .ARM.Collect$$rtexit$$00000004           0x080002b4   Section        6  rtexit2.o(.ARM.Collect$$rtexit$$00000004)
    .text                                    0x080002bc   Section       64  startup_at32f435_437.o(.text)
    $v0                                      0x080002bc   Number         0  startup_at32f435_437.o(.text)
    .text                                    0x080002fc   Section        2  use_no_semi_2.o(.text)
    .text                                    0x080002fe   Section      238  lludivv7m.o(.text)
    .text                                    0x080003ec   Section        0  noretval__2printf.o(.text)
    .text                                    0x08000404   Section        0  __printf.o(.text)
    .text                                    0x0800046c   Section        0  _printf_dec.o(.text)
    .text                                    0x080004e4   Section        0  _printf_hex_int.o(.text)
    .text                                    0x0800053c   Section        0  heapauxi.o(.text)
    .text                                    0x08000542   Section        2  use_no_semi.o(.text)
    .text                                    0x08000544   Section        0  _printf_intcommon.o(.text)
    .text                                    0x080005f8   Section        0  _printf_char_file.o(.text)
    .text                                    0x0800061c   Section        0  _printf_char_common.o(.text)
    _printf_input_char                       0x0800061d   Thumb Code    10  _printf_char_common.o(.text)
    .text                                    0x0800064c   Section        0  ferror.o(.text)
    .text                                    0x08000654   Section       74  sys_stackheap_outer.o(.text)
    .text                                    0x0800069e   Section        0  exit.o(.text)
    .text                                    0x080006b0   Section        8  libspace.o(.text)
    i.ADC1_2_3_IRQHandler                    0x080006b8   Section        0  at32f435_437_int.o(i.ADC1_2_3_IRQHandler)
    i.BusFault_Handler                       0x08000728   Section        0  at32f435_437_int.o(i.BusFault_Handler)
    i.DMA1_Channel1_IRQHandler               0x0800072c   Section        0  at32f435_437_int.o(i.DMA1_Channel1_IRQHandler)
    i.DebugMon_Handler                       0x08000748   Section        0  at32f435_437_int.o(i.DebugMon_Handler)
    i.HardFault_Handler                      0x0800074a   Section        0  at32f435_437_int.o(i.HardFault_Handler)
    i.MemManage_Handler                      0x0800074e   Section        0  at32f435_437_int.o(i.MemManage_Handler)
    i.NMI_Handler                            0x08000752   Section        0  at32f435_437_int.o(i.NMI_Handler)
    i.PendSV_Handler                         0x08000754   Section        0  at32f435_437_int.o(i.PendSV_Handler)
    i.SVC_Handler                            0x08000756   Section        0  at32f435_437_int.o(i.SVC_Handler)
    i.SysTick_Handler                        0x08000758   Section        0  at32f435_437_int.o(i.SysTick_Handler)
    i.SystemInit                             0x0800075c   Section        0  system_at32f435_437.o(i.SystemInit)
    i.UsageFault_Handler                     0x080007ec   Section        0  at32f435_437_int.o(i.UsageFault_Handler)
    i._sys_exit                              0x080007f0   Section        0  at32f435_437_board.o(i._sys_exit)
    i.adc_base_config                        0x080007f4   Section        0  at32f435_437_adc.o(i.adc_base_config)
    i.adc_base_default_para_init             0x08000820   Section        0  at32f435_437_adc.o(i.adc_base_default_para_init)
    i.adc_calibration_init                   0x0800082e   Section        0  at32f435_437_adc.o(i.adc_calibration_init)
    i.adc_calibration_init_status_get        0x0800083a   Section        0  at32f435_437_adc.o(i.adc_calibration_init_status_get)
    i.adc_calibration_start                  0x0800084c   Section        0  at32f435_437_adc.o(i.adc_calibration_start)
    i.adc_calibration_status_get             0x08000858   Section        0  at32f435_437_adc.o(i.adc_calibration_status_get)
    i.adc_common_config                      0x0800086c   Section        0  at32f435_437_adc.o(i.adc_common_config)
    i.adc_common_default_para_init           0x08000910   Section        0  at32f435_437_adc.o(i.adc_common_default_para_init)
    i.adc_config                             0x08000924   Section        0  main.o(i.adc_config)
    adc_config                               0x08000925   Thumb Code   556  main.o(i.adc_config)
    i.adc_dma_mode_enable                    0x08000b60   Section        0  at32f435_437_adc.o(i.adc_dma_mode_enable)
    i.adc_dma_request_repeat_enable          0x08000b6a   Section        0  at32f435_437_adc.o(i.adc_dma_request_repeat_enable)
    i.adc_enable                             0x08000b74   Section        0  at32f435_437_adc.o(i.adc_enable)
    i.adc_flag_clear                         0x08000b7e   Section        0  at32f435_437_adc.o(i.adc_flag_clear)
    i.adc_flag_get                           0x08000b84   Section        0  at32f435_437_adc.o(i.adc_flag_get)
    i.adc_interrupt_enable                   0x08000b94   Section        0  at32f435_437_adc.o(i.adc_interrupt_enable)
    i.adc_ordinary_channel_set               0x08000baa   Section        0  at32f435_437_adc.o(i.adc_ordinary_channel_set)
    i.adc_ordinary_conversion_trigger_set    0x08000d4a   Section        0  at32f435_437_adc.o(i.adc_ordinary_conversion_trigger_set)
    i.adc_resolution_set                     0x08000d7e   Section        0  at32f435_437_adc.o(i.adc_resolution_set)
    i.at32_board_init                        0x08000d88   Section        0  at32f435_437_board.o(i.at32_board_init)
    i.at32_button_init                       0x08000db8   Section        0  at32f435_437_board.o(i.at32_button_init)
    i.at32_led_init                          0x08000df4   Section        0  at32f435_437_board.o(i.at32_led_init)
    i.at32_led_off                           0x08000e44   Section        0  at32f435_437_board.o(i.at32_led_off)
    i.at32_led_on                            0x08000e6c   Section        0  at32f435_437_board.o(i.at32_led_on)
    i.crm_ahb_div_set                        0x08000e94   Section        0  at32f435_437_crm.o(i.crm_ahb_div_set)
    i.crm_apb1_div_set                       0x08000ea8   Section        0  at32f435_437_crm.o(i.crm_apb1_div_set)
    i.crm_apb2_div_set                       0x08000ebc   Section        0  at32f435_437_crm.o(i.crm_apb2_div_set)
    i.crm_auto_step_mode_enable              0x08000ed0   Section        0  at32f435_437_crm.o(i.crm_auto_step_mode_enable)
    i.crm_clock_source_enable                0x08000ef8   Section        0  at32f435_437_crm.o(i.crm_clock_source_enable)
    i.crm_clocks_freq_get                    0x08000f60   Section        0  at32f435_437_crm.o(i.crm_clocks_freq_get)
    i.crm_flag_get                           0x08001070   Section        0  at32f435_437_crm.o(i.crm_flag_get)
    i.crm_hext_stable_wait                   0x080010a0   Section        0  at32f435_437_crm.o(i.crm_hext_stable_wait)
    i.crm_periph_clock_enable                0x080010d0   Section        0  at32f435_437_crm.o(i.crm_periph_clock_enable)
    i.crm_pll_config                         0x0800111c   Section        0  at32f435_437_crm.o(i.crm_pll_config)
    i.crm_reset                              0x08001150   Section        0  at32f435_437_crm.o(i.crm_reset)
    i.crm_sysclk_switch                      0x080011c4   Section        0  at32f435_437_crm.o(i.crm_sysclk_switch)
    i.crm_sysclk_switch_status_get           0x080011d8   Section        0  at32f435_437_crm.o(i.crm_sysclk_switch_status_get)
    i.delay_init                             0x080011e8   Section        0  at32f435_437_board.o(i.delay_init)
    i.dma_channel_enable                     0x08001220   Section        0  at32f435_437_dma.o(i.dma_channel_enable)
    i.dma_config                             0x0800122c   Section        0  main.o(i.dma_config)
    dma_config                               0x0800122d   Thumb Code   138  main.o(i.dma_config)
    i.dma_default_para_init                  0x080012c8   Section        0  at32f435_437_dma.o(i.dma_default_para_init)
    i.dma_flag_clear                         0x080012e0   Section        0  at32f435_437_dma.o(i.dma_flag_clear)
    i.dma_flag_get                           0x08001300   Section        0  at32f435_437_dma.o(i.dma_flag_get)
    i.dma_init                               0x0800132c   Section        0  at32f435_437_dma.o(i.dma_init)
    i.dma_interrupt_enable                   0x0800138e   Section        0  at32f435_437_dma.o(i.dma_interrupt_enable)
    i.dma_reset                              0x080013a0   Section        0  at32f435_437_dma.o(i.dma_reset)
    i.dmamux_enable                          0x08001410   Section        0  at32f435_437_dma.o(i.dmamux_enable)
    i.dmamux_init                            0x0800141e   Section        0  at32f435_437_dma.o(i.dmamux_init)
    i.fputc                                  0x08001428   Section        0  at32f435_437_board.o(i.fputc)
    i.gpio_config                            0x0800144c   Section        0  main.o(i.gpio_config)
    gpio_config                              0x0800144d   Thumb Code    90  main.o(i.gpio_config)
    i.gpio_default_para_init                 0x080014b8   Section        0  at32f435_437_gpio.o(i.gpio_default_para_init)
    i.gpio_init                              0x080014cc   Section        0  at32f435_437_gpio.o(i.gpio_init)
    i.gpio_pin_mux_config                    0x08001546   Section        0  at32f435_437_gpio.o(i.gpio_pin_mux_config)
    i.main                                   0x08001588   Section        0  main.o(i.main)
    i.nvic_irq_enable                        0x08001824   Section        0  at32f435_437_misc.o(i.nvic_irq_enable)
    i.nvic_priority_group_config             0x080018ec   Section        0  at32f435_437_misc.o(i.nvic_priority_group_config)
    i.system_clock_config                    0x08001914   Section        0  at32f435_437_clock.o(i.system_clock_config)
    i.system_core_clock_update               0x080019b0   Section        0  system_at32f435_437.o(i.system_core_clock_update)
    i.systick_clock_source_config            0x08001aa0   Section        0  at32f435_437_misc.o(i.systick_clock_source_config)
    i.tmr1_config                            0x08001ac8   Section        0  main.o(i.tmr1_config)
    tmr1_config                              0x08001ac9   Thumb Code   218  main.o(i.tmr1_config)
    i.tmr_base_init                          0x08001bac   Section        0  at32f435_437_tmr.o(i.tmr_base_init)
    i.tmr_channel_enable                     0x08001bbc   Section        0  at32f435_437_tmr.o(i.tmr_channel_enable)
    i.tmr_channel_value_set                  0x08001c1c   Section        0  at32f435_437_tmr.o(i.tmr_channel_value_set)
    i.tmr_clock_source_div_set               0x08001c4a   Section        0  at32f435_437_tmr.o(i.tmr_clock_source_div_set)
    i.tmr_cnt_dir_set                        0x08001c54   Section        0  at32f435_437_tmr.o(i.tmr_cnt_dir_set)
    i.tmr_counter_enable                     0x08001c5e   Section        0  at32f435_437_tmr.o(i.tmr_counter_enable)
    i.tmr_output_channel_config              0x08001c68   Section        0  at32f435_437_tmr.o(i.tmr_output_channel_config)
    i.tmr_output_default_para_init           0x08001d78   Section        0  at32f435_437_tmr.o(i.tmr_output_default_para_init)
    i.tmr_output_enable                      0x08001d8a   Section        0  at32f435_437_tmr.o(i.tmr_output_enable)
    i.tmr_primary_mode_select                0x08001d94   Section        0  at32f435_437_tmr.o(i.tmr_primary_mode_select)
    i.tmr_trgout2_enable                     0x08001d9e   Section        0  at32f435_437_tmr.o(i.tmr_trgout2_enable)
    i.uart_print_init                        0x08001da8   Section        0  at32f435_437_board.o(i.uart_print_init)
    i.usart_data_transmit                    0x08001e1c   Section        0  at32f435_437_usart.o(i.usart_data_transmit)
    i.usart_enable                           0x08001e24   Section        0  at32f435_437_usart.o(i.usart_enable)
    i.usart_flag_get                         0x08001e2e   Section        0  at32f435_437_usart.o(i.usart_flag_get)
    i.usart_init                             0x08001e40   Section        0  at32f435_437_usart.o(i.usart_init)
    i.usart_transmitter_enable               0x08001f00   Section        0  at32f435_437_usart.o(i.usart_transmitter_enable)
    x$fpl$fpinit                             0x08001f0a   Section       10  fpinit.o(x$fpl$fpinit)
    $v0                                      0x08001f0a   Number         0  fpinit.o(x$fpl$fpinit)
    .constdata                               0x08001f14   Section       38  at32f435_437_crm.o(.constdata)
    sclk_ahb_div_table                       0x08001f14   Data          16  at32f435_437_crm.o(.constdata)
    ahb_apb1_div_table                       0x08001f24   Data           8  at32f435_437_crm.o(.constdata)
    ahb_apb2_div_table                       0x08001f2c   Data           8  at32f435_437_crm.o(.constdata)
    pll_fr_table                             0x08001f34   Data           6  at32f435_437_crm.o(.constdata)
    .constdata                               0x08001f3a   Section       22  system_at32f435_437.o(.constdata)
    sys_ahb_div_table                        0x08001f3a   Data          16  system_at32f435_437.o(.constdata)
    pll_fr_table                             0x08001f4a   Data           6  system_at32f435_437.o(.constdata)
    .constdata                               0x08001f50   Section       40  _printf_hex_int.o(.constdata)
    uc_hextab                                0x08001f50   Data          20  _printf_hex_int.o(.constdata)
    lc_hextab                                0x08001f64   Data          20  _printf_hex_int.o(.constdata)
    .data                                    0x20000000   Section       16  main.o(.data)
    .data                                    0x20000010   Section       45  at32f435_437_board.o(.data)
    fac_us                                   0x20000030   Data           4  at32f435_437_board.o(.data)
    fac_ms                                   0x20000034   Data           4  at32f435_437_board.o(.data)
    pressed                                  0x2000003c   Data           1  at32f435_437_board.o(.data)
    .data                                    0x20000040   Section        4  system_at32f435_437.o(.data)
    .bss                                     0x20000044   Section       54  main.o(.bss)
    .bss                                     0x2000007c   Section       96  libspace.o(.bss)
    HEAP                                     0x200000e0   Section      512  startup_at32f435_437.o(HEAP)
    Heap_Mem                                 0x200000e0   Data         512  startup_at32f435_437.o(HEAP)
    STACK                                    0x200002e0   Section     1024  startup_at32f435_437.o(STACK)
    Stack_Mem                                0x200002e0   Data        1024  startup_at32f435_437.o(STACK)
    __initial_sp                             0x200006e0   Data           0  startup_at32f435_437.o(STACK)

    Global Symbols

    Symbol Name                              Value     Ov Type        Size  Object(Section)

    BuildAttributes$$THM_ISAv4$E$P$D$K$B$S$7EM$VFPi3$EXTD16$VFPS$VFMA$PE$A:L22UL41UL21$X:L11$S22US41US21$IEEE1$IW$USESV6$~STKCKD$USESV7$~SHL$OSPACE$ROPI$EBA8$UX$STANDARDLIB$REQ8$PRES8$EABIv2 0x00000000   Number         0  anon$$obj.o ABSOLUTE
    __ARM_use_no_argv                        0x00000000   Number         0  main.o ABSOLUTE
    __ARM_exceptions_init                     - Undefined Weak Reference
    __alloca_initialize                       - Undefined Weak Reference
    __arm_preinit_                            - Undefined Weak Reference
    __cpp_initialize__aeabi_                  - Undefined Weak Reference
    __cxa_finalize                            - Undefined Weak Reference
    __rt_locale                               - Undefined Weak Reference
    __sigvec_lookup                           - Undefined Weak Reference
    _atexit_init                              - Undefined Weak Reference
    _call_atexit_fns                          - Undefined Weak Reference
    _clock_init                               - Undefined Weak Reference
    _fp_trap_init                             - Undefined Weak Reference
    _fp_trap_shutdown                         - Undefined Weak Reference
    _get_lc_collate                           - Undefined Weak Reference
    _get_lc_ctype                             - Undefined Weak Reference
    _get_lc_monetary                          - Undefined Weak Reference
    _get_lc_numeric                           - Undefined Weak Reference
    _get_lc_time                              - Undefined Weak Reference
    _getenv_init                              - Undefined Weak Reference
    _handle_redirection                       - Undefined Weak Reference
    _init_alloc                               - Undefined Weak Reference
    _init_user_alloc                          - Undefined Weak Reference
    _initio                                   - Undefined Weak Reference
    _mutex_acquire                            - Undefined Weak Reference
    _mutex_release                            - Undefined Weak Reference
    _printf_post_padding                      - Undefined Weak Reference
    _printf_pre_padding                       - Undefined Weak Reference
    _printf_truncate_signed                   - Undefined Weak Reference
    _printf_truncate_unsigned                 - Undefined Weak Reference
    _rand_init                                - Undefined Weak Reference
    _signal_finish                            - Undefined Weak Reference
    _signal_init                              - Undefined Weak Reference
    _terminate_alloc                          - Undefined Weak Reference
    _terminate_user_alloc                     - Undefined Weak Reference
    _terminateio                              - Undefined Weak Reference
    __Vectors_Size                           0x0000020c   Number         0  startup_at32f435_437.o ABSOLUTE
    __Vectors                                0x08000000   Data           4  startup_at32f435_437.o(RESET)
    __Vectors_End                            0x0800020c   Data           0  startup_at32f435_437.o(RESET)
    __main                                   0x0800020d   Thumb Code     8  __main.o(!!!main)
    __scatterload                            0x08000215   Thumb Code     0  __scatter.o(!!!scatter)
    __scatterload_rt2                        0x08000215   Thumb Code    44  __scatter.o(!!!scatter)
    __scatterload_rt2_thumb_only             0x08000215   Thumb Code     0  __scatter.o(!!!scatter)
    __scatterload_null                       0x08000223   Thumb Code     0  __scatter.o(!!!scatter)
    __scatterload_copy                       0x08000249   Thumb Code    26  __scatter_copy.o(!!handler_copy)
    __scatterload_zeroinit                   0x08000265   Thumb Code    28  __scatter_zi.o(!!handler_zi)
    _printf_d                                0x08000281   Thumb Code     0  _printf_d.o(.ARM.Collect$$_printf_percent$$00000009)
    _printf_percent                          0x08000281   Thumb Code     0  _printf_percent.o(.ARM.Collect$$_printf_percent$$00000000)
    _printf_x                                0x08000287   Thumb Code     0  _printf_x.o(.ARM.Collect$$_printf_percent$$0000000C)
    _printf_percent_end                      0x0800028d   Thumb Code     0  _printf_percent_end.o(.ARM.Collect$$_printf_percent$$00000017)
    __rt_lib_init                            0x08000291   Thumb Code     0  libinit.o(.ARM.Collect$$libinit$$00000000)
    __rt_lib_init_fp_1                       0x08000293   Thumb Code     0  libinit2.o(.ARM.Collect$$libinit$$00000001)
    __rt_lib_init_alloca_1                   0x08000297   Thumb Code     0  libinit2.o(.ARM.Collect$$libinit$$0000002E)
    __rt_lib_init_argv_1                     0x08000297   Thumb Code     0  libinit2.o(.ARM.Collect$$libinit$$0000002C)
    __rt_lib_init_atexit_1                   0x08000297   Thumb Code     0  libinit2.o(.ARM.Collect$$libinit$$0000001B)
    __rt_lib_init_clock_1                    0x08000297   Thumb Code     0  libinit2.o(.ARM.Collect$$libinit$$00000021)
    __rt_lib_init_cpp_1                      0x08000297   Thumb Code     0  libinit2.o(.ARM.Collect$$libinit$$00000032)
    __rt_lib_init_exceptions_1               0x08000297   Thumb Code     0  libinit2.o(.ARM.Collect$$libinit$$00000030)
    __rt_lib_init_fp_trap_1                  0x08000297   Thumb Code     0  libinit2.o(.ARM.Collect$$libinit$$0000001F)
    __rt_lib_init_getenv_1                   0x08000297   Thumb Code     0  libinit2.o(.ARM.Collect$$libinit$$00000023)
    __rt_lib_init_heap_1                     0x08000297   Thumb Code     0  libinit2.o(.ARM.Collect$$libinit$$0000000A)
    __rt_lib_init_lc_collate_1               0x08000297   Thumb Code     0  libinit2.o(.ARM.Collect$$libinit$$00000011)
    __rt_lib_init_lc_ctype_1                 0x08000297   Thumb Code     0  libinit2.o(.ARM.Collect$$libinit$$00000013)
    __rt_lib_init_lc_monetary_1              0x08000297   Thumb Code     0  libinit2.o(.ARM.Collect$$libinit$$00000015)
    __rt_lib_init_lc_numeric_1               0x08000297   Thumb Code     0  libinit2.o(.ARM.Collect$$libinit$$00000017)
    __rt_lib_init_lc_time_1                  0x08000297   Thumb Code     0  libinit2.o(.ARM.Collect$$libinit$$00000019)
    __rt_lib_init_preinit_1                  0x08000297   Thumb Code     0  libinit2.o(.ARM.Collect$$libinit$$00000004)
    __rt_lib_init_rand_1                     0x08000297   Thumb Code     0  libinit2.o(.ARM.Collect$$libinit$$0000000E)
    __rt_lib_init_return                     0x08000297   Thumb Code     0  libinit2.o(.ARM.Collect$$libinit$$00000033)
    __rt_lib_init_signal_1                   0x08000297   Thumb Code     0  libinit2.o(.ARM.Collect$$libinit$$0000001D)
    __rt_lib_init_stdio_1                    0x08000297   Thumb Code     0  libinit2.o(.ARM.Collect$$libinit$$00000025)
    __rt_lib_init_user_alloc_1               0x08000297   Thumb Code     0  libinit2.o(.ARM.Collect$$libinit$$0000000C)
    __rt_lib_shutdown                        0x08000299   Thumb Code     0  libshutdown.o(.ARM.Collect$$libshutdown$$00000000)
    __rt_lib_shutdown_cpp_1                  0x0800029b   Thumb Code     0  libshutdown2.o(.ARM.Collect$$libshutdown$$00000002)
    __rt_lib_shutdown_fp_trap_1              0x0800029b   Thumb Code     0  libshutdown2.o(.ARM.Collect$$libshutdown$$00000007)
    __rt_lib_shutdown_heap_1                 0x0800029b   Thumb Code     0  libshutdown2.o(.ARM.Collect$$libshutdown$$0000000F)
    __rt_lib_shutdown_return                 0x0800029b   Thumb Code     0  libshutdown2.o(.ARM.Collect$$libshutdown$$00000010)
    __rt_lib_shutdown_signal_1               0x0800029b   Thumb Code     0  libshutdown2.o(.ARM.Collect$$libshutdown$$0000000A)
    __rt_lib_shutdown_stdio_1                0x0800029b   Thumb Code     0  libshutdown2.o(.ARM.Collect$$libshutdown$$00000004)
    __rt_lib_shutdown_user_alloc_1           0x0800029b   Thumb Code     0  libshutdown2.o(.ARM.Collect$$libshutdown$$0000000C)
    __rt_entry                               0x0800029d   Thumb Code     0  __rtentry.o(.ARM.Collect$$rtentry$$00000000)
    __rt_entry_presh_1                       0x0800029d   Thumb Code     0  __rtentry2.o(.ARM.Collect$$rtentry$$00000002)
    __rt_entry_sh                            0x0800029d   Thumb Code     0  __rtentry4.o(.ARM.Collect$$rtentry$$00000004)
    __rt_entry_li                            0x080002a3   Thumb Code     0  __rtentry2.o(.ARM.Collect$$rtentry$$0000000A)
    __rt_entry_postsh_1                      0x080002a3   Thumb Code     0  __rtentry2.o(.ARM.Collect$$rtentry$$00000009)
    __rt_entry_main                          0x080002a7   Thumb Code     0  __rtentry2.o(.ARM.Collect$$rtentry$$0000000D)
    __rt_entry_postli_1                      0x080002a7   Thumb Code     0  __rtentry2.o(.ARM.Collect$$rtentry$$0000000C)
    __rt_exit                                0x080002af   Thumb Code     0  rtexit.o(.ARM.Collect$$rtexit$$00000000)
    __rt_exit_ls                             0x080002b1   Thumb Code     0  rtexit2.o(.ARM.Collect$$rtexit$$00000003)
    __rt_exit_prels_1                        0x080002b1   Thumb Code     0  rtexit2.o(.ARM.Collect$$rtexit$$00000002)
    __rt_exit_exit                           0x080002b5   Thumb Code     0  rtexit2.o(.ARM.Collect$$rtexit$$00000004)
    Reset_Handler                            0x080002bd   Thumb Code     8  startup_at32f435_437.o(.text)
    ACC_IRQHandler                           0x080002d7   Thumb Code     0  startup_at32f435_437.o(.text)
    CAN1_RX0_IRQHandler                      0x080002d7   Thumb Code     0  startup_at32f435_437.o(.text)
    CAN1_RX1_IRQHandler                      0x080002d7   Thumb Code     0  startup_at32f435_437.o(.text)
    CAN1_SE_IRQHandler                       0x080002d7   Thumb Code     0  startup_at32f435_437.o(.text)
    CAN1_TX_IRQHandler                       0x080002d7   Thumb Code     0  startup_at32f435_437.o(.text)
    CAN2_RX0_IRQHandler                      0x080002d7   Thumb Code     0  startup_at32f435_437.o(.text)
    CAN2_RX1_IRQHandler                      0x080002d7   Thumb Code     0  startup_at32f435_437.o(.text)
    CAN2_SE_IRQHandler                       0x080002d7   Thumb Code     0  startup_at32f435_437.o(.text)
    CAN2_TX_IRQHandler                       0x080002d7   Thumb Code     0  startup_at32f435_437.o(.text)
    CRM_IRQHandler                           0x080002d7   Thumb Code     0  startup_at32f435_437.o(.text)
    DMA1_Channel2_IRQHandler                 0x080002d7   Thumb Code     0  startup_at32f435_437.o(.text)
    DMA1_Channel3_IRQHandler                 0x080002d7   Thumb Code     0  startup_at32f435_437.o(.text)
    DMA1_Channel4_IRQHandler                 0x080002d7   Thumb Code     0  startup_at32f435_437.o(.text)
    DMA1_Channel5_IRQHandler                 0x080002d7   Thumb Code     0  startup_at32f435_437.o(.text)
    DMA1_Channel6_IRQHandler                 0x080002d7   Thumb Code     0  startup_at32f435_437.o(.text)
    DMA1_Channel7_IRQHandler                 0x080002d7   Thumb Code     0  startup_at32f435_437.o(.text)
    DMA2_Channel1_IRQHandler                 0x080002d7   Thumb Code     0  startup_at32f435_437.o(.text)
    DMA2_Channel2_IRQHandler                 0x080002d7   Thumb Code     0  startup_at32f435_437.o(.text)
    DMA2_Channel3_IRQHandler                 0x080002d7   Thumb Code     0  startup_at32f435_437.o(.text)
    DMA2_Channel4_IRQHandler                 0x080002d7   Thumb Code     0  startup_at32f435_437.o(.text)
    DMA2_Channel5_IRQHandler                 0x080002d7   Thumb Code     0  startup_at32f435_437.o(.text)
    DMA2_Channel6_IRQHandler                 0x080002d7   Thumb Code     0  startup_at32f435_437.o(.text)
    DMA2_Channel7_IRQHandler                 0x080002d7   Thumb Code     0  startup_at32f435_437.o(.text)
    DMAMUX_IRQHandler                        0x080002d7   Thumb Code     0  startup_at32f435_437.o(.text)
    DVP_IRQHandler                           0x080002d7   Thumb Code     0  startup_at32f435_437.o(.text)
    EDMA_Stream1_IRQHandler                  0x080002d7   Thumb Code     0  startup_at32f435_437.o(.text)
    EDMA_Stream2_IRQHandler                  0x080002d7   Thumb Code     0  startup_at32f435_437.o(.text)
    EDMA_Stream3_IRQHandler                  0x080002d7   Thumb Code     0  startup_at32f435_437.o(.text)
    EDMA_Stream4_IRQHandler                  0x080002d7   Thumb Code     0  startup_at32f435_437.o(.text)
    EDMA_Stream5_IRQHandler                  0x080002d7   Thumb Code     0  startup_at32f435_437.o(.text)
    EDMA_Stream6_IRQHandler                  0x080002d7   Thumb Code     0  startup_at32f435_437.o(.text)
    EDMA_Stream7_IRQHandler                  0x080002d7   Thumb Code     0  startup_at32f435_437.o(.text)
    EDMA_Stream8_IRQHandler                  0x080002d7   Thumb Code     0  startup_at32f435_437.o(.text)
    EMAC_IRQHandler                          0x080002d7   Thumb Code     0  startup_at32f435_437.o(.text)
    EMAC_WKUP_IRQHandler                     0x080002d7   Thumb Code     0  startup_at32f435_437.o(.text)
    ERTCAlarm_IRQHandler                     0x080002d7   Thumb Code     0  startup_at32f435_437.o(.text)
    ERTC_WKUP_IRQHandler                     0x080002d7   Thumb Code     0  startup_at32f435_437.o(.text)
    EXINT0_IRQHandler                        0x080002d7   Thumb Code     0  startup_at32f435_437.o(.text)
    EXINT15_10_IRQHandler                    0x080002d7   Thumb Code     0  startup_at32f435_437.o(.text)
    EXINT1_IRQHandler                        0x080002d7   Thumb Code     0  startup_at32f435_437.o(.text)
    EXINT2_IRQHandler                        0x080002d7   Thumb Code     0  startup_at32f435_437.o(.text)
    EXINT3_IRQHandler                        0x080002d7   Thumb Code     0  startup_at32f435_437.o(.text)
    EXINT4_IRQHandler                        0x080002d7   Thumb Code     0  startup_at32f435_437.o(.text)
    EXINT9_5_IRQHandler                      0x080002d7   Thumb Code     0  startup_at32f435_437.o(.text)
    FLASH_IRQHandler                         0x080002d7   Thumb Code     0  startup_at32f435_437.o(.text)
    FPU_IRQHandler                           0x080002d7   Thumb Code     0  startup_at32f435_437.o(.text)
    I2C1_ERR_IRQHandler                      0x080002d7   Thumb Code     0  startup_at32f435_437.o(.text)
    I2C1_EVT_IRQHandler                      0x080002d7   Thumb Code     0  startup_at32f435_437.o(.text)
    I2C2_ERR_IRQHandler                      0x080002d7   Thumb Code     0  startup_at32f435_437.o(.text)
    I2C2_EVT_IRQHandler                      0x080002d7   Thumb Code     0  startup_at32f435_437.o(.text)
    I2C3_ERR_IRQHandler                      0x080002d7   Thumb Code     0  startup_at32f435_437.o(.text)
    I2C3_EVT_IRQHandler                      0x080002d7   Thumb Code     0  startup_at32f435_437.o(.text)
    OTGFS1_IRQHandler                        0x080002d7   Thumb Code     0  startup_at32f435_437.o(.text)
    OTGFS1_WKUP_IRQHandler                   0x080002d7   Thumb Code     0  startup_at32f435_437.o(.text)
    OTGFS2_IRQHandler                        0x080002d7   Thumb Code     0  startup_at32f435_437.o(.text)
    OTGFS2_WKUP_IRQHandler                   0x080002d7   Thumb Code     0  startup_at32f435_437.o(.text)
    PVM_IRQHandler                           0x080002d7   Thumb Code     0  startup_at32f435_437.o(.text)
    QSPI1_IRQHandler                         0x080002d7   Thumb Code     0  startup_at32f435_437.o(.text)
    QSPI2_IRQHandler                         0x080002d7   Thumb Code     0  startup_at32f435_437.o(.text)
    SDIO1_IRQHandler                         0x080002d7   Thumb Code     0  startup_at32f435_437.o(.text)
    SDIO2_IRQHandler                         0x080002d7   Thumb Code     0  startup_at32f435_437.o(.text)
    SPI1_IRQHandler                          0x080002d7   Thumb Code     0  startup_at32f435_437.o(.text)
    SPI2_I2S2EXT_IRQHandler                  0x080002d7   Thumb Code     0  startup_at32f435_437.o(.text)
    SPI3_I2S3EXT_IRQHandler                  0x080002d7   Thumb Code     0  startup_at32f435_437.o(.text)
    SPI4_IRQHandler                          0x080002d7   Thumb Code     0  startup_at32f435_437.o(.text)
    TAMP_STAMP_IRQHandler                    0x080002d7   Thumb Code     0  startup_at32f435_437.o(.text)
    TMR1_BRK_TMR9_IRQHandler                 0x080002d7   Thumb Code     0  startup_at32f435_437.o(.text)
    TMR1_CH_IRQHandler                       0x080002d7   Thumb Code     0  startup_at32f435_437.o(.text)
    TMR1_OVF_TMR10_IRQHandler                0x080002d7   Thumb Code     0  startup_at32f435_437.o(.text)
    TMR1_TRG_HALL_TMR11_IRQHandler           0x080002d7   Thumb Code     0  startup_at32f435_437.o(.text)
    TMR20_BRK_IRQHandler                     0x080002d7   Thumb Code     0  startup_at32f435_437.o(.text)
    TMR20_CH_IRQHandler                      0x080002d7   Thumb Code     0  startup_at32f435_437.o(.text)
    TMR20_OVF_IRQHandler                     0x080002d7   Thumb Code     0  startup_at32f435_437.o(.text)
    TMR20_TRG_HALL_IRQHandler                0x080002d7   Thumb Code     0  startup_at32f435_437.o(.text)
    TMR2_GLOBAL_IRQHandler                   0x080002d7   Thumb Code     0  startup_at32f435_437.o(.text)
    TMR3_GLOBAL_IRQHandler                   0x080002d7   Thumb Code     0  startup_at32f435_437.o(.text)
    TMR4_GLOBAL_IRQHandler                   0x080002d7   Thumb Code     0  startup_at32f435_437.o(.text)
    TMR5_GLOBAL_IRQHandler                   0x080002d7   Thumb Code     0  startup_at32f435_437.o(.text)
    TMR6_DAC_GLOBAL_IRQHandler               0x080002d7   Thumb Code     0  startup_at32f435_437.o(.text)
    TMR7_GLOBAL_IRQHandler                   0x080002d7   Thumb Code     0  startup_at32f435_437.o(.text)
    TMR8_BRK_TMR12_IRQHandler                0x080002d7   Thumb Code     0  startup_at32f435_437.o(.text)
    TMR8_CH_IRQHandler                       0x080002d7   Thumb Code     0  startup_at32f435_437.o(.text)
    TMR8_OVF_TMR13_IRQHandler                0x080002d7   Thumb Code     0  startup_at32f435_437.o(.text)
    TMR8_TRG_HALL_TMR14_IRQHandler           0x080002d7   Thumb Code     0  startup_at32f435_437.o(.text)
    UART4_IRQHandler                         0x080002d7   Thumb Code     0  startup_at32f435_437.o(.text)
    UART5_IRQHandler                         0x080002d7   Thumb Code     0  startup_at32f435_437.o(.text)
    UART7_IRQHandler                         0x080002d7   Thumb Code     0  startup_at32f435_437.o(.text)
    UART8_IRQHandler                         0x080002d7   Thumb Code     0  startup_at32f435_437.o(.text)
    USART1_IRQHandler                        0x080002d7   Thumb Code     0  startup_at32f435_437.o(.text)
    USART2_IRQHandler                        0x080002d7   Thumb Code     0  startup_at32f435_437.o(.text)
    USART3_IRQHandler                        0x080002d7   Thumb Code     0  startup_at32f435_437.o(.text)
    USART6_IRQHandler                        0x080002d7   Thumb Code     0  startup_at32f435_437.o(.text)
    WWDT_IRQHandler                          0x080002d7   Thumb Code     0  startup_at32f435_437.o(.text)
    XMC_IRQHandler                           0x080002d7   Thumb Code     0  startup_at32f435_437.o(.text)
    __user_initial_stackheap                 0x080002d9   Thumb Code     0  startup_at32f435_437.o(.text)
    __use_no_semihosting                     0x080002fd   Thumb Code     2  use_no_semi_2.o(.text)
    __aeabi_uldivmod                         0x080002ff   Thumb Code     0  lludivv7m.o(.text)
    _ll_udiv                                 0x080002ff   Thumb Code   238  lludivv7m.o(.text)
    __2printf                                0x080003ed   Thumb Code    20  noretval__2printf.o(.text)
    __printf                                 0x08000405   Thumb Code   104  __printf.o(.text)
    _printf_int_dec                          0x0800046d   Thumb Code   104  _printf_dec.o(.text)
    _printf_int_hex                          0x080004e5   Thumb Code    84  _printf_hex_int.o(.text)
    _printf_longlong_hex                     0x080004e5   Thumb Code     0  _printf_hex_int.o(.text)
    __use_two_region_memory                  0x0800053d   Thumb Code     2  heapauxi.o(.text)
    __rt_heap_escrow$2region                 0x0800053f   Thumb Code     2  heapauxi.o(.text)
    __rt_heap_expand$2region                 0x08000541   Thumb Code     2  heapauxi.o(.text)
    __I$use$semihosting                      0x08000543   Thumb Code     0  use_no_semi.o(.text)
    __use_no_semihosting_swi                 0x08000543   Thumb Code     2  use_no_semi.o(.text)
    _printf_int_common                       0x08000545   Thumb Code   178  _printf_intcommon.o(.text)
    _printf_char_file                        0x080005f9   Thumb Code    32  _printf_char_file.o(.text)
    _printf_char_common                      0x08000627   Thumb Code    32  _printf_char_common.o(.text)
    ferror                                   0x0800064d   Thumb Code     8  ferror.o(.text)
    __user_setup_stackheap                   0x08000655   Thumb Code    74  sys_stackheap_outer.o(.text)
    exit                                     0x0800069f   Thumb Code    18  exit.o(.text)
    __user_libspace                          0x080006b1   Thumb Code     8  libspace.o(.text)
    __user_perproc_libspace                  0x080006b1   Thumb Code     0  libspace.o(.text)
    __user_perthread_libspace                0x080006b1   Thumb Code     0  libspace.o(.text)
    ADC1_2_3_IRQHandler                      0x080006b9   Thumb Code    88  at32f435_437_int.o(i.ADC1_2_3_IRQHandler)
    BusFault_Handler                         0x08000729   Thumb Code     4  at32f435_437_int.o(i.BusFault_Handler)
    DMA1_Channel1_IRQHandler                 0x0800072d   Thumb Code    24  at32f435_437_int.o(i.DMA1_Channel1_IRQHandler)
    DebugMon_Handler                         0x08000749   Thumb Code     2  at32f435_437_int.o(i.DebugMon_Handler)
    HardFault_Handler                        0x0800074b   Thumb Code     4  at32f435_437_int.o(i.HardFault_Handler)
    MemManage_Handler                        0x0800074f   Thumb Code     4  at32f435_437_int.o(i.MemManage_Handler)
    NMI_Handler                              0x08000753   Thumb Code     2  at32f435_437_int.o(i.NMI_Handler)
    PendSV_Handler                           0x08000755   Thumb Code     2  at32f435_437_int.o(i.PendSV_Handler)
    SVC_Handler                              0x08000757   Thumb Code     2  at32f435_437_int.o(i.SVC_Handler)
    SysTick_Handler                          0x08000759   Thumb Code     2  at32f435_437_int.o(i.SysTick_Handler)
    SystemInit                               0x0800075d   Thumb Code   126  system_at32f435_437.o(i.SystemInit)
    UsageFault_Handler                       0x080007ed   Thumb Code     4  at32f435_437_int.o(i.UsageFault_Handler)
    _sys_exit                                0x080007f1   Thumb Code     4  at32f435_437_board.o(i._sys_exit)
    adc_base_config                          0x080007f5   Thumb Code    44  at32f435_437_adc.o(i.adc_base_config)
    adc_base_default_para_init               0x08000821   Thumb Code    14  at32f435_437_adc.o(i.adc_base_default_para_init)
    adc_calibration_init                     0x0800082f   Thumb Code    12  at32f435_437_adc.o(i.adc_calibration_init)
    adc_calibration_init_status_get          0x0800083b   Thumb Code    18  at32f435_437_adc.o(i.adc_calibration_init_status_get)
    adc_calibration_start                    0x0800084d   Thumb Code    12  at32f435_437_adc.o(i.adc_calibration_start)
    adc_calibration_status_get               0x08000859   Thumb Code    18  at32f435_437_adc.o(i.adc_calibration_status_get)
    adc_common_config                        0x0800086d   Thumb Code   154  at32f435_437_adc.o(i.adc_common_config)
    adc_common_default_para_init             0x08000911   Thumb Code    18  at32f435_437_adc.o(i.adc_common_default_para_init)
    adc_dma_mode_enable                      0x08000b61   Thumb Code    10  at32f435_437_adc.o(i.adc_dma_mode_enable)
    adc_dma_request_repeat_enable            0x08000b6b   Thumb Code    10  at32f435_437_adc.o(i.adc_dma_request_repeat_enable)
    adc_enable                               0x08000b75   Thumb Code    10  at32f435_437_adc.o(i.adc_enable)
    adc_flag_clear                           0x08000b7f   Thumb Code     6  at32f435_437_adc.o(i.adc_flag_clear)
    adc_flag_get                             0x08000b85   Thumb Code    16  at32f435_437_adc.o(i.adc_flag_get)
    adc_interrupt_enable                     0x08000b95   Thumb Code    22  at32f435_437_adc.o(i.adc_interrupt_enable)
    adc_ordinary_channel_set                 0x08000bab   Thumb Code   416  at32f435_437_adc.o(i.adc_ordinary_channel_set)
    adc_ordinary_conversion_trigger_set      0x08000d4b   Thumb Code    52  at32f435_437_adc.o(i.adc_ordinary_conversion_trigger_set)
    adc_resolution_set                       0x08000d7f   Thumb Code    10  at32f435_437_adc.o(i.adc_resolution_set)
    at32_board_init                          0x08000d89   Thumb Code    48  at32f435_437_board.o(i.at32_board_init)
    at32_button_init                         0x08000db9   Thumb Code    54  at32f435_437_board.o(i.at32_button_init)
    at32_led_init                            0x08000df5   Thumb Code    68  at32f435_437_board.o(i.at32_led_init)
    at32_led_off                             0x08000e45   Thumb Code    32  at32f435_437_board.o(i.at32_led_off)
    at32_led_on                              0x08000e6d   Thumb Code    32  at32f435_437_board.o(i.at32_led_on)
    crm_ahb_div_set                          0x08000e95   Thumb Code    14  at32f435_437_crm.o(i.crm_ahb_div_set)
    crm_apb1_div_set                         0x08000ea9   Thumb Code    14  at32f435_437_crm.o(i.crm_apb1_div_set)
    crm_apb2_div_set                         0x08000ebd   Thumb Code    14  at32f435_437_crm.o(i.crm_apb2_div_set)
    crm_auto_step_mode_enable                0x08000ed1   Thumb Code    34  at32f435_437_crm.o(i.crm_auto_step_mode_enable)
    crm_clock_source_enable                  0x08000ef9   Thumb Code    98  at32f435_437_crm.o(i.crm_clock_source_enable)
    crm_clocks_freq_get                      0x08000f61   Thumb Code   242  at32f435_437_crm.o(i.crm_clocks_freq_get)
    crm_flag_get                             0x08001071   Thumb Code    44  at32f435_437_crm.o(i.crm_flag_get)
    crm_hext_stable_wait                     0x080010a1   Thumb Code    46  at32f435_437_crm.o(i.crm_hext_stable_wait)
    crm_periph_clock_enable                  0x080010d1   Thumb Code    70  at32f435_437_crm.o(i.crm_periph_clock_enable)
    crm_pll_config                           0x0800111d   Thumb Code    46  at32f435_437_crm.o(i.crm_pll_config)
    crm_reset                                0x08001151   Thumb Code   104  at32f435_437_crm.o(i.crm_reset)
    crm_sysclk_switch                        0x080011c5   Thumb Code    14  at32f435_437_crm.o(i.crm_sysclk_switch)
    crm_sysclk_switch_status_get             0x080011d9   Thumb Code    10  at32f435_437_crm.o(i.crm_sysclk_switch_status_get)
    delay_init                               0x080011e9   Thumb Code    38  at32f435_437_board.o(i.delay_init)
    dma_channel_enable                       0x08001221   Thumb Code    10  at32f435_437_dma.o(i.dma_channel_enable)
    dma_default_para_init                    0x080012c9   Thumb Code    24  at32f435_437_dma.o(i.dma_default_para_init)
    dma_flag_clear                           0x080012e1   Thumb Code    22  at32f435_437_dma.o(i.dma_flag_clear)
    dma_flag_get                             0x08001301   Thumb Code    34  at32f435_437_dma.o(i.dma_flag_get)
    dma_init                                 0x0800132d   Thumb Code    98  at32f435_437_dma.o(i.dma_init)
    dma_interrupt_enable                     0x0800138f   Thumb Code    18  at32f435_437_dma.o(i.dma_interrupt_enable)
    dma_reset                                0x080013a1   Thumb Code   102  at32f435_437_dma.o(i.dma_reset)
    dmamux_enable                            0x08001411   Thumb Code    14  at32f435_437_dma.o(i.dmamux_enable)
    dmamux_init                              0x0800141f   Thumb Code    10  at32f435_437_dma.o(i.dmamux_init)
    fputc                                    0x08001429   Thumb Code    32  at32f435_437_board.o(i.fputc)
    gpio_default_para_init                   0x080014b9   Thumb Code    20  at32f435_437_gpio.o(i.gpio_default_para_init)
    gpio_init                                0x080014cd   Thumb Code   122  at32f435_437_gpio.o(i.gpio_init)
    gpio_pin_mux_config                      0x08001547   Thumb Code    66  at32f435_437_gpio.o(i.gpio_pin_mux_config)
    main                                     0x08001589   Thumb Code   324  main.o(i.main)
    nvic_irq_enable                          0x08001825   Thumb Code   190  at32f435_437_misc.o(i.nvic_irq_enable)
    nvic_priority_group_config               0x080018ed   Thumb Code    32  at32f435_437_misc.o(i.nvic_priority_group_config)
    system_clock_config                      0x08001915   Thumb Code   144  at32f435_437_clock.o(i.system_clock_config)
    system_core_clock_update                 0x080019b1   Thumb Code   214  system_at32f435_437.o(i.system_core_clock_update)
    systick_clock_source_config              0x08001aa1   Thumb Code    40  at32f435_437_misc.o(i.systick_clock_source_config)
    tmr_base_init                            0x08001bad   Thumb Code    16  at32f435_437_tmr.o(i.tmr_base_init)
    tmr_channel_enable                       0x08001bbd   Thumb Code    96  at32f435_437_tmr.o(i.tmr_channel_enable)
    tmr_channel_value_set                    0x08001c1d   Thumb Code    46  at32f435_437_tmr.o(i.tmr_channel_value_set)
    tmr_clock_source_div_set                 0x08001c4b   Thumb Code    10  at32f435_437_tmr.o(i.tmr_clock_source_div_set)
    tmr_cnt_dir_set                          0x08001c55   Thumb Code    10  at32f435_437_tmr.o(i.tmr_cnt_dir_set)
    tmr_counter_enable                       0x08001c5f   Thumb Code    10  at32f435_437_tmr.o(i.tmr_counter_enable)
    tmr_output_channel_config                0x08001c69   Thumb Code   262  at32f435_437_tmr.o(i.tmr_output_channel_config)
    tmr_output_default_para_init             0x08001d79   Thumb Code    18  at32f435_437_tmr.o(i.tmr_output_default_para_init)
    tmr_output_enable                        0x08001d8b   Thumb Code    10  at32f435_437_tmr.o(i.tmr_output_enable)
    tmr_primary_mode_select                  0x08001d95   Thumb Code    10  at32f435_437_tmr.o(i.tmr_primary_mode_select)
    tmr_trgout2_enable                       0x08001d9f   Thumb Code    10  at32f435_437_tmr.o(i.tmr_trgout2_enable)
    uart_print_init                          0x08001da9   Thumb Code   104  at32f435_437_board.o(i.uart_print_init)
    usart_data_transmit                      0x08001e1d   Thumb Code     8  at32f435_437_usart.o(i.usart_data_transmit)
    usart_enable                             0x08001e25   Thumb Code    10  at32f435_437_usart.o(i.usart_enable)
    usart_flag_get                           0x08001e2f   Thumb Code    16  at32f435_437_usart.o(i.usart_flag_get)
    usart_init                               0x08001e41   Thumb Code   174  at32f435_437_usart.o(i.usart_init)
    usart_transmitter_enable                 0x08001f01   Thumb Code    10  at32f435_437_usart.o(i.usart_transmitter_enable)
    _fp_init                                 0x08001f0b   Thumb Code    10  fpinit.o(x$fpl$fpinit)
    __fplib_config_fpu_vfp                   0x08001f13   Thumb Code     0  fpinit.o(x$fpl$fpinit)
    __fplib_config_pureend_doubles           0x08001f13   Thumb Code     0  fpinit.o(x$fpl$fpinit)
    Region$$Table$$Base                      0x08001f78   Number         0  anon$$obj.o(Region$$Table)
    Region$$Table$$Limit                     0x08001f98   Number         0  anon$$obj.o(Region$$Table)
    dma1_trans_complete_flag                 0x20000000   Data           4  main.o(.data)
    adc1_overflow_flag                       0x20000004   Data           4  main.o(.data)
    adc2_overflow_flag                       0x20000008   Data           4  main.o(.data)
    adc3_overflow_flag                       0x2000000c   Data           4  main.o(.data)
    led_gpio_port                            0x20000010   Data          12  at32f435_437_board.o(.data)
    led_gpio_pin                             0x2000001c   Data           6  at32f435_437_board.o(.data)
    led_gpio_crm_clk                         0x20000024   Data          12  at32f435_437_board.o(.data)
    __stdout                                 0x20000038   Data           4  at32f435_437_board.o(.data)
    system_core_clock                        0x20000040   Data           4  system_at32f435_437.o(.data)
    adccom_ordinary_valuetab                 0x20000044   Data          54  main.o(.bss)
    __libspace_start                         0x2000007c   Data          96  libspace.o(.bss)
    __temporary_stack_top$libspace           0x200000dc   Data           0  libspace.o(.bss)



==============================================================================

Memory Map of the image

  Image Entry point : 0x0800020d

  Load Region LR_IROM1 (Base: 0x08000000, Size: 0x00001fdc, Max: 0x003f0000, ABSOLUTE)

    Execution Region ER_IROM1 (Exec base: 0x08000000, Load base: 0x08000000, Size: 0x00001f98, Max: 0x003f0000, ABSOLUTE)

    Exec Addr    Load Addr    Size         Type   Attr      Idx    E Section Name        Object

    0x08000000   0x08000000   0x0000020c   Data   RO         1877    RESET               startup_at32f435_437.o
    0x0800020c   0x0800020c   0x00000008   Code   RO         1942  * !!!main             c_w.l(__main.o)
    0x08000214   0x08000214   0x00000034   Code   RO         2118    !!!scatter          c_w.l(__scatter.o)
    0x08000248   0x08000248   0x0000001a   Code   RO         2120    !!handler_copy      c_w.l(__scatter_copy.o)
    0x08000262   0x08000262   0x00000002   PAD
    0x08000264   0x08000264   0x0000001c   Code   RO         2122    !!handler_zi        c_w.l(__scatter_zi.o)
    0x08000280   0x08000280   0x00000000   Code   RO         1939    .ARM.Collect$$_printf_percent$$00000000  c_w.l(_printf_percent.o)
    0x08000280   0x08000280   0x00000006   Code   RO         1938    .ARM.Collect$$_printf_percent$$00000009  c_w.l(_printf_d.o)
    0x08000286   0x08000286   0x00000006   Code   RO         1937    .ARM.Collect$$_printf_percent$$0000000C  c_w.l(_printf_x.o)
    0x0800028c   0x0800028c   0x00000004   Code   RO         1955    .ARM.Collect$$_printf_percent$$00000017  c_w.l(_printf_percent_end.o)
    0x08000290   0x08000290   0x00000002   Code   RO         1994    .ARM.Collect$$libinit$$00000000  c_w.l(libinit.o)
    0x08000292   0x08000292   0x00000004   Code   RO         2006    .ARM.Collect$$libinit$$00000001  c_w.l(libinit2.o)
    0x08000296   0x08000296   0x00000000   Code   RO         2009    .ARM.Collect$$libinit$$00000004  c_w.l(libinit2.o)
    0x08000296   0x08000296   0x00000000   Code   RO         2012    .ARM.Collect$$libinit$$0000000A  c_w.l(libinit2.o)
    0x08000296   0x08000296   0x00000000   Code   RO         2014    .ARM.Collect$$libinit$$0000000C  c_w.l(libinit2.o)
    0x08000296   0x08000296   0x00000000   Code   RO         2016    .ARM.Collect$$libinit$$0000000E  c_w.l(libinit2.o)
    0x08000296   0x08000296   0x00000000   Code   RO         2019    .ARM.Collect$$libinit$$00000011  c_w.l(libinit2.o)
    0x08000296   0x08000296   0x00000000   Code   RO         2021    .ARM.Collect$$libinit$$00000013  c_w.l(libinit2.o)
    0x08000296   0x08000296   0x00000000   Code   RO         2023    .ARM.Collect$$libinit$$00000015  c_w.l(libinit2.o)
    0x08000296   0x08000296   0x00000000   Code   RO         2025    .ARM.Collect$$libinit$$00000017  c_w.l(libinit2.o)
    0x08000296   0x08000296   0x00000000   Code   RO         2027    .ARM.Collect$$libinit$$00000019  c_w.l(libinit2.o)
    0x08000296   0x08000296   0x00000000   Code   RO         2029    .ARM.Collect$$libinit$$0000001B  c_w.l(libinit2.o)
    0x08000296   0x08000296   0x00000000   Code   RO         2031    .ARM.Collect$$libinit$$0000001D  c_w.l(libinit2.o)
    0x08000296   0x08000296   0x00000000   Code   RO         2033    .ARM.Collect$$libinit$$0000001F  c_w.l(libinit2.o)
    0x08000296   0x08000296   0x00000000   Code   RO         2035    .ARM.Collect$$libinit$$00000021  c_w.l(libinit2.o)
    0x08000296   0x08000296   0x00000000   Code   RO         2037    .ARM.Collect$$libinit$$00000023  c_w.l(libinit2.o)
    0x08000296   0x08000296   0x00000000   Code   RO         2039    .ARM.Collect$$libinit$$00000025  c_w.l(libinit2.o)
    0x08000296   0x08000296   0x00000000   Code   RO         2043    .ARM.Collect$$libinit$$0000002C  c_w.l(libinit2.o)
    0x08000296   0x08000296   0x00000000   Code   RO         2045    .ARM.Collect$$libinit$$0000002E  c_w.l(libinit2.o)
    0x08000296   0x08000296   0x00000000   Code   RO         2047    .ARM.Collect$$libinit$$00000030  c_w.l(libinit2.o)
    0x08000296   0x08000296   0x00000000   Code   RO         2049    .ARM.Collect$$libinit$$00000032  c_w.l(libinit2.o)
    0x08000296   0x08000296   0x00000002   Code   RO         2050    .ARM.Collect$$libinit$$00000033  c_w.l(libinit2.o)
    0x08000298   0x08000298   0x00000002   Code   RO         2074    .ARM.Collect$$libshutdown$$00000000  c_w.l(libshutdown.o)
    0x0800029a   0x0800029a   0x00000000   Code   RO         2100    .ARM.Collect$$libshutdown$$00000002  c_w.l(libshutdown2.o)
    0x0800029a   0x0800029a   0x00000000   Code   RO         2102    .ARM.Collect$$libshutdown$$00000004  c_w.l(libshutdown2.o)
    0x0800029a   0x0800029a   0x00000000   Code   RO         2105    .ARM.Collect$$libshutdown$$00000007  c_w.l(libshutdown2.o)
    0x0800029a   0x0800029a   0x00000000   Code   RO         2108    .ARM.Collect$$libshutdown$$0000000A  c_w.l(libshutdown2.o)
    0x0800029a   0x0800029a   0x00000000   Code   RO         2110    .ARM.Collect$$libshutdown$$0000000C  c_w.l(libshutdown2.o)
    0x0800029a   0x0800029a   0x00000000   Code   RO         2113    .ARM.Collect$$libshutdown$$0000000F  c_w.l(libshutdown2.o)
    0x0800029a   0x0800029a   0x00000002   Code   RO         2114    .ARM.Collect$$libshutdown$$00000010  c_w.l(libshutdown2.o)
    0x0800029c   0x0800029c   0x00000000   Code   RO         1946    .ARM.Collect$$rtentry$$00000000  c_w.l(__rtentry.o)
    0x0800029c   0x0800029c   0x00000000   Code   RO         1957    .ARM.Collect$$rtentry$$00000002  c_w.l(__rtentry2.o)
    0x0800029c   0x0800029c   0x00000006   Code   RO         1969    .ARM.Collect$$rtentry$$00000004  c_w.l(__rtentry4.o)
    0x080002a2   0x080002a2   0x00000000   Code   RO         1959    .ARM.Collect$$rtentry$$00000009  c_w.l(__rtentry2.o)
    0x080002a2   0x080002a2   0x00000004   Code   RO         1960    .ARM.Collect$$rtentry$$0000000A  c_w.l(__rtentry2.o)
    0x080002a6   0x080002a6   0x00000000   Code   RO         1962    .ARM.Collect$$rtentry$$0000000C  c_w.l(__rtentry2.o)
    0x080002a6   0x080002a6   0x00000008   Code   RO         1963    .ARM.Collect$$rtentry$$0000000D  c_w.l(__rtentry2.o)
    0x080002ae   0x080002ae   0x00000002   Code   RO         1998    .ARM.Collect$$rtexit$$00000000  c_w.l(rtexit.o)
    0x080002b0   0x080002b0   0x00000000   Code   RO         2052    .ARM.Collect$$rtexit$$00000002  c_w.l(rtexit2.o)
    0x080002b0   0x080002b0   0x00000004   Code   RO         2053    .ARM.Collect$$rtexit$$00000003  c_w.l(rtexit2.o)
    0x080002b4   0x080002b4   0x00000006   Code   RO         2054    .ARM.Collect$$rtexit$$00000004  c_w.l(rtexit2.o)
    0x080002ba   0x080002ba   0x00000002   PAD
    0x080002bc   0x080002bc   0x00000040   Code   RO         1878    .text               startup_at32f435_437.o
    0x080002fc   0x080002fc   0x00000002   Code   RO         1884    .text               c_w.l(use_no_semi_2.o)
    0x080002fe   0x080002fe   0x000000ee   Code   RO         1886    .text               c_w.l(lludivv7m.o)
    0x080003ec   0x080003ec   0x00000018   Code   RO         1890    .text               c_w.l(noretval__2printf.o)
    0x08000404   0x08000404   0x00000068   Code   RO         1892    .text               c_w.l(__printf.o)
    0x0800046c   0x0800046c   0x00000078   Code   RO         1894    .text               c_w.l(_printf_dec.o)
    0x080004e4   0x080004e4   0x00000058   Code   RO         1899    .text               c_w.l(_printf_hex_int.o)
    0x0800053c   0x0800053c   0x00000006   Code   RO         1940    .text               c_w.l(heapauxi.o)
    0x08000542   0x08000542   0x00000002   Code   RO         1944    .text               c_w.l(use_no_semi.o)
    0x08000544   0x08000544   0x000000b2   Code   RO         1951    .text               c_w.l(_printf_intcommon.o)
    0x080005f6   0x080005f6   0x00000002   PAD
    0x080005f8   0x080005f8   0x00000024   Code   RO         1953    .text               c_w.l(_printf_char_file.o)
    0x0800061c   0x0800061c   0x00000030   Code   RO         1973    .text               c_w.l(_printf_char_common.o)
    0x0800064c   0x0800064c   0x00000008   Code   RO         1975    .text               c_w.l(ferror.o)
    0x08000654   0x08000654   0x0000004a   Code   RO         1979    .text               c_w.l(sys_stackheap_outer.o)
    0x0800069e   0x0800069e   0x00000012   Code   RO         1983    .text               c_w.l(exit.o)
    0x080006b0   0x080006b0   0x00000008   Code   RO         1995    .text               c_w.l(libspace.o)
    0x080006b8   0x080006b8   0x00000070   Code   RO          150    i.ADC1_2_3_IRQHandler  at32f435_437_int.o
    0x08000728   0x08000728   0x00000004   Code   RO          151    i.BusFault_Handler  at32f435_437_int.o
    0x0800072c   0x0800072c   0x0000001c   Code   RO          152    i.DMA1_Channel1_IRQHandler  at32f435_437_int.o
    0x08000748   0x08000748   0x00000002   Code   RO          153    i.DebugMon_Handler  at32f435_437_int.o
    0x0800074a   0x0800074a   0x00000004   Code   RO          154    i.HardFault_Handler  at32f435_437_int.o
    0x0800074e   0x0800074e   0x00000004   Code   RO          155    i.MemManage_Handler  at32f435_437_int.o
    0x08000752   0x08000752   0x00000002   Code   RO          156    i.NMI_Handler       at32f435_437_int.o
    0x08000754   0x08000754   0x00000002   Code   RO          157    i.PendSV_Handler    at32f435_437_int.o
    0x08000756   0x08000756   0x00000002   Code   RO          158    i.SVC_Handler       at32f435_437_int.o
    0x08000758   0x08000758   0x00000002   Code   RO          159    i.SysTick_Handler   at32f435_437_int.o
    0x0800075a   0x0800075a   0x00000002   PAD
    0x0800075c   0x0800075c   0x00000090   Code   RO         1841    i.SystemInit        system_at32f435_437.o
    0x080007ec   0x080007ec   0x00000004   Code   RO          160    i.UsageFault_Handler  at32f435_437_int.o
    0x080007f0   0x080007f0   0x00000004   Code   RO          293    i._sys_exit         at32f435_437_board.o
    0x080007f4   0x080007f4   0x0000002c   Code   RO          959    i.adc_base_config   at32f435_437_adc.o
    0x08000820   0x08000820   0x0000000e   Code   RO          960    i.adc_base_default_para_init  at32f435_437_adc.o
    0x0800082e   0x0800082e   0x0000000c   Code   RO          961    i.adc_calibration_init  at32f435_437_adc.o
    0x0800083a   0x0800083a   0x00000012   Code   RO          962    i.adc_calibration_init_status_get  at32f435_437_adc.o
    0x0800084c   0x0800084c   0x0000000c   Code   RO          963    i.adc_calibration_start  at32f435_437_adc.o
    0x08000858   0x08000858   0x00000012   Code   RO          964    i.adc_calibration_status_get  at32f435_437_adc.o
    0x0800086a   0x0800086a   0x00000002   PAD
    0x0800086c   0x0800086c   0x000000a4   Code   RO          967    i.adc_common_config  at32f435_437_adc.o
    0x08000910   0x08000910   0x00000012   Code   RO          968    i.adc_common_default_para_init  at32f435_437_adc.o
    0x08000922   0x08000922   0x00000002   PAD
    0x08000924   0x08000924   0x0000023c   Code   RO          238    i.adc_config        main.o
    0x08000b60   0x08000b60   0x0000000a   Code   RO          971    i.adc_dma_mode_enable  at32f435_437_adc.o
    0x08000b6a   0x08000b6a   0x0000000a   Code   RO          972    i.adc_dma_request_repeat_enable  at32f435_437_adc.o
    0x08000b74   0x08000b74   0x0000000a   Code   RO          973    i.adc_enable        at32f435_437_adc.o
    0x08000b7e   0x08000b7e   0x00000006   Code   RO          974    i.adc_flag_clear    at32f435_437_adc.o
    0x08000b84   0x08000b84   0x00000010   Code   RO          975    i.adc_flag_get      at32f435_437_adc.o
    0x08000b94   0x08000b94   0x00000016   Code   RO          976    i.adc_interrupt_enable  at32f435_437_adc.o
    0x08000baa   0x08000baa   0x000001a0   Code   RO          978    i.adc_ordinary_channel_set  at32f435_437_adc.o
    0x08000d4a   0x08000d4a   0x00000034   Code   RO          980    i.adc_ordinary_conversion_trigger_set  at32f435_437_adc.o
    0x08000d7e   0x08000d7e   0x0000000a   Code   RO         1000    i.adc_resolution_set  at32f435_437_adc.o
    0x08000d88   0x08000d88   0x00000030   Code   RO          295    i.at32_board_init   at32f435_437_board.o
    0x08000db8   0x08000db8   0x0000003c   Code   RO          296    i.at32_button_init  at32f435_437_board.o
    0x08000df4   0x08000df4   0x00000050   Code   RO          299    i.at32_led_init     at32f435_437_board.o
    0x08000e44   0x08000e44   0x00000028   Code   RO          300    i.at32_led_off      at32f435_437_board.o
    0x08000e6c   0x08000e6c   0x00000028   Code   RO          301    i.at32_led_on       at32f435_437_board.o
    0x08000e94   0x08000e94   0x00000014   Code   RO          580    i.crm_ahb_div_set   at32f435_437_crm.o
    0x08000ea8   0x08000ea8   0x00000014   Code   RO          581    i.crm_apb1_div_set  at32f435_437_crm.o
    0x08000ebc   0x08000ebc   0x00000014   Code   RO          582    i.crm_apb2_div_set  at32f435_437_crm.o
    0x08000ed0   0x08000ed0   0x00000028   Code   RO          583    i.crm_auto_step_mode_enable  at32f435_437_crm.o
    0x08000ef8   0x08000ef8   0x00000068   Code   RO          590    i.crm_clock_source_enable  at32f435_437_crm.o
    0x08000f60   0x08000f60   0x00000110   Code   RO          591    i.crm_clocks_freq_get  at32f435_437_crm.o
    0x08001070   0x08001070   0x00000030   Code   RO          596    i.crm_flag_get      at32f435_437_crm.o
    0x080010a0   0x080010a0   0x0000002e   Code   RO          598    i.crm_hext_stable_wait  at32f435_437_crm.o
    0x080010ce   0x080010ce   0x00000002   PAD
    0x080010d0   0x080010d0   0x0000004c   Code   RO          605    i.crm_periph_clock_enable  at32f435_437_crm.o
    0x0800111c   0x0800111c   0x00000034   Code   RO          608    i.crm_pll_config    at32f435_437_crm.o
    0x08001150   0x08001150   0x00000074   Code   RO          610    i.crm_reset         at32f435_437_crm.o
    0x080011c4   0x080011c4   0x00000014   Code   RO          611    i.crm_sysclk_switch  at32f435_437_crm.o
    0x080011d8   0x080011d8   0x00000010   Code   RO          612    i.crm_sysclk_switch_status_get  at32f435_437_crm.o
    0x080011e8   0x080011e8   0x00000038   Code   RO          303    i.delay_init        at32f435_437_board.o
    0x08001220   0x08001220   0x0000000a   Code   RO          809    i.dma_channel_enable  at32f435_437_dma.o
    0x0800122a   0x0800122a   0x00000002   PAD
    0x0800122c   0x0800122c   0x0000009c   Code   RO          239    i.dma_config        main.o
    0x080012c8   0x080012c8   0x00000018   Code   RO          812    i.dma_default_para_init  at32f435_437_dma.o
    0x080012e0   0x080012e0   0x00000020   Code   RO          813    i.dma_flag_clear    at32f435_437_dma.o
    0x08001300   0x08001300   0x0000002c   Code   RO          814    i.dma_flag_get      at32f435_437_dma.o
    0x0800132c   0x0800132c   0x00000062   Code   RO          816    i.dma_init          at32f435_437_dma.o
    0x0800138e   0x0800138e   0x00000012   Code   RO          817    i.dma_interrupt_enable  at32f435_437_dma.o
    0x080013a0   0x080013a0   0x00000070   Code   RO          818    i.dma_reset         at32f435_437_dma.o
    0x08001410   0x08001410   0x0000000e   Code   RO          819    i.dmamux_enable     at32f435_437_dma.o
    0x0800141e   0x0800141e   0x0000000a   Code   RO          825    i.dmamux_init       at32f435_437_dma.o
    0x08001428   0x08001428   0x00000024   Code   RO          307    i.fputc             at32f435_437_board.o
    0x0800144c   0x0800144c   0x0000006c   Code   RO          240    i.gpio_config       main.o
    0x080014b8   0x080014b8   0x00000014   Code   RO          417    i.gpio_default_para_init  at32f435_437_gpio.o
    0x080014cc   0x080014cc   0x0000007a   Code   RO          418    i.gpio_init         at32f435_437_gpio.o
    0x08001546   0x08001546   0x00000042   Code   RO          423    i.gpio_pin_mux_config  at32f435_437_gpio.o
    0x08001588   0x08001588   0x0000029c   Code   RO          241    i.main              main.o
    0x08001824   0x08001824   0x000000c8   Code   RO          517    i.nvic_irq_enable   at32f435_437_misc.o
    0x080018ec   0x080018ec   0x00000028   Code   RO          519    i.nvic_priority_group_config  at32f435_437_misc.o
    0x08001914   0x08001914   0x0000009c   Code   RO            4    i.system_clock_config  at32f435_437_clock.o
    0x080019b0   0x080019b0   0x000000f0   Code   RO         1842    i.system_core_clock_update  system_at32f435_437.o
    0x08001aa0   0x08001aa0   0x00000028   Code   RO          522    i.systick_clock_source_config  at32f435_437_misc.o
    0x08001ac8   0x08001ac8   0x000000e4   Code   RO          242    i.tmr1_config       main.o
    0x08001bac   0x08001bac   0x00000010   Code   RO         1476    i.tmr_base_init     at32f435_437_tmr.o
    0x08001bbc   0x08001bbc   0x00000060   Code   RO         1482    i.tmr_channel_enable  at32f435_437_tmr.o
    0x08001c1c   0x08001c1c   0x0000002e   Code   RO         1484    i.tmr_channel_value_set  at32f435_437_tmr.o
    0x08001c4a   0x08001c4a   0x0000000a   Code   RO         1485    i.tmr_clock_source_div_set  at32f435_437_tmr.o
    0x08001c54   0x08001c54   0x0000000a   Code   RO         1486    i.tmr_cnt_dir_set   at32f435_437_tmr.o
    0x08001c5e   0x08001c5e   0x0000000a   Code   RO         1487    i.tmr_counter_enable  at32f435_437_tmr.o
    0x08001c68   0x08001c68   0x00000110   Code   RO         1512    i.tmr_output_channel_config  at32f435_437_tmr.o
    0x08001d78   0x08001d78   0x00000012   Code   RO         1518    i.tmr_output_default_para_init  at32f435_437_tmr.o
    0x08001d8a   0x08001d8a   0x0000000a   Code   RO         1519    i.tmr_output_enable  at32f435_437_tmr.o
    0x08001d94   0x08001d94   0x0000000a   Code   RO         1525    i.tmr_primary_mode_select  at32f435_437_tmr.o
    0x08001d9e   0x08001d9e   0x0000000a   Code   RO         1531    i.tmr_trgout2_enable  at32f435_437_tmr.o
    0x08001da8   0x08001da8   0x00000074   Code   RO          308    i.uart_print_init   at32f435_437_board.o
    0x08001e1c   0x08001e1c   0x00000008   Code   RO         1258    i.usart_data_transmit  at32f435_437_usart.o
    0x08001e24   0x08001e24   0x0000000a   Code   RO         1262    i.usart_enable      at32f435_437_usart.o
    0x08001e2e   0x08001e2e   0x00000010   Code   RO         1264    i.usart_flag_get    at32f435_437_usart.o
    0x08001e3e   0x08001e3e   0x00000002   PAD
    0x08001e40   0x08001e40   0x000000c0   Code   RO         1267    i.usart_init        at32f435_437_usart.o
    0x08001f00   0x08001f00   0x0000000a   Code   RO         1284    i.usart_transmitter_enable  at32f435_437_usart.o
    0x08001f0a   0x08001f0a   0x0000000a   Code   RO         2064    x$fpl$fpinit        fz_wm.l(fpinit.o)
    0x08001f14   0x08001f14   0x00000026   Data   RO          615    .constdata          at32f435_437_crm.o
    0x08001f3a   0x08001f3a   0x00000016   Data   RO         1843    .constdata          system_at32f435_437.o
    0x08001f50   0x08001f50   0x00000028   Data   RO         1900    .constdata          c_w.l(_printf_hex_int.o)
    0x08001f78   0x08001f78   0x00000020   Data   RO         2116    Region$$Table       anon$$obj.o


    Execution Region RW_IRAM1 (Exec base: 0x20000000, Load base: 0x08001f98, Size: 0x000006e0, Max: 0x00060000, ABSOLUTE)

    Exec Addr    Load Addr    Size         Type   Attr      Idx    E Section Name        Object

    0x20000000   0x08001f98   0x00000010   Data   RW          244    .data               main.o
    0x20000010   0x08001fa8   0x0000002d   Data   RW          309    .data               at32f435_437_board.o
    0x2000003d   0x08001fd5   0x00000003   PAD
    0x20000040   0x08001fd8   0x00000004   Data   RW         1844    .data               system_at32f435_437.o
    0x20000044        -       0x00000036   Zero   RW          243    .bss                main.o
    0x2000007a   0x08001fdc   0x00000002   PAD
    0x2000007c        -       0x00000060   Zero   RW         1996    .bss                c_w.l(libspace.o)
    0x200000dc   0x08001fdc   0x00000004   PAD
    0x200000e0        -       0x00000200   Zero   RW         1876    HEAP                startup_at32f435_437.o
    0x200002e0        -       0x00000400   Zero   RW         1875    STACK               startup_at32f435_437.o


==============================================================================

Image component sizes


      Code (inc. data)   RO Data    RW Data    ZI Data      Debug   Object Name

       852         48          0          0          0      13188   at32f435_437_adc.o
       480         68          0         45          0       9239   at32f435_437_board.o
       156         12          0          0          0      81198   at32f435_437_clock.o
       850        106         38          0          0      10244   at32f435_437_crm.o
       362         30          0          0          0       7045   at32f435_437_dma.o
       208          0          0          0          0       2903   at32f435_437_gpio.o
       166         28          0          0          0       6303   at32f435_437_int.o
       280         18          0          0          0      33164   at32f435_437_misc.o
       508         34          0          0          0       8937   at32f435_437_tmr.o
       236         18          0          0          0       4402   at32f435_437_usart.o
      1732        406          0         16         54       5956   main.o
        64         26        524          0       1536       1044   startup_at32f435_437.o
       384         44         22          4          0       2724   system_at32f435_437.o

    ----------------------------------------------------------------------
      6290        838        616         68       1592     186347   Object Totals
         0          0         32          0          0          0   (incl. Generated)
        12          0          0          3          2          0   (incl. Padding)

    ----------------------------------------------------------------------

      Code (inc. data)   RO Data    RW Data    ZI Data      Debug   Library Member Name

         8          0          0          0          0         68   __main.o
       104          0          0          0          0         84   __printf.o
         0          0          0          0          0          0   __rtentry.o
        12          0          0          0          0          0   __rtentry2.o
         6          0          0          0          0          0   __rtentry4.o
        52          8          0          0          0          0   __scatter.o
        26          0          0          0          0          0   __scatter_copy.o
        28          0          0          0          0          0   __scatter_zi.o
        48          6          0          0          0         96   _printf_char_common.o
        36          4          0          0          0         80   _printf_char_file.o
         6          0          0          0          0          0   _printf_d.o
       120         16          0          0          0         92   _printf_dec.o
        88          4         40          0          0         88   _printf_hex_int.o
       178          0          0          0          0         88   _printf_intcommon.o
         0          0          0          0          0          0   _printf_percent.o
         4          0          0          0          0          0   _printf_percent_end.o
         6          0          0          0          0          0   _printf_x.o
        18          0          0          0          0         80   exit.o
         8          0          0          0          0         68   ferror.o
         6          0          0          0          0        152   heapauxi.o
         2          0          0          0          0          0   libinit.o
         6          0          0          0          0          0   libinit2.o
         2          0          0          0          0          0   libshutdown.o
         2          0          0          0          0          0   libshutdown2.o
         8          4          0          0         96         68   libspace.o
       238          0          0          0          0        100   lludivv7m.o
        24          4          0          0          0         84   noretval__2printf.o
         2          0          0          0          0          0   rtexit.o
        10          0          0          0          0          0   rtexit2.o
        74          0          0          0          0         80   sys_stackheap_outer.o
         2          0          0          0          0         68   use_no_semi.o
         2          0          0          0          0         68   use_no_semi_2.o
        10          0          0          0          0        116   fpinit.o

    ----------------------------------------------------------------------
      1142         46         40          0        100       1480   Library Totals
         6          0          0          0          4          0   (incl. Padding)

    ----------------------------------------------------------------------

      Code (inc. data)   RO Data    RW Data    ZI Data      Debug   Library Name

      1126         46         40          0         96       1364   c_w.l
        10          0          0          0          0        116   fz_wm.l

    ----------------------------------------------------------------------
      1142         46         40          0        100       1480   Library Totals

    ----------------------------------------------------------------------

==============================================================================


      Code (inc. data)   RO Data    RW Data    ZI Data      Debug   

      7432        884        656         68       1692     178903   Grand Totals
      7432        884        656         68       1692     178903   ELF Image Totals
      7432        884        656         68          0          0   ROM Totals

==============================================================================

    Total RO  Size (Code + RO Data)                 8088 (   7.90kB)
    Total RW  Size (RW Data + ZI Data)              1760 (   1.72kB)
    Total ROM Size (Code + RO Data + RW Data)       8156 (   7.96kB)

==============================================================================

